     VMA      LMA     Size Align Out     In      Symbol
       0        0        0     1 RAM_START = 0x1ffe0000
       0        0        0     1 RAM_LENGTH = 0x00060000
       0        0        0     1 FLASH_START = 0x00000440
       0        0        0     1 FLASH_LENGTH = 0x000ffbc0
       0        0        0     1 DATA_FLASH_START = 0x40100000
       0        0        0     1 DATA_FLASH_LENGTH = 0x00008000
       0        0        0     1 QSPI_FLASH_START = 0x60000000
       0        0        0     1 QSPI_FLASH_LENGTH = 0x04000000
       0        0        0     1 SDRAM_START = 0x90000000
       0        0        0     1 SDRAM_LENGTH = 0x08000000
       0        0        0     1 OPTION_SETTING_OFS0_START = 0x00000400
       0        0        0     1 OPTION_SETTING_OFS0_LENGTH = 0x00000004
       0        0        0     1 OPTION_SETTING_OFS1_START = 0x00000404
       0        0        0     1 OPTION_SETTING_OFS1_LENGTH = 0x00000004
       0        0        0     1 OPTION_SETTING_SECMPU_START = 0x00000408
       0        0        0     1 OPTION_SETTING_SECMPU_LENGTH = 0x00000034
       0        0        0     1 OPTION_SETTING_OSIS_START = 0x0100a150
       0        0        0     1 OPTION_SETTING_OSIS_LENGTH = 0x00000010
       0        0        0     1 FLASH_GAP_START = 0x00000000
       0        0        0     1 FLASH_GAP_LENGTH = 0x00000400
60000000 60000000        0     1 .qspi_flash.startof
60000000 60000000        0     1         __ddsc_QSPI_FLASH_START = .
90000000 90000000        0     1 .sdram.startof
90000000 90000000        0     1         __ddsc_SDRAM_START = .
90000000 90000000        0     1 __sdram_from_qspi_flash$$
90000000 90000000        0     1         __sdram_from_qspi_flash$$Base = .
90000000 90000000        0     1         __sdram_from_qspi_flash$$Load = LOADADDR(__sdram_from_qspi_flash$$)
90000000 90000000        0     1         __sdram_from_qspi_flash$$Limit = .
1ffe0000 1ffe0000        0     1 .ram.startof
1ffe0000 1ffe0000        0     1         __ddsc_RAM_START = .
1ffe0000 1ffe0000        0     1 __ram_dtc_vector$$
1ffe0000 1ffe0000        0     1         __ram_dtc_vector$$Base = .
1ffe0000 1ffe0000        0     1         __ram_dtc_vector$$Limit = .
1ffe0000 1ffe0000        0     1 __ram_from_qspi_flash$$
1ffe0000 1ffe0000        0     1         __ram_from_qspi_flash$$Base = .
1ffe0000 1ffe0000        0     1         __ram_from_qspi_flash$$Load = LOADADDR(__ram_from_qspi_flash$$)
1ffe0000 1ffe0000        0     1         __ram_from_qspi_flash$$Limit = .
60000000 60000000        0     1 __qspi_flash_readonly$$
60000000 60000000        0     1         __qspi_flash_readonly$$Base = .
60000000 60000000        0     1         __qspi_flash_readonly$$Limit = .
60000000 60000000        0     1 __qspi_flash_noinit$$
60000000 60000000        0     1         __qspi_flash_noinit$$Base = .
60000000 60000000        0     1         __qspi_flash_noinit$$Limit = .
60000000 60000000        0     1 .qspi_flash.endof
60000000 60000000        0     1         __ddsc_QSPI_FLASH_END = .
40100000 40100000        0     1 .data_flash.startof
40100000 40100000        0     1         __ddsc_DATA_FLASH_START = .
90000000 90000000        0     1 __sdram_from_data_flash$$
90000000 90000000        0     1         __sdram_from_data_flash$$Base = .
90000000 90000000        0     1         __sdram_from_data_flash$$Load = LOADADDR(__sdram_from_data_flash$$)
90000000 90000000        0     1         __sdram_from_data_flash$$Limit = .
1ffe0000 1ffe0000        0     1 __ram_from_data_flash$$
1ffe0000 1ffe0000        0     1         __ram_from_data_flash$$Base = .
1ffe0000 1ffe0000        0     1         __ram_from_data_flash$$Load = LOADADDR(__ram_from_data_flash$$)
1ffe0000 1ffe0000        0     1         __ram_from_data_flash$$Limit = .
40100000 40100000        0     1 __data_flash_readonly$$
40100000 40100000        0     1         __data_flash_readonly$$Base = .
40100000 40100000        0     1         __data_flash_readonly$$Limit = .
40100000 40100000        0     1 __data_flash_noinit$$
40100000 40100000        0     1         __data_flash_noinit$$Base = .
40100000 40100000        0     1         __data_flash_noinit$$Limit = .
40100000 40100000        0     1 .data_flash.endof
40100000 40100000        0     1         __ddsc_DATA_FLASH_END = .
       0        0        0     1 .flash.startof
       0        0        0     1         __ddsc_FLASH_START = .
       0        0       44     4 __flash_vectors$$
       0        0        0     1         __flash_vectors$$Base = .
       0        0        0     1         _VECTORS = .
       0        0       40     4         ./ra/fsp/src/bsp/cmsis/Device/RENESAS/Source/startup.o:(.fixed_vectors)
       0        0       40     1                 __Vectors
      40       40        4     4         ./ra_gen/vector_data.o:(.application_vectors)
      40       40        4     1                 g_vector_table
      44       44        0     1         __flash_vectors$$Limit = .
      44       44       a4     4 __flash_readonly_gap$$
      44       44        0     1         __flash_readonly_gap$$Base = .
      44       44       10     4         ./ra/fsp/src/bsp/mcu/ra6m2/bsp_linker.o:(.rodata.g_init_info)
      44       44       10     1                 g_init_info
      54       54       24     4         ./ra/fsp/src/bsp/mcu/ra6m2/bsp_linker.o:(.rodata.zero_list)
      54       54       24     1                 zero_list
      78       78       70     4         ./ra/fsp/src/bsp/mcu/ra6m2/bsp_linker.o:(.rodata.copy_list)
      78       78       70     1                 copy_list
      e8       e8        0     1         __flash_readonly_gap$$Limit = .
     440      440        0     1 __flash_noinit$$
     440      440        0     1         __flash_noinit$$Base = .
     440      440        0     1         __flash_noinit$$Limit = .
90000000 90000000        0     1 __sdram_from_flash$$
90000000 90000000        0     1         __sdram_from_flash$$Base = .
90000000 90000000        0     1         __sdram_from_flash$$Load = LOADADDR(__sdram_from_flash$$)
90000000 90000000        0     1         __sdram_from_flash$$Limit = .
90000000 90000000        0     1 __sdram_noinit$$
90000000 90000000        0     1         __sdram_noinit$$Base = .
90000000 90000000        0     1         __sdram_noinit$$Limit = .
90000000 90000000        0     1 __sdram_zero$$
90000000 90000000        0     1         __sdram_zero$$Base = .
90000000 90000000        0     1         __sdram_zero$$Limit = .
90000000 90000000        0     1 .sdram.endof
90000000 90000000        0     1         __ddsc_SDRAM_END = .
1ffe0000      440       38     4 __ram_from_flash$$
1ffe0000      440        0     1         __ram_from_flash$$Base = .
1ffe0000      440        0     1         __ram_from_flash$$Load = LOADADDR(__ram_from_flash$$)
1ffe0000      440        6     1         ./ra_gen/common_data.o:(.data.g_ether0_mac_address)
1ffe0000      440        6     1                 g_ether0_mac_address
1ffe0008      448        8     4         ./ra_gen/common_data.o:(.data.pp_g_ether0_ether_buffers)
1ffe0008      448        8     1                 pp_g_ether0_ether_buffers
1ffe0010      450        8     4         ./ra_gen/common_data.o:(.data.g_freertos_plus_tcp0)
1ffe0010      450        8     1                 g_freertos_plus_tcp0
1ffe0018      458        4     4         ./ra_gen/common_data.o:(.data.gp_freertos_plus_tcp_instance)
1ffe0018      458        4     1                 gp_freertos_plus_tcp_instance
1ffe001c      45c       18     4         ./ra_gen/common_data.o:(.data.g_freertos_plus_tcp0_cfg)
1ffe001c      45c       18     1                 g_freertos_plus_tcp0_cfg
1ffe0034      474        4     4         ./ra/aws/FreeRTOS/FreeRTOS-Plus/Source/FreeRTOS-Plus-TCP/source/FreeRTOS_ARP.o:(.data.eARPProcessPacket.uxARPClashTimeoutPeriod)
1ffe0034      474        4     1                 eARPProcessPacket.uxARPClashTimeoutPeriod
1ffe0038      478        0     1         __ram_from_flash$$Limit = .
1ffe0038 1ffe0038      418     8 __ram_noinit$$
1ffe0038 1ffe0038        0     1         __ram_noinit$$Base = .
1ffe0038 1ffe0038      400     8         ./ra/fsp/src/bsp/cmsis/Device/RENESAS/Source/startup.o:(.bss.g_main_stack)
1ffe0038 1ffe0038      400     1                 g_main_stack
1ffe0438 1ffe0438       18     4         ./ra/fsp/src/bsp/mcu/all/bsp_clocks.o:(.ram_noinit)
1ffe0438 1ffe0438       18     1                 g_clock_freq
1ffe0450 1ffe0450        0     1         __ram_noinit$$Limit = .
1ffe0460 1ffe0460     ae90    32 __ram_zero$$
1ffe0460 1ffe0460        0     1         __ram_zero$$Base = .
1ffe0460 1ffe0460        1     1         ./src/net_thread_entry.o:(.bss.network_up)
1ffe0460 1ffe0460        1     1                 network_up
1ffe0464 1ffe0464        4     4         ./src/net_thread_entry.o:(.bss.xSocket)
1ffe0464 1ffe0464        4     1                 xSocket
1ffe0468 1ffe0468       18     4         ./src/net_thread_entry.o:(.bss.xBindAddress)
1ffe0468 1ffe0468       18     1                 xBindAddress
1ffe0480 1ffe0480        4     4         ./src/net_thread_entry.o:(.bss.xClientAddressLength)
1ffe0480 1ffe0480        4     1                 xClientAddressLength
1ffe0484 1ffe0484       18     4         ./src/net_thread_entry.o:(.bss.xClientAddress)
1ffe0484 1ffe0484       18     1                 xClientAddress
1ffe049c 1ffe049c        4     4         ./src/net_thread_entry.o:(.bss.xClientSocket)
1ffe049c 1ffe049c        4     1                 xClientSocket
1ffe04a0 1ffe04a0       14     4         ./ra_gen/common_data.o:(.bss.g_ether_phy0_ctrl)
1ffe04a0 1ffe04a0       14     1                 g_ether_phy0_ctrl
1ffe04c0 1ffe04c0      600    32         ./ra_gen/common_data.o:(.bss.g_ether0_ether_buffer0)
1ffe04c0 1ffe04c0      600     1                 g_ether0_ether_buffer0
1ffe0ac0 1ffe0ac0      600    32         ./ra_gen/common_data.o:(.bss.g_ether0_ether_buffer1)
1ffe0ac0 1ffe0ac0      600     1                 g_ether0_ether_buffer1
1ffe10c0 1ffe10c0       10    16         ./ra_gen/common_data.o:(.bss.g_ether0_rx_descriptors)
1ffe10c0 1ffe10c0       10     1                 g_ether0_rx_descriptors
1ffe10d0 1ffe10d0       10    16         ./ra_gen/common_data.o:(.bss.g_ether0_tx_descriptors)
1ffe10d0 1ffe10d0       10     1                 g_ether0_tx_descriptors
1ffe10e0 1ffe10e0       28     4         ./ra_gen/common_data.o:(.bss.g_ether0_ctrl)
1ffe10e0 1ffe10e0       28     1                 g_ether0_ctrl
1ffe1108 1ffe1108       10     4         ./ra_gen/common_data.o:(.bss.g_freertos_plus_tcp0_ctrl)
1ffe1108 1ffe1108       10     1                 g_freertos_plus_tcp0_ctrl
1ffe1118 1ffe1118        8     4         ./ra_gen/common_data.o:(.bss.g_ioport_ctrl)
1ffe1118 1ffe1118        8     1                 g_ioport_ctrl
1ffe1120 1ffe1120      400     1         ./ra_gen/common_data.o:(.bss.g_input_queue_queue_memory)
1ffe1120 1ffe1120      400     1                 g_input_queue_queue_memory
1ffe1520 1ffe1520       48     4         ./ra_gen/common_data.o:(.bss.g_input_queue_memory)
1ffe1520 1ffe1520       48     1                 g_input_queue_memory
1ffe1568 1ffe1568        4     4         ./ra_gen/common_data.o:(.bss.g_input_queue)
1ffe1568 1ffe1568        4     1                 g_input_queue
1ffe156c 1ffe156c      400     1         ./ra_gen/common_data.o:(.bss.g_output_queue_queue_memory)
1ffe156c 1ffe156c      400     1                 g_output_queue_queue_memory
1ffe196c 1ffe196c       48     4         ./ra_gen/common_data.o:(.bss.g_output_queue_memory)
1ffe196c 1ffe196c       48     1                 g_output_queue_memory
1ffe19b4 1ffe19b4        4     4         ./ra_gen/common_data.o:(.bss.g_output_queue)
1ffe19b4 1ffe19b4        4     1                 g_output_queue
1ffe19b8 1ffe19b8       60     4         ./ra_gen/job_thread.o:(.bss.job_thread_memory)
1ffe19b8 1ffe19b8       60     1                 job_thread_memory
1ffe1a18 1ffe1a18        4     4         ./ra_gen/job_thread.o:(.bss.job_thread)
1ffe1a18 1ffe1a18        4     1                 job_thread
1ffe1a1c 1ffe1a1c        4     4         ./ra_gen/main.o:(.bss.g_fsp_common_initialized_semaphore)
1ffe1a1c 1ffe1a1c        4     1                 g_fsp_common_initialized_semaphore
1ffe1a20 1ffe1a20        1     1         ./ra_gen/main.o:(.bss.g_fsp_common_initialized)
1ffe1a20 1ffe1a20        1     1                 g_fsp_common_initialized
1ffe1a24 1ffe1a24        4     4         ./ra_gen/main.o:(.bss.g_fsp_common_thread_count)
1ffe1a24 1ffe1a24        4     1                 g_fsp_common_thread_count
1ffe1a28 1ffe1a28       48     4         ./ra_gen/main.o:(.bss.g_fsp_common_initialized_semaphore_memory)
1ffe1a28 1ffe1a28       48     1                 g_fsp_common_initialized_semaphore_memory
1ffe1a70 1ffe1a70       60     4         ./ra_gen/main.o:(.bss.vApplicationGetIdleTaskMemory.xIdleTaskTCB)
1ffe1a70 1ffe1a70       60     1                 vApplicationGetIdleTaskMemory.xIdleTaskTCB
1ffe1ad0 1ffe1ad0      200     4         ./ra_gen/main.o:(.bss.vApplicationGetIdleTaskMemory.uxIdleTaskStack)
1ffe1ad0 1ffe1ad0      200     1                 vApplicationGetIdleTaskMemory.uxIdleTaskStack
1ffe1cd0 1ffe1cd0       60     4         ./ra_gen/main.o:(.bss.vApplicationGetTimerTaskMemory.xTimerTaskTCB)
1ffe1cd0 1ffe1cd0       60     1                 vApplicationGetTimerTaskMemory.xTimerTaskTCB
1ffe1d30 1ffe1d30      200     4         ./ra_gen/main.o:(.bss.vApplicationGetTimerTaskMemory.uxTimerTaskStack)
1ffe1d30 1ffe1d30      200     1                 vApplicationGetTimerTaskMemory.uxTimerTaskStack
1ffe1f30 1ffe1f30       60     4         ./ra_gen/net_thread.o:(.bss.net_thread_memory)
1ffe1f30 1ffe1f30       60     1                 net_thread_memory
1ffe1f90 1ffe1f90        4     4         ./ra_gen/net_thread.o:(.bss.net_thread)
1ffe1f90 1ffe1f90        4     1                 net_thread
1ffe1f94 1ffe1f94        4     4         ./ra/fsp/src/rm_freertos_port/port.o:(.bss.uxCriticalNesting)
1ffe1f94 1ffe1f94        4     1                 uxCriticalNesting
1ffe1f98 1ffe1f98        4     4         ./ra/fsp/src/rm_freertos_port/port.o:(.bss.g_mask_level_before_disable)
1ffe1f98 1ffe1f98        4     1                 g_mask_level_before_disable
1ffe1f9c 1ffe1f9c       11     1         ./ra/fsp/src/rm_freertos_plus_tcp/NetworkInterface.o:(.bss.pxFSP_Eth_FillInterfaceDescriptor.pcName)
1ffe1f9c 1ffe1f9c       11     1                 pxFSP_Eth_FillInterfaceDescriptor.pcName
1ffe1fb0 1ffe1fb0       34     4         ./ra/fsp/src/bsp/mcu/all/bsp_group_irq.o:(.bss.g_bsp_group_irq_sources)
1ffe1fb0 1ffe1fb0       34     1                 g_bsp_group_irq_sources
1ffe1fe4 1ffe1fe4        4     4         ./ra/fsp/src/bsp/mcu/all/bsp_io.o:(.bss.g_protect_pfswe_counter)
1ffe1fe4 1ffe1fe4        4     1                 g_protect_pfswe_counter
1ffe1fe8 1ffe1fe8        4     4         ./ra/fsp/src/bsp/mcu/all/bsp_irq.o:(.bss.gp_renesas_isr_context)
1ffe1fe8 1ffe1fe8        4     1                 gp_renesas_isr_context
1ffe1fec 1ffe1fec        a     2         ./ra/fsp/src/bsp/mcu/all/bsp_register_protection.o:(.bss.g_protect_counters)
1ffe1fec 1ffe1fec        a     1                 g_protect_counters
1ffe1ff8 1ffe1ff8        4     4         ./ra/fsp/src/bsp/cmsis/Device/RENESAS/Source/system.o:(.bss.SystemCoreClock)
1ffe1ff8 1ffe1ff8        4     1                 SystemCoreClock
1ffe1ffc 1ffe1ffc        4     4         ./ra/aws/FreeRTOS/FreeRTOS/Source/portable/MemMang/heap_4.o:(.bss.pxEnd)
1ffe1ffc 1ffe1ffc        4     1                 pxEnd
1ffe2000 1ffe2000        4     4         ./ra/aws/FreeRTOS/FreeRTOS/Source/portable/MemMang/heap_4.o:(.bss.xFreeBytesRemaining)
1ffe2000 1ffe2000        4     1                 xFreeBytesRemaining
1ffe2004 1ffe2004        8     4         ./ra/aws/FreeRTOS/FreeRTOS/Source/portable/MemMang/heap_4.o:(.bss.xStart)
1ffe2004 1ffe2004        8     1                 xStart
1ffe200c 1ffe200c     8000     1         ./ra/aws/FreeRTOS/FreeRTOS/Source/portable/MemMang/heap_4.o:(.bss.ucHeap)
1ffe200c 1ffe200c     8000     1                 ucHeap
1ffea00c 1ffea00c        4     4         ./ra/aws/FreeRTOS/FreeRTOS/Source/portable/MemMang/heap_4.o:(.bss.xMinimumEverFreeBytesRemaining)
1ffea00c 1ffea00c        4     1                 xMinimumEverFreeBytesRemaining
1ffea010 1ffea010        4     4         ./ra/aws/FreeRTOS/FreeRTOS/Source/portable/MemMang/heap_4.o:(.bss.xNumberOfSuccessfulAllocations)
1ffea010 1ffea010        4     1                 xNumberOfSuccessfulAllocations
1ffea014 1ffea014        4     4         ./ra/aws/FreeRTOS/FreeRTOS/Source/portable/MemMang/heap_4.o:(.bss.xNumberOfSuccessfulFrees)
1ffea014 1ffea014        4     1                 xNumberOfSuccessfulFrees
1ffea018 1ffea018       50     4         ./ra/aws/FreeRTOS/FreeRTOS/Source/queue.o:(.bss.xQueueRegistry)
1ffea018 1ffea018       50     1                 xQueueRegistry
1ffea068 1ffea068        4     4         ./ra/aws/FreeRTOS/FreeRTOS/Source/tasks.o:(.bss.pxCurrentTCB)
1ffea068 1ffea068        4     1                 pxCurrentTCB
1ffea06c 1ffea06c        4     4         ./ra/aws/FreeRTOS/FreeRTOS/Source/tasks.o:(.bss.uxTaskNumber)
1ffea06c 1ffea06c        4     1                 uxTaskNumber
1ffea070 1ffea070        4     4         ./ra/aws/FreeRTOS/FreeRTOS/Source/tasks.o:(.bss.xSchedulerRunning)
1ffea070 1ffea070        4     1                 xSchedulerRunning
1ffea074 1ffea074       14     4         ./ra/aws/FreeRTOS/FreeRTOS/Source/tasks.o:(.bss.xTasksWaitingTermination)
1ffea074 1ffea074       14     1                 xTasksWaitingTermination
1ffea088 1ffea088        4     4         ./ra/aws/FreeRTOS/FreeRTOS/Source/tasks.o:(.bss.uxDeletedTasksWaitingCleanUp)
1ffea088 1ffea088        4     1                 uxDeletedTasksWaitingCleanUp
1ffea08c 1ffea08c        4     4         ./ra/aws/FreeRTOS/FreeRTOS/Source/tasks.o:(.bss.uxCurrentNumberOfTasks)
1ffea08c 1ffea08c        4     1                 uxCurrentNumberOfTasks
1ffea090 1ffea090        4     4         ./ra/aws/FreeRTOS/FreeRTOS/Source/tasks.o:(.bss.uxSchedulerSuspended)
1ffea090 1ffea090        4     1                 uxSchedulerSuspended
1ffea094 1ffea094        4     4         ./ra/aws/FreeRTOS/FreeRTOS/Source/tasks.o:(.bss.xTickCount)
1ffea094 1ffea094        4     1                 xTickCount
1ffea098 1ffea098       64     4         ./ra/aws/FreeRTOS/FreeRTOS/Source/tasks.o:(.bss.pxReadyTasksLists)
1ffea098 1ffea098       64     1                 pxReadyTasksLists
1ffea0fc 1ffea0fc        4     4         ./ra/aws/FreeRTOS/FreeRTOS/Source/tasks.o:(.bss.uxTopReadyPriority)
1ffea0fc 1ffea0fc        4     1                 uxTopReadyPriority
1ffea100 1ffea100       14     4         ./ra/aws/FreeRTOS/FreeRTOS/Source/tasks.o:(.bss.xSuspendedTaskList)
1ffea100 1ffea100       14     1                 xSuspendedTaskList
1ffea114 1ffea114        4     4         ./ra/aws/FreeRTOS/FreeRTOS/Source/tasks.o:(.bss.xYieldPendings)
1ffea114 1ffea114        4     1                 xYieldPendings
1ffea118 1ffea118       14     4         ./ra/aws/FreeRTOS/FreeRTOS/Source/tasks.o:(.bss.xPendingReadyList)
1ffea118 1ffea118       14     1                 xPendingReadyList
1ffea12c 1ffea12c        4     4         ./ra/aws/FreeRTOS/FreeRTOS/Source/tasks.o:(.bss.xNextTaskUnblockTime)
1ffea12c 1ffea12c        4     1                 xNextTaskUnblockTime
1ffea130 1ffea130        4     4         ./ra/aws/FreeRTOS/FreeRTOS/Source/tasks.o:(.bss.xIdleTaskHandles.0)
1ffea130 1ffea130        4     1                 xIdleTaskHandles.0
1ffea134 1ffea134        4     4         ./ra/aws/FreeRTOS/FreeRTOS/Source/tasks.o:(.bss.xPendedTicks)
1ffea134 1ffea134        4     1                 xPendedTicks
1ffea138 1ffea138        4     4         ./ra/aws/FreeRTOS/FreeRTOS/Source/tasks.o:(.bss.pxDelayedTaskList)
1ffea138 1ffea138        4     1                 pxDelayedTaskList
1ffea13c 1ffea13c        4     4         ./ra/aws/FreeRTOS/FreeRTOS/Source/tasks.o:(.bss.pxOverflowDelayedTaskList)
1ffea13c 1ffea13c        4     1                 pxOverflowDelayedTaskList
1ffea140 1ffea140        4     4         ./ra/aws/FreeRTOS/FreeRTOS/Source/tasks.o:(.bss.xNumOfOverflows)
1ffea140 1ffea140        4     1                 xNumOfOverflows
1ffea144 1ffea144       14     4         ./ra/aws/FreeRTOS/FreeRTOS/Source/tasks.o:(.bss.xDelayedTaskList1)
1ffea144 1ffea144       14     1                 xDelayedTaskList1
1ffea158 1ffea158       14     4         ./ra/aws/FreeRTOS/FreeRTOS/Source/tasks.o:(.bss.xDelayedTaskList2)
1ffea158 1ffea158       14     1                 xDelayedTaskList2
1ffea16c 1ffea16c        4     4         ./ra/aws/FreeRTOS/FreeRTOS/Source/timers.o:(.bss.xTimerQueue)
1ffea16c 1ffea16c        4     1                 xTimerQueue
1ffea170 1ffea170        4     4         ./ra/aws/FreeRTOS/FreeRTOS/Source/timers.o:(.bss.xTimerTaskHandle)
1ffea170 1ffea170        4     1                 xTimerTaskHandle
1ffea174 1ffea174        4     4         ./ra/aws/FreeRTOS/FreeRTOS/Source/timers.o:(.bss.pxCurrentTimerList)
1ffea174 1ffea174        4     1                 pxCurrentTimerList
1ffea178 1ffea178        4     4         ./ra/aws/FreeRTOS/FreeRTOS/Source/timers.o:(.bss.pxOverflowTimerList)
1ffea178 1ffea178        4     1                 pxOverflowTimerList
1ffea17c 1ffea17c        4     4         ./ra/aws/FreeRTOS/FreeRTOS/Source/timers.o:(.bss.prvSampleTimeNow.xLastTime)
1ffea17c 1ffea17c        4     1                 prvSampleTimeNow.xLastTime
1ffea180 1ffea180       14     4         ./ra/aws/FreeRTOS/FreeRTOS/Source/timers.o:(.bss.xActiveTimerList1)
1ffea180 1ffea180       14     1                 xActiveTimerList1
1ffea194 1ffea194       14     4         ./ra/aws/FreeRTOS/FreeRTOS/Source/timers.o:(.bss.xActiveTimerList2)
1ffea194 1ffea194       14     1                 xActiveTimerList2
1ffea1a8 1ffea1a8       48     4         ./ra/aws/FreeRTOS/FreeRTOS/Source/timers.o:(.bss.prvCheckForValidListAndQueue.xStaticTimerQueue)
1ffea1a8 1ffea1a8       48     1                 prvCheckForValidListAndQueue.xStaticTimerQueue
1ffea1f0 1ffea1f0       78     1         ./ra/aws/FreeRTOS/FreeRTOS/Source/timers.o:(.bss.prvCheckForValidListAndQueue.ucStaticTimerQueueStorage)
1ffea1f0 1ffea1f0       78     1                 prvCheckForValidListAndQueue.ucStaticTimerQueueStorage
1ffea268 1ffea268      230     4         ./ra/aws/FreeRTOS/FreeRTOS-Plus/Source/FreeRTOS-Plus-TCP/source/portable/BufferManagement/BufferAllocation_2.o:(.bss.xNetworkBuffersInitialise.xNetworkBufferDescriptors)
1ffea268 1ffea268      230     1                 xNetworkBuffersInitialise.xNetworkBufferDescriptors
1ffea498 1ffea498        4     4         ./ra/aws/FreeRTOS/FreeRTOS-Plus/Source/FreeRTOS-Plus-TCP/source/portable/BufferManagement/BufferAllocation_2.o:(.bss.xNetworkBufferSemaphore)
1ffea498 1ffea498        4     1                 xNetworkBufferSemaphore
1ffea49c 1ffea49c       48     4         ./ra/aws/FreeRTOS/FreeRTOS-Plus/Source/FreeRTOS-Plus-TCP/source/portable/BufferManagement/BufferAllocation_2.o:(.bss.xNetworkBuffersInitialise.xNetworkBufferSemaphoreBuffer)
1ffea49c 1ffea49c       48     1                 xNetworkBuffersInitialise.xNetworkBufferSemaphoreBuffer
1ffea4e4 1ffea4e4       14     4         ./ra/aws/FreeRTOS/FreeRTOS-Plus/Source/FreeRTOS-Plus-TCP/source/portable/BufferManagement/BufferAllocation_2.o:(.bss.xFreeBuffersList)
1ffea4e4 1ffea4e4       14     1                 xFreeBuffersList
1ffea4f8 1ffea4f8        4     4         ./ra/aws/FreeRTOS/FreeRTOS-Plus/Source/FreeRTOS-Plus-TCP/source/portable/BufferManagement/BufferAllocation_2.o:(.bss.uxMinimumFreeNetworkBuffers)
1ffea4f8 1ffea4f8        4     1                 uxMinimumFreeNetworkBuffers
1ffea4fc 1ffea4fc        1     4         ./ra/aws/FreeRTOS/FreeRTOS-Plus/Source/FreeRTOS-Plus-TCP/source/FreeRTOS_ARP.o:(.bss.eARPProcessPacket.uxARPClashCounter)
1ffea4fc 1ffea4fc        1     1                 eARPProcessPacket.uxARPClashCounter
1ffea500 1ffea500        8     4         ./ra/aws/FreeRTOS/FreeRTOS-Plus/Source/FreeRTOS-Plus-TCP/source/FreeRTOS_ARP.o:(.bss.eARPProcessPacket.xARPClashTimeOut)
1ffea500 1ffea500        8     1                 eARPProcessPacket.xARPClashTimeOut
1ffea508 1ffea508        4     4         ./ra/aws/FreeRTOS/FreeRTOS-Plus/Source/FreeRTOS-Plus-TCP/source/FreeRTOS_ARP.o:(.bss.xLastGratuitousARPTime)
1ffea508 1ffea508        4     1                 xLastGratuitousARPTime
1ffea50c 1ffea50c       60     4         ./ra/aws/FreeRTOS/FreeRTOS-Plus/Source/FreeRTOS-Plus-TCP/source/FreeRTOS_ARP.o:(.bss.xARPCache)
1ffea50c 1ffea50c       60     1                 xARPCache
1ffea56c 1ffea56c      11c     4         ./ra/aws/FreeRTOS/FreeRTOS-Plus/Source/FreeRTOS-Plus-TCP/source/FreeRTOS_DNS_Cache.o:(.bss.xDNSCache)
1ffea56c 1ffea56c      11c     1                 xDNSCache
1ffea688 1ffea688        4     4         ./ra/aws/FreeRTOS/FreeRTOS-Plus/Source/FreeRTOS-Plus-TCP/source/FreeRTOS_IP.o:(.bss.pxARPWaitingNetworkBuffer)
1ffea688 1ffea688        4     1                 pxARPWaitingNetworkBuffer
1ffea68c 1ffea68c        4     4         ./ra/aws/FreeRTOS/FreeRTOS-Plus/Source/FreeRTOS-Plus-TCP/source/FreeRTOS_IP.o:(.bss.xNetworkEventQueue)
1ffea68c 1ffea68c        4     1                 xNetworkEventQueue
1ffea690 1ffea690        2     2         ./ra/aws/FreeRTOS/FreeRTOS-Plus/Source/FreeRTOS-Plus-TCP/source/FreeRTOS_IP.o:(.bss.usPacketIdentifier)
1ffea690 1ffea690        2     1                 usPacketIdentifier
1ffea694 1ffea694        4     4         ./ra/aws/FreeRTOS/FreeRTOS-Plus/Source/FreeRTOS-Plus-TCP/source/FreeRTOS_IP.o:(.bss.xIPTaskHandle)
1ffea694 1ffea694        4     1                 xIPTaskHandle
1ffea698 1ffea698        4     4         ./ra/aws/FreeRTOS/FreeRTOS-Plus/Source/FreeRTOS-Plus-TCP/source/FreeRTOS_IP.o:(.bss.xNetworkDownEventPending)
1ffea698 1ffea698        4     1                 xNetworkDownEventPending
1ffea69c 1ffea69c       28     4         ./ra/aws/FreeRTOS/FreeRTOS-Plus/Source/FreeRTOS-Plus-TCP/source/FreeRTOS_IP.o:(.bss.FreeRTOS_IPInit.xInterfaces)
1ffea69c 1ffea69c       28     1                 FreeRTOS_IPInit.xInterfaces
1ffea6c4 1ffea6c4       74     4         ./ra/aws/FreeRTOS/FreeRTOS-Plus/Source/FreeRTOS-Plus-TCP/source/FreeRTOS_IP.o:(.bss.FreeRTOS_IPInit.xEndPoints)
1ffea6c4 1ffea6c4       74     1                 FreeRTOS_IPInit.xEndPoints
1ffea738 1ffea738       48     4         ./ra/aws/FreeRTOS/FreeRTOS-Plus/Source/FreeRTOS-Plus-TCP/source/FreeRTOS_IP.o:(.bss.FreeRTOS_IPInit_Multi.xNetworkEventStaticQueue)
1ffea738 1ffea738       48     1                 FreeRTOS_IPInit_Multi.xNetworkEventStaticQueue
1ffea780 1ffea780       78     1         ./ra/aws/FreeRTOS/FreeRTOS-Plus/Source/FreeRTOS-Plus-TCP/source/FreeRTOS_IP.o:(.bss.FreeRTOS_IPInit_Multi.ucNetworkEventQueueStorageArea)
1ffea780 1ffea780       78     1                 FreeRTOS_IPInit_Multi.ucNetworkEventQueueStorageArea
1ffea7f8 1ffea7f8       60     4         ./ra/aws/FreeRTOS/FreeRTOS-Plus/Source/FreeRTOS-Plus-TCP/source/FreeRTOS_IP.o:(.bss.FreeRTOS_IPInit_Multi.xIPTaskBuffer)
1ffea7f8 1ffea7f8       60     1                 FreeRTOS_IPInit_Multi.xIPTaskBuffer
1ffea858 1ffea858      a00     4         ./ra/aws/FreeRTOS/FreeRTOS-Plus/Source/FreeRTOS-Plus-TCP/source/FreeRTOS_IP.o:(.bss.FreeRTOS_IPInit_Multi.xIPTaskStack)
1ffea858 1ffea858      a00     1                 FreeRTOS_IPInit_Multi.xIPTaskStack
1ffeb258 1ffeb258        1     4         ./ra/aws/FreeRTOS/FreeRTOS-Plus/Source/FreeRTOS-Plus-TCP/source/FreeRTOS_IP.o:(.bss.xIPTaskInitialised)
1ffeb258 1ffeb258        1     1                 xIPTaskInitialised
1ffeb25c 1ffeb25c       14     4         ./ra/aws/FreeRTOS/FreeRTOS-Plus/Source/FreeRTOS-Plus-TCP/source/FreeRTOS_IP_Timers.o:(.bss.xARPTimer)
1ffeb25c 1ffeb25c       14     1                 xARPTimer
1ffeb270 1ffeb270       14     4         ./ra/aws/FreeRTOS/FreeRTOS-Plus/Source/FreeRTOS-Plus-TCP/source/FreeRTOS_IP_Timers.o:(.bss.xTCPTimer)
1ffeb270 1ffeb270       14     1                 xTCPTimer
1ffeb284 1ffeb284       14     4         ./ra/aws/FreeRTOS/FreeRTOS-Plus/Source/FreeRTOS-Plus-TCP/source/FreeRTOS_IP_Timers.o:(.bss.xARPResolutionTimer)
1ffeb284 1ffeb284       14     1                 xARPResolutionTimer
1ffeb298 1ffeb298        4     4         ./ra/aws/FreeRTOS/FreeRTOS-Plus/Source/FreeRTOS-Plus-TCP/source/FreeRTOS_IP_Timers.o:(.bss.xAllNetworksUp)
1ffeb298 1ffeb298        4     1                 xAllNetworksUp
1ffeb29c 1ffeb29c       14     4         ./ra/aws/FreeRTOS/FreeRTOS-Plus/Source/FreeRTOS-Plus-TCP/source/FreeRTOS_IP_Timers.o:(.bss.xNetworkTimer)
1ffeb29c 1ffeb29c       14     1                 xNetworkTimer
1ffeb2b0 1ffeb2b0        4     4         ./ra/aws/FreeRTOS/FreeRTOS-Plus/Source/FreeRTOS-Plus-TCP/source/FreeRTOS_Routing.o:(.bss.pxNetworkEndPoints)
1ffeb2b0 1ffeb2b0        4     1                 pxNetworkEndPoints
1ffeb2b4 1ffeb2b4        4     4         ./ra/aws/FreeRTOS/FreeRTOS-Plus/Source/FreeRTOS-Plus-TCP/source/FreeRTOS_Routing.o:(.bss.pxNetworkInterfaces)
1ffeb2b4 1ffeb2b4        4     1                 pxNetworkInterfaces
1ffeb2b8 1ffeb2b8       14     4         ./ra/aws/FreeRTOS/FreeRTOS-Plus/Source/FreeRTOS-Plus-TCP/source/FreeRTOS_Sockets.o:(.bss.xBoundUDPSocketsList)
1ffeb2b8 1ffeb2b8       14     1                 xBoundUDPSocketsList
1ffeb2cc 1ffeb2cc       14     4         ./ra/aws/FreeRTOS/FreeRTOS-Plus/Source/FreeRTOS-Plus-TCP/source/FreeRTOS_Sockets.o:(.bss.xBoundTCPSocketsList)
1ffeb2cc 1ffeb2cc       14     1                 xBoundTCPSocketsList
1ffeb2e0 1ffeb2e0        4     4         ./ra/aws/FreeRTOS/FreeRTOS-Plus/Source/FreeRTOS-Plus-TCP/source/FreeRTOS_Sockets.o:(.bss.xTCPTimerCheck.xLastTime)
1ffeb2e0 1ffeb2e0        4     1                 xTCPTimerCheck.xLastTime
1ffeb2e4 1ffeb2e4        4     4         ./ra/aws/FreeRTOS/FreeRTOS-Plus/Source/FreeRTOS-Plus-TCP/source/FreeRTOS_TCP_IP.o:(.bss.xSocketToClose)
1ffeb2e4 1ffeb2e4        4     1                 xSocketToClose
1ffeb2e8 1ffeb2e8        4     4         ./ra/aws/FreeRTOS/FreeRTOS-Plus/Source/FreeRTOS-Plus-TCP/source/FreeRTOS_TCP_IP.o:(.bss.xSocketToListen)
1ffeb2e8 1ffeb2e8        4     1                 xSocketToListen
1ffeb2ec 1ffeb2ec        4     4         C:\Renesas\RA\e2studio_v2025-12_fsp_v6.4.0\toolchains\llvm_arm\ATfE-21.1.1-Windows-x86_64\bin\..\lib\clang-runtimes/arm-none-eabi/armv7m_hard_fpv4_sp_d16_exn_rtti_unaligned_size\lib\libc.a(libc_picolib_machine_arm_tls.c.o):(.bss.__tls)
1ffeb2ec 1ffeb2ec        4     1                 __tls
1ffeb2f0 1ffeb2f0        0     1         __ram_zero$$Limit = .
1ffeb2f0      478        8     8 __ram_tdata$$
1ffeb2f0      478        0     1         __ram_tdata$$Base = .
1ffeb2f0      478        0     1         __ram_tdata$$Load = LOADADDR(__ram_tdata$$)
1ffeb2f0      478        8     8         C:\Renesas\RA\e2studio_v2025-12_fsp_v6.4.0\toolchains\llvm_arm\ATfE-21.1.1-Windows-x86_64\bin\..\lib\clang-runtimes/arm-none-eabi/armv7m_hard_fpv4_sp_d16_exn_rtti_unaligned_size\lib\libc.a(libc_stdlib_random.c.o):(.tdata._rand_next)
       0 ffffffffe0015188        8     1                 _rand_next
1ffeb2f8      480        0     1         __ram_tdata$$Limit = .
1ffeb2f8 1ffeb2f8        4     4 __ram_tbss$$
1ffeb2f8 1ffeb2f8        0     1         __ram_tbss$$Base = .
1ffeb2f8 1ffeb2f8        4     4         C:\Renesas\RA\e2studio_v2025-12_fsp_v6.4.0\toolchains\llvm_arm\ATfE-21.1.1-Windows-x86_64\bin\..\lib\clang-runtimes/arm-none-eabi/armv7m_hard_fpv4_sp_d16_exn_rtti_unaligned_size\lib\libc.a(libc_errno_errno.c.o):(.tbss.errno)
       8        8        4     1                 errno
1ffeb2fc 1ffeb2fc        0     1         __ram_tbss$$Limit = .
1ffeb300 1ffeb300      800     8 __ram_thread_stack$$
1ffeb300 1ffeb300        0     1         __ram_thread_stack$$Base = .
1ffeb300 1ffeb300      400     8         ./ra_gen/job_thread.o:(.stack.job_thread)
1ffeb300 1ffeb300      400     1                 job_thread_stack
1ffeb700 1ffeb700      400     8         ./ra_gen/net_thread.o:(.stack.net_thread)
1ffeb700 1ffeb700      400     1                 net_thread_stack
1ffebb00 1ffebb00        0     1         __ram_thread_stack$$Limit = .
1ffebc00 1ffebc00        0     1 .ram.endof
1ffebc00 1ffebc00        0     1         __ddsc_RAM_END = .
     480      480     c996    16 __flash_readonly$$
     480      480        0     1         __flash_readonly$$Base = .
     480      480       1a     2         ./src/hal_warmstart.o:(.text.R_BSP_WarmStart)
     480      480        0     1                 $t
     481      481       1a     1                 R_BSP_WarmStart
     49c      49c      1de     4         ./src/job_thread_entry.o:(.text.job_thread_entry)
     49c      49c        0     1                 $t
     49d      49d      1de     1                 job_thread_entry
     67a      67a       12     2         ./src/net_thread_entry.o:(.text.vApplicationIPNetworkEventHook)
     67a      67a        0     1                 $t
     67b      67b       12     1                 vApplicationIPNetworkEventHook
     68c      68c      230     4         ./src/net_thread_entry.o:(.text.net_thread_entry)
     68c      68c        0     1                 $t
     68d      68d      230     1                 net_thread_entry
     8bc      8bc       70     2         ./ra_gen/common_data.o:(.text.g_common_init)
     8bc      8bc        0     1                 $t
     8bd      8bd       70     1                 g_common_init
     92c      92c        4     2         ./ra_gen/hal_data.o:(.text.g_hal_init)
     92c      92c        0     1                 $t
     92d      92d        4     1                 g_hal_init
     930      930       6a     2         ./ra_gen/job_thread.o:(.text.job_thread_create)
     930      930        0     1                 $t
     931      931       6a     1                 job_thread_create
     99a      99a       12     2         ./ra_gen/job_thread.o:(.text.job_thread_func)
     99a      99a        0     1                 $t
     99b      99b       12     1                 job_thread_func
     9ac      9ac        4     2         ./ra_gen/main.o:(.text.rtos_startup_err_callback_internal)
     9ac      9ac        0     1                 $t
     9ad      9ad        4     1                 rtos_startup_err_callback_internal
     9ad      9ad        4     1                 rtos_startup_err_callback
     9b0      9b0       62     4         ./ra_gen/main.o:(.text.rtos_startup_common_init)
     9b0      9b0        0     1                 $t
     9b1      9b1       62     1                 rtos_startup_common_init
     a12      a12       4e     2         ./ra_gen/main.o:(.text.main)
     a12      a12        0     1                 $t
     a13      a13       4e     1                 main
     a60      a60       1a     2         ./ra_gen/main.o:(.text.vApplicationGetIdleTaskMemory)
     a60      a60        0     1                 $t
     a61      a61       1a     1                 vApplicationGetIdleTaskMemory
     a7a      a7a       1a     2         ./ra_gen/main.o:(.text.vApplicationGetTimerTaskMemory)
     a7a      a7a        0     1                 $t
     a7b      a7b       1a     1                 vApplicationGetTimerTaskMemory
     a94      a94       6a     2         ./ra_gen/net_thread.o:(.text.net_thread_create)
     a94      a94        0     1                 $t
     a95      a95       6a     1                 net_thread_create
     afe      afe       12     2         ./ra_gen/net_thread.o:(.text.net_thread_func)
     afe      afe        0     1                 $t
     aff      aff       12     1                 net_thread_func
     b10      b10       18     4         ./ra/fsp/src/rm_freertos_port/port.o:(.text.SVC_Handler)
     b10      b10        0     1                 $t
     b11      b11       12     1                 SVC_Handler
     b24      b24        0     1                 $d
     b28      b28       3c     4         ./ra/fsp/src/rm_freertos_port/port.o:(.text.PendSV_Handler)
     b28      b28        0     1                 $t
     b29      b29       38     1                 PendSV_Handler
     b60      b60        0     1                 $d
     b64      b64       20     4         ./ra/fsp/src/rm_freertos_port/port.o:(.text.rm_freertos_port_restore_task_stackless)
     b64      b64        0     1                 $t
     b65      b65       1a     1                 rm_freertos_port_restore_task_stackless
     b78      b78        0     1                 _skip_restore_ns_context
     b80      b80        0     1                 $d
     b84      b84       26     2         ./ra/fsp/src/rm_freertos_port/port.o:(.text.SysTick_Handler)
     b84      b84        0     1                 $t
     b85      b85       26     1                 SysTick_Handler
     baa      baa       36     2         ./ra/fsp/src/rm_freertos_port/port.o:(.text.vPortSVCHandler_C)
     baa      baa        0     1                 $t
     bab      bab       36     1                 vPortSVCHandler_C
     be0      be0       24     2         ./ra/fsp/src/rm_freertos_port/port.o:(.text.pxPortInitialiseStack)
     be0      be0        0     1                 $t
     be1      be1       24     1                 pxPortInitialiseStack
     c04      c04        6     4         ./ra/fsp/src/rm_freertos_port/port.o:(.text.prvTaskExitError)
     c04      c04        0     1                 $t
     c05      c05        6     1                 prvTaskExitError
     c0c      c0c       3c     4         ./ra/fsp/src/rm_freertos_port/port.o:(.text.xPortStartScheduler)
     c0c      c0c        0     1                 $t
     c0d      c0d       3c     1                 xPortStartScheduler
     c48      c48       46     2         ./ra/fsp/src/rm_freertos_port/port.o:(.text.vPortSetupTimerInterrupt)
     c48      c48        0     1                 $t
     c49      c49       46     1                 vPortSetupTimerInterrupt
     c8e      c8e       56     2         ./ra/fsp/src/rm_freertos_port/port.o:(.text.vPortEnterCritical)
     c8e      c8e        0     1                 $t
     c8f      c8f       56     1                 vPortEnterCritical
     ce4      ce4       46     2         ./ra/fsp/src/rm_freertos_port/port.o:(.text.vPortExitCritical)
     ce4      ce4        0     1                 $t
     ce5      ce5       46     1                 vPortExitCritical
     d2a      d2a       6e     2         ./ra/fsp/src/rm_freertos_port/port.o:(.text.rm_freertos_port_sleep_preserving_lpm)
     d2a      d2a        0     1                 $t
     d2b      d2b       6e     1                 rm_freertos_port_sleep_preserving_lpm
     d98      d98       18     2         ./ra/fsp/src/rm_freertos_port/port.o:(.text.vApplicationIdleHook)
     d98      d98        0     1                 $t
     d99      d99       18     1                 vApplicationIdleHook
     db0      db0       6c     2         ./ra/fsp/src/rm_freertos_port/port.o:(.text.vPortValidateInterruptPriority)
     db0      db0        0     1                 $t
     db1      db1       6c     1                 vPortValidateInterruptPriority
     e1c      e1c       74     2         ./ra/fsp/src/rm_freertos_plus_tcp/NetworkInterface.o:(.text.vEtherISRCallback)
     e1c      e1c        0     1                 $t
     e1d      e1d       74     1                 vEtherISRCallback
     e90      e90       78     2         ./ra/fsp/src/rm_freertos_plus_tcp/NetworkInterface.o:(.text.pxFSP_Eth_FillInterfaceDescriptor)
     e90      e90        0     1                 $t
     e91      e91       78     1                 pxFSP_Eth_FillInterfaceDescriptor
     f08      f08       f4     4         ./ra/fsp/src/rm_freertos_plus_tcp/NetworkInterface.o:(.text.xFSP_Eth_NetworkInterfaceInitialise)
     f08      f08        0     1                 $t
     f09      f09       f4     1                 xFSP_Eth_NetworkInterfaceInitialise
     ffc      ffc       3e     2         ./ra/fsp/src/rm_freertos_plus_tcp/NetworkInterface.o:(.text.xFSP_Eth_NetworkInterfaceOutput)
     ffc      ffc        0     1                 $t
     ffd      ffd       3e     1                 xFSP_Eth_NetworkInterfaceOutput
    103a     103a       20     2         ./ra/fsp/src/rm_freertos_plus_tcp/NetworkInterface.o:(.text.xFSP_Eth_GetPhyLinkStatus)
    103a     103a        0     1                 $t
    103b     103b       20     1                 xFSP_Eth_GetPhyLinkStatus
    105a     105a        4     2         ./ra/fsp/src/rm_freertos_plus_tcp/NetworkInterface.o:(.text.pxFillInterfaceDescriptor)
    105a     105a        0     1                 $t
    105b     105b        4     1                 pxFillInterfaceDescriptor
    105e     105e       18     2         ./ra/fsp/src/rm_freertos_plus_tcp/NetworkInterface.o:(.text.xApplicationGetRandomNumber)
    105e     105e        0     1                 $t
    105f     105f       18     1                 xApplicationGetRandomNumber
    1078     1078       1c     4         ./ra/fsp/src/rm_freertos_plus_tcp/NetworkInterface.o:(.text.ulApplicationGetNextSequenceNumber)
    1078     1078        0     1                 $t
    1079     1079       1c     1                 ulApplicationGetNextSequenceNumber
    1094     1094       b8     4         ./ra/fsp/src/rm_freertos_plus_tcp/NetworkInterface.o:(.text.prvRXHandlerTask)
    1094     1094        0     1                 $t
    1095     1095       b8     1                 prvRXHandlerTask
    114c     114c       66     4         ./ra/fsp/src/rm_freertos_plus_tcp/NetworkInterface.o:(.text.prvCheckLinkStatusTask)
    114c     114c        0     1                 $t
    114d     114d       66     1                 prvCheckLinkStatusTask
    11b2     11b2       16     2         ./ra/fsp/src/r_ioport/r_ioport.o:(.text.R_IOPORT_Open)
    11b2     11b2        0     1                 $t
    11b3     11b3       16     1                 R_IOPORT_Open
    11c8     11c8       2a     2         ./ra/fsp/src/r_ioport/r_ioport.o:(.text.R_IOPORT_PinWrite)
    11c8     11c8        0     1                 $t
    11c9     11c9       2a     1                 R_IOPORT_PinWrite
    11f4     11f4       be     4         ./ra/fsp/src/r_ioport/r_ioport.o:(.text.r_ioport_pins_config)
    11f4     11f4        0     1                 $t
    11f5     11f5       be     1                 r_ioport_pins_config
    12b4     12b4       ce     4         ./ra/fsp/src/r_ioport/r_ioport.o:(.text.bsp_vbatt_init)
    12b4     12b4        0     1                 $t
    12b5     12b5       ce     1                 bsp_vbatt_init
    1384     1384       7c     4         ./ra/fsp/src/r_ether_phy/r_ether_phy.o:(.text.R_ETHER_PHY_Open)
    1384     1384        0     1                 $t
    1385     1385       7c     1                 R_ETHER_PHY_Open
    1400     1400        c     2         ./ra/fsp/src/r_ether_phy/r_ether_phy.o:(.text.R_ETHER_PHY_Close)
    1400     1400        0     1                 $t
    1401     1401        c     1                 R_ETHER_PHY_Close
    140c     140c       4a     4         ./ra/fsp/src/r_ether_phy/r_ether_phy.o:(.text.R_ETHER_PHY_ChipInit)
    140c     140c        0     1                 $t
    140d     140d       4a     1                 R_ETHER_PHY_ChipInit
    1458     1458       d8     4         ./ra/fsp/src/r_ether_phy/r_ether_phy.o:(.text.R_ETHER_PHY_Read)
    1458     1458        0     1                 $t
    1459     1459       d8     1                 R_ETHER_PHY_Read
    1530     1530       7c     4         ./ra/fsp/src/r_ether_phy/r_ether_phy.o:(.text.R_ETHER_PHY_Write)
    1530     1530        0     1                 $t
    1531     1531       7c     1                 R_ETHER_PHY_Write
    15ac     15ac       3c     2         ./ra/fsp/src/r_ether_phy/r_ether_phy.o:(.text.R_ETHER_PHY_StartAutoNegotiate)
    15ac     15ac        0     1                 $t
    15ad     15ad       3c     1                 R_ETHER_PHY_StartAutoNegotiate
    15e8     15e8       a4     2         ./ra/fsp/src/r_ether_phy/r_ether_phy.o:(.text.R_ETHER_PHY_LinkPartnerAbilityGet)
    15e8     15e8        0     1                 $t
    15e9     15e9       a4     1                 R_ETHER_PHY_LinkPartnerAbilityGet
    168c     168c       2c     2         ./ra/fsp/src/r_ether_phy/r_ether_phy.o:(.text.R_ETHER_PHY_LinkStatusGet)
    168c     168c        0     1                 $t
    168d     168d       2c     1                 R_ETHER_PHY_LinkStatusGet
    16b8     16b8       44     4         ./ra/fsp/src/r_ether_phy/r_ether_phy.o:(.text.ether_phy_reg_set)
    16b8     16b8        0     1                 $t
    16b9     16b9       44     1                 ether_phy_reg_set
    16fc     16fc       5a     4         ./ra/fsp/src/r_ether_phy/r_ether_phy.o:(.text.ether_phy_mii_write1)
    16fc     16fc        0     1                 $t
    16fd     16fd       5a     1                 ether_phy_mii_write1
    1758     1758       5a     4         ./ra/fsp/src/r_ether_phy/r_ether_phy.o:(.text.ether_phy_mii_write0)
    1758     1758        0     1                 $t
    1759     1759       5a     1                 ether_phy_mii_write0
    17b4     17b4       5a     4         ./ra/fsp/src/r_ether_phy/r_ether_phy.o:(.text.ether_phy_mii_writez)
    17b4     17b4        0     1                 $t
    17b5     17b5       5a     1                 ether_phy_mii_writez
    180e     180e      18e     2         ./ra/fsp/src/r_ether/r_ether.o:(.text.R_ETHER_Open)
    180e     180e        0     1                 $t
    180f     180f      18e     1                 R_ETHER_Open
    199c     199c       9c     2         ./ra/fsp/src/r_ether/r_ether.o:(.text.R_ETHER_Close)
    199c     199c        0     1                 $t
    199d     199d       9c     1                 R_ETHER_Close
    1a38     1a38       88     4         ./ra/fsp/src/r_ether/r_ether.o:(.text.R_ETHER_Read)
    1a38     1a38        0     1                 $t
    1a39     1a39       88     1                 R_ETHER_Read
    1ac0     1ac0       50     2         ./ra/fsp/src/r_ether/r_ether.o:(.text.R_ETHER_BufferRelease)
    1ac0     1ac0        0     1                 $t
    1ac1     1ac1       50     1                 R_ETHER_BufferRelease
    1b10     1b10       40     2         ./ra/fsp/src/r_ether/r_ether.o:(.text.R_ETHER_RxBufferUpdate)
    1b10     1b10        0     1                 $t
    1b11     1b11       40     1                 R_ETHER_RxBufferUpdate
    1b50     1b50       82     2         ./ra/fsp/src/r_ether/r_ether.o:(.text.R_ETHER_Write)
    1b50     1b50        0     1                 $t
    1b51     1b51       82     1                 R_ETHER_Write
    1bd2     1bd2      130     2         ./ra/fsp/src/r_ether/r_ether.o:(.text.R_ETHER_LinkProcess)
    1bd2     1bd2        0     1                 $t
    1bd3     1bd3      130     1                 R_ETHER_LinkProcess
    1d02     1d02       44     2         ./ra/fsp/src/r_ether/r_ether.o:(.text.R_ETHER_WakeOnLANEnable)
    1d02     1d02        0     1                 $t
    1d03     1d03       44     1                 R_ETHER_WakeOnLANEnable
    1d46     1d46       34     2         ./ra/fsp/src/r_ether/r_ether.o:(.text.R_ETHER_TxStatusGet)
    1d46     1d46        0     1                 $t
    1d47     1d47       34     1                 R_ETHER_TxStatusGet
    1d7a     1d7a        e     2         ./ra/fsp/src/r_ether/r_ether.o:(.text.R_ETHER_CallbackSet)
    1d7a     1d7a        0     1                 $t
    1d7b     1d7b        e     1                 R_ETHER_CallbackSet
    1d88     1d88       32     4         ./ra/fsp/src/r_ether/r_ether.o:(.text.ether_init_buffers)
    1d88     1d88        0     1                 $t
    1d89     1d89       32     1                 ether_init_buffers
    1dba     1dba       4a     2         ./ra/fsp/src/r_ether/r_ether.o:(.text.ether_call_callback)
    1dba     1dba        0     1                 $t
    1dbb     1dbb       4a     1                 ether_call_callback
    1e04     1e04      1a6     4         ./ra/fsp/src/r_ether/r_ether.o:(.text.ether_configure_mac)
    1e04     1e04        0     1                 $t
    1e05     1e05      1a6     1                 ether_configure_mac
    1fac     1fac      14c     4         ./ra/fsp/src/r_ether/r_ether.o:(.text.ether_do_link)
    1fac     1fac        0     1                 $t
    1fad     1fad      14c     1                 ether_do_link
    1fe8     1fe8        0     1                 $d
    1fec     1fec        0     1                 $t
    20f8     20f8       f6     4         ./ra/fsp/src/r_ether/r_ether.o:(.text.ether_eint_isr)
    20f8     20f8        0     1                 $t
    20f9     20f9       f6     1                 ether_eint_isr
    21ee     21ee       2c     2         ./ra/fsp/src/bsp/mcu/all/bsp_clocks.o:(.text.SystemCoreClockUpdate)
    21ee     21ee        0     1                 $t
    21ef     21ef       2c     1                 SystemCoreClockUpdate
    221c     221c      144     4         ./ra/fsp/src/bsp/mcu/all/bsp_clocks.o:(.text.bsp_clock_init)
    221c     221c        0     1                 $t
    221d     221d      144     1                 bsp_clock_init
    2360     2360        2     2         ./ra/fsp/src/bsp/mcu/all/bsp_clocks.o:(.text.R_BSP_SubClockStabilizeWaitAfterReset)
    2360     2360        0     1                 $t
    2361     2361        2     1                 R_BSP_SubClockStabilizeWaitAfterReset
    2364     2364       7a     4         ./ra/fsp/src/bsp/mcu/all/bsp_clocks.o:(.text.R_BSP_Init_RTC)
    2364     2364        0     1                 $t
    2365     2365       7a     1                 R_BSP_Init_RTC
    23de     23de        2     2         ./ra/fsp/src/bsp/mcu/all/bsp_common.o:(.text.bsp_init_internal)
    23de     23de        0     1                 $t
    23df     23df        2     1                 bsp_init_internal
    23df     23df        2     1                 bsp_init
    23e0     23e0        6     4         ./ra/fsp/src/bsp/mcu/all/bsp_common.o:(.text.__assert_func)
    23e0     23e0        0     1                 $t
    23e1     23e1        6     1                 __assert_func
    23e6     23e6       80     2         ./ra/fsp/src/bsp/mcu/all/bsp_delay.o:(.text.R_BSP_SoftwareDelay)
    23e6     23e6        0     1                 $t
    23e7     23e7       80     1                 R_BSP_SoftwareDelay
    2466     2466        8     2         ./ra/fsp/src/bsp/mcu/all/bsp_delay.o:(.text.bsp_prv_software_delay_loop)
    2466     2466        0     1                 sw_delay_loop
    2466     2466        0     1                 $t
    2467     2467        8     1                 bsp_prv_software_delay_loop
    2470     2470       44     4         ./ra/fsp/src/bsp/mcu/all/bsp_group_irq.o:(.text.NMI_Handler)
    2470     2470        0     1                 $t
    2471     2471       44     1                 NMI_Handler
    24b4     24b4       18     2         ./ra/fsp/src/bsp/mcu/all/bsp_irq.o:(.text.bsp_irq_cfg)
    24b4     24b4        0     1                 $t
    24b5     24b5       18     1                 bsp_irq_cfg
    24cc     24cc       52     2         ./ra/fsp/src/bsp/mcu/all/bsp_register_protection.o:(.text.R_BSP_RegisterProtectEnable)
    24cc     24cc        0     1                 $t
    24cd     24cd       52     1                 R_BSP_RegisterProtectEnable
    251e     251e       4e     2         ./ra/fsp/src/bsp/mcu/all/bsp_register_protection.o:(.text.R_BSP_RegisterProtectDisable)
    251e     251e        0     1                 $t
    251f     251f       4e     1                 R_BSP_RegisterProtectDisable
    256c     256c        a     4         ./ra/fsp/src/bsp/cmsis/Device/RENESAS/Source/startup.o:(.text.Reset_Handler)
    256c     256c        0     1                 $t
    256d     256d        a     1                 Reset_Handler
    2576     2576        4     2         ./ra/fsp/src/bsp/cmsis/Device/RENESAS/Source/startup.o:(.text.Default_Handler)
    2576     2576        0     1                 $t
    2577     2577        4     1                 Default_Handler
    2577     2577        4     1                 HardFault_Handler
    2577     2577        4     1                 MemManage_Handler
    2577     2577        4     1                 BusFault_Handler
    2577     2577        4     1                 UsageFault_Handler
    2577     2577        4     1                 SecureFault_Handler
    2577     2577        4     1                 DebugMon_Handler
    257c     257c       c8     4         ./ra/fsp/src/bsp/cmsis/Device/RENESAS/Source/system.o:(.text.SystemInit)
    257c     257c        0     1                 $t
    257d     257d       c8     1                 SystemInit
    2644     2644       5a     4         ./ra/fsp/src/bsp/cmsis/Device/RENESAS/Source/system.o:(.text.SystemRuntimeInit)
    2644     2644        0     1                 $t
    2645     2645       5a     1                 SystemRuntimeInit
    26a0     26a0      23e     4         ./ra/aws/FreeRTOS/FreeRTOS/Source/portable/MemMang/heap_4.o:(.text.pvPortMalloc)
    26a0     26a0        0     1                 $t
    26a1     26a1      23e     1                 pvPortMalloc
    28e0     28e0      142     4         ./ra/aws/FreeRTOS/FreeRTOS/Source/portable/MemMang/heap_4.o:(.text.vPortFree)
    28e0     28e0        0     1                 $t
    28e1     28e1      142     1                 vPortFree
    2a22     2a22       1c     2         ./ra/aws/FreeRTOS/FreeRTOS/Source/event_groups.o:(.text.xEventGroupCreate)
    2a22     2a22        0     1                 $t
    2a23     2a23       1c     1                 xEventGroupCreate
    2a40     2a40       bc     4         ./ra/aws/FreeRTOS/FreeRTOS/Source/event_groups.o:(.text.xEventGroupSetBits)
    2a40     2a40        0     1                 $t
    2a41     2a41       bc     1                 xEventGroupSetBits
    2afc     2afc      166     2         ./ra/aws/FreeRTOS/FreeRTOS/Source/event_groups.o:(.text.xEventGroupWaitBits)
    2afc     2afc        0     1                 $t
    2afd     2afd      166     1                 xEventGroupWaitBits
    2c64     2c64       7c     4         ./ra/aws/FreeRTOS/FreeRTOS/Source/event_groups.o:(.text.vEventGroupDelete)
    2c64     2c64        0     1                 $t
    2c65     2c65       7c     1                 vEventGroupDelete
    2ce0     2ce0       16     2         ./ra/aws/FreeRTOS/FreeRTOS/Source/list.o:(.text.vListInitialise)
    2ce0     2ce0        0     1                 $t
    2ce1     2ce1       16     1                 vListInitialise
    2cf6     2cf6        6     2         ./ra/aws/FreeRTOS/FreeRTOS/Source/list.o:(.text.vListInitialiseItem)
    2cf6     2cf6        0     1                 $t
    2cf7     2cf7        6     1                 vListInitialiseItem
    2cfc     2cfc       16     2         ./ra/aws/FreeRTOS/FreeRTOS/Source/list.o:(.text.vListInsertEnd)
    2cfc     2cfc        0     1                 $t
    2cfd     2cfd       16     1                 vListInsertEnd
    2d14     2d14       3a     4         ./ra/aws/FreeRTOS/FreeRTOS/Source/list.o:(.text.vListInsert)
    2d14     2d14        0     1                 $t
    2d15     2d15       3a     1                 vListInsert
    2d4e     2d4e       22     2         ./ra/aws/FreeRTOS/FreeRTOS/Source/list.o:(.text.uxListRemove)
    2d4e     2d4e        0     1                 $t
    2d4f     2d4f       22     1                 uxListRemove
    2d70     2d70       be     2         ./ra/aws/FreeRTOS/FreeRTOS/Source/queue.o:(.text.xQueueGenericReset)
    2d70     2d70        0     1                 $t
    2d71     2d71       be     1                 xQueueGenericReset
    2e2e     2e2e       9e     2         ./ra/aws/FreeRTOS/FreeRTOS/Source/queue.o:(.text.xQueueGenericCreateStatic)
    2e2e     2e2e        0     1                 $t
    2e2f     2e2f       9e     1                 xQueueGenericCreateStatic
    2ecc     2ecc       40     2         ./ra/aws/FreeRTOS/FreeRTOS/Source/queue.o:(.text.xQueueCreateCountingSemaphoreStatic)
    2ecc     2ecc        0     1                 $t
    2ecd     2ecd       40     1                 xQueueCreateCountingSemaphoreStatic
    2f0c     2f0c      1c8     4         ./ra/aws/FreeRTOS/FreeRTOS/Source/queue.o:(.text.xQueueGenericSend)
    2f0c     2f0c        0     1                 $t
    2f0d     2f0d      1c8     1                 xQueueGenericSend
    30d4     30d4       62     2         ./ra/aws/FreeRTOS/FreeRTOS/Source/queue.o:(.text.prvCopyDataToQueue)
    30d4     30d4        0     1                 $t
    30d5     30d5       62     1                 prvCopyDataToQueue
    3138     3138       72     4         ./ra/aws/FreeRTOS/FreeRTOS/Source/queue.o:(.text.prvUnlockQueue)
    3138     3138        0     1                 $t
    3139     3139       72     1                 prvUnlockQueue
    31ac     31ac      1b2     4         ./ra/aws/FreeRTOS/FreeRTOS/Source/queue.o:(.text.xQueueReceive)
    31ac     31ac        0     1                 $t
    31ad     31ad      1b2     1                 xQueueReceive
    3360     3360      18a     4         ./ra/aws/FreeRTOS/FreeRTOS/Source/queue.o:(.text.xQueueSemaphoreTake)
    3360     3360        0     1                 $t
    3361     3361      18a     1                 xQueueSemaphoreTake
    34ea     34ea       34     2         ./ra/aws/FreeRTOS/FreeRTOS/Source/queue.o:(.text.uxQueueMessagesWaiting)
    34ea     34ea        0     1                 $t
    34eb     34eb       34     1                 uxQueueMessagesWaiting
    3520     3520       56     4         ./ra/aws/FreeRTOS/FreeRTOS/Source/queue.o:(.text.vQueueDelete)
    3520     3520        0     1                 $t
    3521     3521       56     1                 vQueueDelete
    3578     3578       66     4         ./ra/aws/FreeRTOS/FreeRTOS/Source/queue.o:(.text.vQueueAddToRegistry)
    3578     3578        0     1                 $t
    3579     3579       66     1                 vQueueAddToRegistry
    35de     35de       46     2         ./ra/aws/FreeRTOS/FreeRTOS/Source/queue.o:(.text.vQueueWaitForMessageRestricted)
    35de     35de        0     1                 $t
    35df     35df       46     1                 vQueueWaitForMessageRestricted
    3624     3624       c4     2         ./ra/aws/FreeRTOS/FreeRTOS/Source/tasks.o:(.text.xTaskCreateStatic)
    3624     3624        0     1                 $t
    3625     3625       c4     1                 xTaskCreateStatic
    36e8     36e8      132     4         ./ra/aws/FreeRTOS/FreeRTOS/Source/tasks.o:(.text.prvAddNewTaskToReadyList)
    36e8     36e8        0     1                 $t
    36e9     36e9      132     1                 prvAddNewTaskToReadyList
    381a     381a       5a     2         ./ra/aws/FreeRTOS/FreeRTOS/Source/tasks.o:(.text.xTaskCreate)
    381a     381a        0     1                 $t
    381b     381b       5a     1                 xTaskCreate
    3874     3874       44     2         ./ra/aws/FreeRTOS/FreeRTOS/Source/tasks.o:(.text.prvDeleteTCB)
    3874     3874        0     1                 $t
    3875     3875       44     1                 prvDeleteTCB
    38b8     38b8       10     2         ./ra/aws/FreeRTOS/FreeRTOS/Source/tasks.o:(.text.vTaskSuspendAll)
    38b8     38b8        0     1                 $t
    38b9     38b9       10     1                 vTaskSuspendAll
    38c8     38c8       a4     2         ./ra/aws/FreeRTOS/FreeRTOS/Source/tasks.o:(.text.prvAddCurrentTaskToDelayedList)
    38c8     38c8        0     1                 $t
    38c9     38c9       a4     1                 prvAddCurrentTaskToDelayedList
    396c     396c      190     4         ./ra/aws/FreeRTOS/FreeRTOS/Source/tasks.o:(.text.xTaskResumeAll)
    396c     396c        0     1                 $t
    396d     396d      190     1                 xTaskResumeAll
    3afc     3afc       5e     2         ./ra/aws/FreeRTOS/FreeRTOS/Source/tasks.o:(.text.vTaskDelay)
    3afc     3afc        0     1                 $t
    3afd     3afd       5e     1                 vTaskDelay
    3b5c     3b5c       9e     4         ./ra/aws/FreeRTOS/FreeRTOS/Source/tasks.o:(.text.vTaskSwitchContext)
    3b5c     3b5c        0     1                 $t
    3b5d     3b5d       9e     1                 vTaskSwitchContext
    3bfa     3bfa       b6     2         ./ra/aws/FreeRTOS/FreeRTOS/Source/tasks.o:(.text.vTaskStartScheduler)
    3bfa     3bfa        0     1                 $t
    3bfb     3bfb       b6     1                 vTaskStartScheduler
    3cb0     3cb0       4e     4         ./ra/aws/FreeRTOS/FreeRTOS/Source/tasks.o:(.text.prvCheckTasksWaitingTermination)
    3cb0     3cb0        0     1                 $t
    3cb1     3cb1       4e     1                 prvCheckTasksWaitingTermination
    3d00     3d00      1ac     4         ./ra/aws/FreeRTOS/FreeRTOS/Source/tasks.o:(.text.xTaskIncrementTick)
    3d00     3d00        0     1                 $t
    3d01     3d01      1ac     1                 xTaskIncrementTick
    3eac     3eac        c     2         ./ra/aws/FreeRTOS/FreeRTOS/Source/tasks.o:(.text.xTaskGetTickCount)
    3eac     3eac        0     1                 $t
    3ead     3ead        c     1                 xTaskGetTickCount
    3eb8     3eb8       42     2         ./ra/aws/FreeRTOS/FreeRTOS/Source/tasks.o:(.text.vTaskPlaceOnEventList)
    3eb8     3eb8        0     1                 $t
    3eb9     3eb9       42     1                 vTaskPlaceOnEventList
    3efa     3efa       9e     2         ./ra/aws/FreeRTOS/FreeRTOS/Source/tasks.o:(.text.vTaskPlaceOnUnorderedEventList)
    3efa     3efa        0     1                 $t
    3efb     3efb       9e     1                 vTaskPlaceOnUnorderedEventList
    3f98     3f98       7a     2         ./ra/aws/FreeRTOS/FreeRTOS/Source/tasks.o:(.text.vTaskPlaceOnEventListRestricted)
    3f98     3f98        0     1                 $t
    3f99     3f99       7a     1                 vTaskPlaceOnEventListRestricted
    4012     4012      10c     2         ./ra/aws/FreeRTOS/FreeRTOS/Source/tasks.o:(.text.xTaskRemoveFromEventList)
    4012     4012        0     1                 $t
    4013     4013      10c     1                 xTaskRemoveFromEventList
    411e     411e      110     2         ./ra/aws/FreeRTOS/FreeRTOS/Source/tasks.o:(.text.vTaskRemoveFromUnorderedEventList)
    411e     411e        0     1                 $t
    411f     411f      110     1                 vTaskRemoveFromUnorderedEventList
    422e     422e       4a     2         ./ra/aws/FreeRTOS/FreeRTOS/Source/tasks.o:(.text.vTaskSetTimeOutState)
    422e     422e        0     1                 $t
    422f     422f       4a     1                 vTaskSetTimeOutState
    4278     4278       1a     2         ./ra/aws/FreeRTOS/FreeRTOS/Source/tasks.o:(.text.vTaskInternalSetTimeOutState)
    4278     4278        0     1                 $t
    4279     4279       1a     1                 vTaskInternalSetTimeOutState
    4292     4292       a0     2         ./ra/aws/FreeRTOS/FreeRTOS/Source/tasks.o:(.text.xTaskCheckForTimeOut)
    4292     4292        0     1                 $t
    4293     4293       a0     1                 xTaskCheckForTimeOut
    4332     4332        e     2         ./ra/aws/FreeRTOS/FreeRTOS/Source/tasks.o:(.text.vTaskMissedYield)
    4332     4332        0     1                 $t
    4333     4333        e     1                 vTaskMissedYield
    4340     4340        c     2         ./ra/aws/FreeRTOS/FreeRTOS/Source/tasks.o:(.text.xTaskGetCurrentTaskHandle)
    4340     4340        0     1                 $t
    4341     4341        c     1                 xTaskGetCurrentTaskHandle
    434c     434c       26     2         ./ra/aws/FreeRTOS/FreeRTOS/Source/tasks.o:(.text.xTaskGetSchedulerState)
    434c     434c        0     1                 $t
    434d     434d       26     1                 xTaskGetSchedulerState
    4372     4372       1a     2         ./ra/aws/FreeRTOS/FreeRTOS/Source/tasks.o:(.text.uxTaskResetEventItemValue)
    4372     4372        0     1                 $t
    4373     4373       1a     1                 uxTaskResetEventItemValue
    438c     438c       b0     2         ./ra/aws/FreeRTOS/FreeRTOS/Source/tasks.o:(.text.ulTaskGenericNotifyTake)
    438c     438c        0     1                 $t
    438d     438d       b0     1                 ulTaskGenericNotifyTake
    443c     443c      164     2         ./ra/aws/FreeRTOS/FreeRTOS/Source/tasks.o:(.text.vTaskGenericNotifyGiveFromISR)
    443c     443c        0     1                 $t
    443d     443d      164     1                 vTaskGenericNotifyGiveFromISR
    45a0     45a0       94     4         ./ra/aws/FreeRTOS/FreeRTOS/Source/tasks.o:(.text.prvInitialiseNewTask)
    45a0     45a0        0     1                 $t
    45a1     45a1       94     1                 prvInitialiseNewTask
    4634     4634       2e     4         ./ra/aws/FreeRTOS/FreeRTOS/Source/tasks.o:(.text.prvIdleTask)
    4634     4634        0     1                 $t
    4635     4635       2e     1                 prvIdleTask
    4662     4662       7e     2         ./ra/aws/FreeRTOS/FreeRTOS/Source/timers.o:(.text.xTimerCreateTimerTask)
    4662     4662        0     1                 $t
    4663     4663       7e     1                 xTimerCreateTimerTask
    46e0     46e0       7a     2         ./ra/aws/FreeRTOS/FreeRTOS/Source/timers.o:(.text.prvCheckForValidListAndQueue)
    46e0     46e0        0     1                 $t
    46e1     46e1       7a     1                 prvCheckForValidListAndQueue
    475c     475c      190     4         ./ra/aws/FreeRTOS/FreeRTOS/Source/timers.o:(.text.prvTimerTask)
    475c     475c        0     1                 $t
    475d     475d      190     1                 prvTimerTask
    483e     483e        0     1                 $d
    4848     4848        0     1                 $t
    48ec     48ec       56     4         ./ra/aws/FreeRTOS/FreeRTOS/Source/timers.o:(.text.prvSampleTimeNow)
    48ec     48ec        0     1                 $t
    48ed     48ed       56     1                 prvSampleTimeNow
    4942     4942       40     2         ./ra/aws/FreeRTOS/FreeRTOS/Source/timers.o:(.text.prvProcessExpiredTimer)
    4942     4942        0     1                 $t
    4943     4943       40     1                 prvProcessExpiredTimer
    4984     4984       2e     4         ./ra/aws/FreeRTOS/FreeRTOS/Source/timers.o:(.text.prvReloadTimer)
    4984     4984        0     1                 $t
    4985     4985       2e     1                 prvReloadTimer
    49b2     49b2       40     2         ./ra/aws/FreeRTOS/FreeRTOS/Source/timers.o:(.text.prvInsertTimerInActiveList)
    49b2     49b2        0     1                 $t
    49b3     49b3       40     1                 prvInsertTimerInActiveList
    49f4     49f4       aa     4         ./ra/aws/FreeRTOS/FreeRTOS-Plus/Source/FreeRTOS-Plus-TCP/source/portable/BufferManagement/BufferAllocation_2.o:(.text.xNetworkBuffersInitialise)
    49f4     49f4        0     1                 $t
    49f5     49f5       aa     1                 xNetworkBuffersInitialise
    4a9e     4a9e       d4     2         ./ra/aws/FreeRTOS/FreeRTOS-Plus/Source/FreeRTOS-Plus-TCP/source/portable/BufferManagement/BufferAllocation_2.o:(.text.pxGetNetworkBufferWithDescriptor)
    4a9e     4a9e        0     1                 $t
    4a9f     4a9f       d4     1                 pxGetNetworkBufferWithDescriptor
    4b72     4b72       58     2         ./ra/aws/FreeRTOS/FreeRTOS-Plus/Source/FreeRTOS-Plus-TCP/source/portable/BufferManagement/BufferAllocation_2.o:(.text.vReleaseNetworkBufferAndDescriptor)
    4b72     4b72        0     1                 $t
    4b73     4b73       58     1                 vReleaseNetworkBufferAndDescriptor
    4bca     4bca      19c     2         ./ra/aws/FreeRTOS/FreeRTOS-Plus/Source/FreeRTOS-Plus-TCP/source/FreeRTOS_ARP.o:(.text.eARPProcessPacket)
    4bca     4bca        0     1                 $t
    4bcb     4bcb      19c     1                 eARPProcessPacket
    4d66     4d66       64     2         ./ra/aws/FreeRTOS/FreeRTOS-Plus/Source/FreeRTOS-Plus-TCP/source/FreeRTOS_ARP.o:(.text.FreeRTOS_OutputARPRequest_Multi)
    4d66     4d66        0     1                 $t
    4d67     4d67       64     1                 FreeRTOS_OutputARPRequest_Multi
    4dcc     4dcc      16a     4         ./ra/aws/FreeRTOS/FreeRTOS-Plus/Source/FreeRTOS-Plus-TCP/source/FreeRTOS_ARP.o:(.text.eARPGetCacheEntry)
    4dcc     4dcc        0     1                 $t
    4dcd     4dcd      16a     1                 eARPGetCacheEntry
    4f38     4f38       fe     4         ./ra/aws/FreeRTOS/FreeRTOS-Plus/Source/FreeRTOS-Plus-TCP/source/FreeRTOS_ARP.o:(.text.vARPRefreshCacheEntry)
    4f38     4f38        0     1                 $t
    4f39     4f39       fe     1                 vARPRefreshCacheEntry
    5038     5038       82     4         ./ra/aws/FreeRTOS/FreeRTOS-Plus/Source/FreeRTOS-Plus-TCP/source/FreeRTOS_ARP.o:(.text.vARPProcessPacketReply)
    5038     5038        0     1                 $t
    5039     5039       82     1                 vARPProcessPacketReply
    50bc     50bc       70     4         ./ra/aws/FreeRTOS/FreeRTOS-Plus/Source/FreeRTOS-Plus-TCP/source/FreeRTOS_ARP.o:(.text.xCheckRequiresARPResolution)
    50bc     50bc        0     1                 $t
    50bd     50bd       70     1                 xCheckRequiresARPResolution
    512c     512c       3a     4         ./ra/aws/FreeRTOS/FreeRTOS-Plus/Source/FreeRTOS-Plus-TCP/source/FreeRTOS_ARP.o:(.text.vARPRefreshCacheEntryAge)
    512c     512c        0     1                 $t
    512d     512d       3a     1                 vARPRefreshCacheEntryAge
    5168     5168       7e     4         ./ra/aws/FreeRTOS/FreeRTOS-Plus/Source/FreeRTOS-Plus-TCP/source/FreeRTOS_ARP.o:(.text.vARPAgeCache)
    5168     5168        0     1                 $t
    5169     5169       7e     1                 vARPAgeCache
    51e6     51e6       16     2         ./ra/aws/FreeRTOS/FreeRTOS-Plus/Source/FreeRTOS-Plus-TCP/source/FreeRTOS_ARP.o:(.text.FreeRTOS_OutputARPRequest)
    51e6     51e6        0     1                 $t
    51e7     51e7       16     1                 FreeRTOS_OutputARPRequest
    51fc     51fc       ac     2         ./ra/aws/FreeRTOS/FreeRTOS-Plus/Source/FreeRTOS-Plus-TCP/source/FreeRTOS_ARP.o:(.text.vARPGenerateRequestPacket)
    51fc     51fc        0     1                 $t
    51fd     51fd       ac     1                 vARPGenerateRequestPacket
    52a8     52a8       40     4         ./ra/aws/FreeRTOS/FreeRTOS-Plus/Source/FreeRTOS-Plus-TCP/source/FreeRTOS_ARP.o:(.text.FreeRTOS_ClearARP)
    52a8     52a8        0     1                 $t
    52a9     52a9       40     1                 FreeRTOS_ClearARP
    52e8     52e8       14     2         ./ra/aws/FreeRTOS/FreeRTOS-Plus/Source/FreeRTOS-Plus-TCP/source/FreeRTOS_DNS_Cache.o:(.text.FreeRTOS_dnsclear)
    52e8     52e8        0     1                 $t
    52e9     52e9       14     1                 FreeRTOS_dnsclear
    52fc     52fc       7e     2         ./ra/aws/FreeRTOS/FreeRTOS-Plus/Source/FreeRTOS-Plus-TCP/source/FreeRTOS_ICMP.o:(.text.ProcessICMPPacket)
    52fc     52fc        0     1                 $t
    52fd     52fd       7e     1                 ProcessICMPPacket
    537a     537a        c     2         ./ra/aws/FreeRTOS/FreeRTOS-Plus/Source/FreeRTOS-Plus-TCP/source/FreeRTOS_IP.o:(.text.FreeRTOS_GetIPTaskHandle)
    537a     537a        0     1                 $t
    537b     537b        c     1                 FreeRTOS_GetIPTaskHandle
    5386     5386       2c     2         ./ra/aws/FreeRTOS/FreeRTOS-Plus/Source/FreeRTOS-Plus-TCP/source/FreeRTOS_IP.o:(.text.vIPNetworkUpCalls)
    5386     5386        0     1                 $t
    5387     5387       2c     1                 vIPNetworkUpCalls
    53b2     53b2       40     2         ./ra/aws/FreeRTOS/FreeRTOS-Plus/Source/FreeRTOS-Plus-TCP/source/FreeRTOS_IP.o:(.text.FreeRTOS_NetworkDown)
    53b2     53b2        0     1                 $t
    53b3     53b3       40     1                 FreeRTOS_NetworkDown
    53f2     53f2       5a     2         ./ra/aws/FreeRTOS/FreeRTOS-Plus/Source/FreeRTOS-Plus-TCP/source/FreeRTOS_IP.o:(.text.xSendEventStructToIPTask)
    53f2     53f2        0     1                 $t
    53f3     53f3       5a     1                 xSendEventStructToIPTask
    544c     544c       42     2         ./ra/aws/FreeRTOS/FreeRTOS-Plus/Source/FreeRTOS-Plus-TCP/source/FreeRTOS_IP.o:(.text.FreeRTOS_IPInit)
    544c     544c        0     1                 $t
    544d     544d       42     1                 FreeRTOS_IPInit
    548e     548e       c6     2         ./ra/aws/FreeRTOS/FreeRTOS-Plus/Source/FreeRTOS-Plus-TCP/source/FreeRTOS_IP.o:(.text.FreeRTOS_IPInit_Multi)
    548e     548e        0     1                 $t
    548f     548f       c6     1                 FreeRTOS_IPInit_Multi
    5554     5554      326     4         ./ra/aws/FreeRTOS/FreeRTOS-Plus/Source/FreeRTOS-Plus-TCP/source/FreeRTOS_IP.o:(.text.prvIPTask)
    5554     5554        0     1                 $t
    5555     5555      326     1                 prvIPTask
    55d2     55d2        0     1                 $d
    55de     55de        0     1                 $t
    587a     587a       18     2         ./ra/aws/FreeRTOS/FreeRTOS-Plus/Source/FreeRTOS-Plus-TCP/source/FreeRTOS_IP.o:(.text.xSendEventToIPTask)
    587a     587a        0     1                 $t
    587b     587b       18     1                 xSendEventToIPTask
    5892     5892        c     2         ./ra/aws/FreeRTOS/FreeRTOS-Plus/Source/FreeRTOS-Plus-TCP/source/FreeRTOS_IP.o:(.text.xIPIsNetworkTaskReady)
    5892     5892        0     1                 $t
    5893     5893        c     1                 xIPIsNetworkTaskReady
    589e     589e       a6     2         ./ra/aws/FreeRTOS/FreeRTOS-Plus/Source/FreeRTOS-Plus-TCP/source/FreeRTOS_IP.o:(.text.eConsiderFrameForProcessing)
    589e     589e        0     1                 $t
    589f     589f       a6     1                 eConsiderFrameForProcessing
    5944     5944       c6     2         ./ra/aws/FreeRTOS/FreeRTOS-Plus/Source/FreeRTOS-Plus-TCP/source/FreeRTOS_IP.o:(.text.vReturnEthernetFrame)
    5944     5944        0     1                 $t
    5945     5945       c6     1                 vReturnEthernetFrame
    5a0a     5a0a       16     2         ./ra/aws/FreeRTOS/FreeRTOS-Plus/Source/FreeRTOS-Plus-TCP/source/FreeRTOS_IP.o:(.text.FreeRTOS_UpdateMACAddress)
    5a0a     5a0a        0     1                 $t
    5a0b     5a0b       16     1                 FreeRTOS_UpdateMACAddress
    5a20     5a20       14     2         ./ra/aws/FreeRTOS/FreeRTOS-Plus/Source/FreeRTOS-Plus-TCP/source/FreeRTOS_IP.o:(.text.uxIPHeaderSizePacket)
    5a20     5a20        0     1                 $t
    5a21     5a21       14     1                 uxIPHeaderSizePacket
    5a34     5a34       10     2         ./ra/aws/FreeRTOS/FreeRTOS-Plus/Source/FreeRTOS-Plus-TCP/source/FreeRTOS_IP.o:(.text.uxIPHeaderSizeSocket)
    5a34     5a34        0     1                 $t
    5a35     5a35       10     1                 uxIPHeaderSizeSocket
    5a44     5a44       58     4         ./ra/aws/FreeRTOS/FreeRTOS-Plus/Source/FreeRTOS-Plus-TCP/source/FreeRTOS_IP_Timers.o:(.text.xCalculateSleepTime)
    5a44     5a44        0     1                 $t
    5a45     5a45       58     1                 xCalculateSleepTime
    5a9c     5a9c       f0     4         ./ra/aws/FreeRTOS/FreeRTOS-Plus/Source/FreeRTOS-Plus-TCP/source/FreeRTOS_IP_Timers.o:(.text.vCheckNetworkTimers)
    5a9c     5a9c        0     1                 $t
    5a9d     5a9d       f0     1                 vCheckNetworkTimers
    5b8c     5b8c       50     2         ./ra/aws/FreeRTOS/FreeRTOS-Plus/Source/FreeRTOS-Plus-TCP/source/FreeRTOS_IP_Timers.o:(.text.prvIPTimerCheck)
    5b8c     5b8c        0     1                 $t
    5b8d     5b8d       50     1                 prvIPTimerCheck
    5bdc     5bdc       1a     2         ./ra/aws/FreeRTOS/FreeRTOS-Plus/Source/FreeRTOS-Plus-TCP/source/FreeRTOS_IP_Timers.o:(.text.vIPSetARPResolutionTimerEnableState)
    5bdc     5bdc        0     1                 $t
    5bdd     5bdd       1a     1                 vIPSetARPResolutionTimerEnableState
    5bf6     5bf6        c     2         ./ra/aws/FreeRTOS/FreeRTOS-Plus/Source/FreeRTOS-Plus-TCP/source/FreeRTOS_IP_Timers.o:(.text.vSetAllNetworksUp)
    5bf6     5bf6        0     1                 $t
    5bf7     5bf7        c     1                 vSetAllNetworksUp
    5c02     5c02       28     2         ./ra/aws/FreeRTOS/FreeRTOS-Plus/Source/FreeRTOS-Plus-TCP/source/FreeRTOS_IP_Timers.o:(.text.vIPTimerStartARPResolution)
    5c02     5c02        0     1                 $t
    5c03     5c03       28     1                 vIPTimerStartARPResolution
    5c2a     5c2a       2a     2         ./ra/aws/FreeRTOS/FreeRTOS-Plus/Source/FreeRTOS-Plus-TCP/source/FreeRTOS_IP_Timers.o:(.text.vTCPTimerReload)
    5c2a     5c2a        0     1                 $t
    5c2b     5c2b       2a     1                 vTCPTimerReload
    5c54     5c54       2a     2         ./ra/aws/FreeRTOS/FreeRTOS-Plus/Source/FreeRTOS-Plus-TCP/source/FreeRTOS_IP_Timers.o:(.text.vARPTimerReload)
    5c54     5c54        0     1                 $t
    5c55     5c55       2a     1                 vARPTimerReload
    5c7e     5c7e       2a     2         ./ra/aws/FreeRTOS/FreeRTOS-Plus/Source/FreeRTOS-Plus-TCP/source/FreeRTOS_IP_Timers.o:(.text.vNetworkTimerReload)
    5c7e     5c7e        0     1                 $t
    5c7f     5c7f       2a     1                 vNetworkTimerReload
    5ca8     5ca8       1c     2         ./ra/aws/FreeRTOS/FreeRTOS-Plus/Source/FreeRTOS-Plus-TCP/source/FreeRTOS_IP_Timers.o:(.text.vIPSetTCPTimerExpiredState)
    5ca8     5ca8        0     1                 $t
    5ca9     5ca9       1c     1                 vIPSetTCPTimerExpiredState
    5cc4     5cc4       1a     2         ./ra/aws/FreeRTOS/FreeRTOS-Plus/Source/FreeRTOS-Plus-TCP/source/FreeRTOS_IP_Timers.o:(.text.vIPSetARPTimerEnableState)
    5cc4     5cc4        0     1                 $t
    5cc5     5cc5       1a     1                 vIPSetARPTimerEnableState
    5cde     5cde       16     2         ./ra/aws/FreeRTOS/FreeRTOS-Plus/Source/FreeRTOS-Plus-TCP/source/FreeRTOS_IP_Utils.o:(.text.xIsCallingFromIPTask)
    5cde     5cde        0     1                 $t
    5cdf     5cdf       16     1                 xIsCallingFromIPTask
    5cf4     5cf4       f0     4         ./ra/aws/FreeRTOS/FreeRTOS-Plus/Source/FreeRTOS-Plus-TCP/source/FreeRTOS_IP_Utils.o:(.text.prvProcessNetworkDownEvent)
    5cf4     5cf4        0     1                 $t
    5cf5     5cf5       f0     1                 prvProcessNetworkDownEvent
    5de4     5de4       7c     2         ./ra/aws/FreeRTOS/FreeRTOS-Plus/Source/FreeRTOS-Plus-TCP/source/FreeRTOS_IP_Utils.o:(.text.vPreCheckConfigs)
    5de4     5de4        0     1                 $t
    5de5     5de5       7c     1                 vPreCheckConfigs
    5e60     5e60      1ac     2         ./ra/aws/FreeRTOS/FreeRTOS-Plus/Source/FreeRTOS-Plus-TCP/source/FreeRTOS_IP_Utils.o:(.text.usGenerateProtocolChecksum)
    5e60     5e60        0     1                 $t
    5e61     5e61      1ac     1                 usGenerateProtocolChecksum
    600c     600c       d6     4         ./ra/aws/FreeRTOS/FreeRTOS-Plus/Source/FreeRTOS-Plus-TCP/source/FreeRTOS_IP_Utils.o:(.text.usGenerateChecksum)
    600c     600c        0     1                 $t
    600d     600d       d6     1                 usGenerateChecksum
    60e2     60e2        8     2         ./ra/aws/FreeRTOS/FreeRTOS-Plus/Source/FreeRTOS-Plus-TCP/source/FreeRTOS_IP_Utils.o:(.text.FreeRTOS_min_int32)
[...]
prvSendData                                       ./ra/aws/FreeRTOS/FreeRTOS-Plus/Source/FreeRTOS-Plus-TCP/source/FreeRTOS_TCP_Transmission.o
                                                  ./ra/aws/FreeRTOS/FreeRTOS-Plus/Source/FreeRTOS-Plus-TCP/source/FreeRTOS_TCP_State_Handling.o
prvTCPPrepareSend                                 ./ra/aws/FreeRTOS/FreeRTOS-Plus/Source/FreeRTOS-Plus-TCP/source/FreeRTOS_TCP_Transmission.o
                                                  ./ra/aws/FreeRTOS/FreeRTOS-Plus/Source/FreeRTOS-Plus-TCP/source/FreeRTOS_TCP_State_Handling.o
prvHandleListen_IPV4                              ./ra/aws/FreeRTOS/FreeRTOS-Plus/Source/FreeRTOS-Plus-TCP/source/FreeRTOS_TCP_State_Handling_IPv4.o
                                                  ./ra/aws/FreeRTOS/FreeRTOS-Plus/Source/FreeRTOS-Plus-TCP/source/FreeRTOS_TCP_State_Handling.o
prvTCPSocketCopy                                  ./ra/aws/FreeRTOS/FreeRTOS-Plus/Source/FreeRTOS-Plus-TCP/source/FreeRTOS_TCP_State_Handling.o
                                                  ./ra/aws/FreeRTOS/FreeRTOS-Plus/Source/FreeRTOS-Plus-TCP/source/FreeRTOS_TCP_State_Handling_IPv4.o
prvSocketSetMSS                                   ./ra/aws/FreeRTOS/FreeRTOS-Plus/Source/FreeRTOS-Plus-TCP/source/FreeRTOS_TCP_Utils.o
                                                  ./ra/aws/FreeRTOS/FreeRTOS-Plus/Source/FreeRTOS-Plus-TCP/source/FreeRTOS_TCP_State_Handling_IPv4.o
                                                  ./ra/aws/FreeRTOS/FreeRTOS-Plus/Source/FreeRTOS-Plus-TCP/source/FreeRTOS_TCP_Transmission_IPv4.o
prvTCPCreateWindow                                ./ra/aws/FreeRTOS/FreeRTOS-Plus/Source/FreeRTOS-Plus-TCP/source/FreeRTOS_TCP_Transmission.o
                                                  ./ra/aws/FreeRTOS/FreeRTOS-Plus/Source/FreeRTOS-Plus-TCP/source/FreeRTOS_TCP_State_Handling_IPv4.o
                                                  ./ra/aws/FreeRTOS/FreeRTOS-Plus/Source/FreeRTOS-Plus-TCP/source/FreeRTOS_TCP_Transmission_IPv4.o
prvTCPSendRepeated                                ./ra/aws/FreeRTOS/FreeRTOS-Plus/Source/FreeRTOS-Plus-TCP/source/FreeRTOS_TCP_Transmission.o
prvTCPPrepareConnect_IPV4                         ./ra/aws/FreeRTOS/FreeRTOS-Plus/Source/FreeRTOS-Plus-TCP/source/FreeRTOS_TCP_Transmission_IPv4.o
                                                  ./ra/aws/FreeRTOS/FreeRTOS-Plus/Source/FreeRTOS-Plus-TCP/source/FreeRTOS_TCP_Transmission.o
prvTCPReturnPacket                                ./ra/aws/FreeRTOS/FreeRTOS-Plus/Source/FreeRTOS-Plus-TCP/source/FreeRTOS_TCP_Transmission.o
                                                  ./ra/aws/FreeRTOS/FreeRTOS-Plus/Source/FreeRTOS-Plus-TCP/source/FreeRTOS_TCP_Transmission_IPv4.o
prvTCPReturnPacket_IPV4                           ./ra/aws/FreeRTOS/FreeRTOS-Plus/Source/FreeRTOS-Plus-TCP/source/FreeRTOS_TCP_Transmission_IPv4.o
                                                  ./ra/aws/FreeRTOS/FreeRTOS-Plus/Source/FreeRTOS-Plus-TCP/source/FreeRTOS_TCP_Transmission.o
ulTCPWindowTxGet                                  ./ra/aws/FreeRTOS/FreeRTOS-Plus/Source/FreeRTOS-Plus-TCP/source/FreeRTOS_Tiny_TCP.o
                                                  ./ra/aws/FreeRTOS/FreeRTOS-Plus/Source/FreeRTOS-Plus-TCP/source/FreeRTOS_TCP_Transmission.o
prvTCPBufferResize                                ./ra/aws/FreeRTOS/FreeRTOS-Plus/Source/FreeRTOS-Plus-TCP/source/FreeRTOS_TCP_Transmission.o
prvTCPReturn_CheckTCPWindow                       ./ra/aws/FreeRTOS/FreeRTOS-Plus/Source/FreeRTOS-Plus-TCP/source/FreeRTOS_TCP_Transmission.o
                                                  ./ra/aws/FreeRTOS/FreeRTOS-Plus/Source/FreeRTOS-Plus-TCP/source/FreeRTOS_TCP_Transmission_IPv4.o
prvTCPReturn_SetSequenceNumber                    ./ra/aws/FreeRTOS/FreeRTOS-Plus/Source/FreeRTOS-Plus-TCP/source/FreeRTOS_TCP_Transmission.o
                                                  ./ra/aws/FreeRTOS/FreeRTOS-Plus/Source/FreeRTOS-Plus-TCP/source/FreeRTOS_TCP_Transmission_IPv4.o
xTCPWindowCreate                                  ./ra/aws/FreeRTOS/FreeRTOS-Plus/Source/FreeRTOS-Plus-TCP/source/FreeRTOS_TCP_WIN.o
                                                  ./ra/aws/FreeRTOS/FreeRTOS-Plus/Source/FreeRTOS-Plus-TCP/source/FreeRTOS_TCP_Transmission.o
prvTCPReturn_SetEndPoint                          ./ra/aws/FreeRTOS/FreeRTOS-Plus/Source/FreeRTOS-Plus-TCP/source/FreeRTOS_TCP_Transmission.o
                                                  ./ra/aws/FreeRTOS/FreeRTOS-Plus/Source/FreeRTOS-Plus-TCP/source/FreeRTOS_TCP_Transmission_IPv4.o
lTCPWindowTxAdd                                   ./ra/aws/FreeRTOS/FreeRTOS-Plus/Source/FreeRTOS-Plus-TCP/source/FreeRTOS_Tiny_TCP.o
                                                  ./ra/aws/FreeRTOS/FreeRTOS-Plus/Source/FreeRTOS-Plus-TCP/source/FreeRTOS_TCP_Transmission.o
prvTCPSendSpecialPktHelper_IPV4                   ./ra/aws/FreeRTOS/FreeRTOS-Plus/Source/FreeRTOS-Plus-TCP/source/FreeRTOS_TCP_Transmission_IPv4.o
                                                  ./ra/aws/FreeRTOS/FreeRTOS-Plus/Source/FreeRTOS-Plus-TCP/source/FreeRTOS_TCP_Transmission.o
prvSocketSetMSS_IPV4                              ./ra/aws/FreeRTOS/FreeRTOS-Plus/Source/FreeRTOS-Plus-TCP/source/FreeRTOS_TCP_Utils_IPv4.o
                                                  ./ra/aws/FreeRTOS/FreeRTOS-Plus/Source/FreeRTOS-Plus-TCP/source/FreeRTOS_TCP_Utils.o
vProcessGeneratedUDPPacket_IPv4                   ./ra/aws/FreeRTOS/FreeRTOS-Plus/Source/FreeRTOS-Plus-TCP/source/FreeRTOS_UDP_IPv4.o
                                                  ./ra/aws/FreeRTOS/FreeRTOS-Plus/Source/FreeRTOS-Plus-TCP/source/FreeRTOS_UDP_IP.o
xProcessReceivedUDPPacket_IPv4                    ./ra/aws/FreeRTOS/FreeRTOS-Plus/Source/FreeRTOS-Plus-TCP/source/FreeRTOS_UDP_IPv4.o
                                                  ./ra/aws/FreeRTOS/FreeRTOS-Plus/Source/FreeRTOS-Plus-TCP/source/FreeRTOS_UDP_IP.o
bzero                                             C:\Renesas\RA\e2studio_v2025-12_fsp_v6.4.0\toolchains\llvm_arm\ATfE-21.1.1-Windows-x86_64\bin\..\lib\clang-runtimes/arm-none-eabi/armv7m_hard_fpv4_sp_d16_exn_rtti_unaligned_size\lib\libc.a(bzero.c.o)
__aeabi_memclr8                                   C:\Renesas\RA\e2studio_v2025-12_fsp_v6.4.0\toolchains\llvm_arm\ATfE-21.1.1-Windows-x86_64\bin\..\lib\clang-runtimes/arm-none-eabi/armv7m_hard_fpv4_sp_d16_exn_rtti_unaligned_size\lib\libc.a(bzero.c.o)
__aeabi_memcpy8                                   C:\Renesas\RA\e2studio_v2025-12_fsp_v6.4.0\toolchains\llvm_arm\ATfE-21.1.1-Windows-x86_64\bin\..\lib\clang-runtimes/arm-none-eabi/armv7m_hard_fpv4_sp_d16_exn_rtti_unaligned_size\lib\libc.a(memcpy.c.o)
memmove                                           C:\Renesas\RA\e2studio_v2025-12_fsp_v6.4.0\toolchains\llvm_arm\ATfE-21.1.1-Windows-x86_64\bin\..\lib\clang-runtimes/arm-none-eabi/armv7m_hard_fpv4_sp_d16_exn_rtti_unaligned_size\lib\libc.a(memmove.c.o)
__aeabi_memmove4                                  C:\Renesas\RA\e2studio_v2025-12_fsp_v6.4.0\toolchains\llvm_arm\ATfE-21.1.1-Windows-x86_64\bin\..\lib\clang-runtimes/arm-none-eabi/armv7m_hard_fpv4_sp_d16_exn_rtti_unaligned_size\lib\libc.a(memmove.c.o)
__aeabi_memmove8                                  C:\Renesas\RA\e2studio_v2025-12_fsp_v6.4.0\toolchains\llvm_arm\ATfE-21.1.1-Windows-x86_64\bin\..\lib\clang-runtimes/arm-none-eabi/armv7m_hard_fpv4_sp_d16_exn_rtti_unaligned_size\lib\libc.a(memmove.c.o)
strtol                                            C:\Renesas\RA\e2studio_v2025-12_fsp_v6.4.0\toolchains\llvm_arm\ATfE-21.1.1-Windows-x86_64\bin\..\lib\clang-runtimes/arm-none-eabi/armv7m_hard_fpv4_sp_d16_exn_rtti_unaligned_size\lib\libc.a(libc_tinystdio_strtol.c.o)
                                                  C:\Renesas\RA\e2studio_v2025-12_fsp_v6.4.0\toolchains\llvm_arm\ATfE-21.1.1-Windows-x86_64\bin\..\lib\clang-runtimes/arm-none-eabi/armv7m_hard_fpv4_sp_d16_exn_rtti_unaligned_size\lib\libc.a(libc_stdlib_atoi.c.o)
random                                            C:\Renesas\RA\e2studio_v2025-12_fsp_v6.4.0\toolchains\llvm_arm\ATfE-21.1.1-Windows-x86_64\bin\..\lib\clang-runtimes/arm-none-eabi/armv7m_hard_fpv4_sp_d16_exn_rtti_unaligned_size\lib\libc.a(libc_stdlib_random.c.o)
                                                  C:\Renesas\RA\e2studio_v2025-12_fsp_v6.4.0\toolchains\llvm_arm\ATfE-21.1.1-Windows-x86_64\bin\..\lib\clang-runtimes/arm-none-eabi/armv7m_hard_fpv4_sp_d16_exn_rtti_unaligned_size\lib\libc.a(libc_stdlib_rand.c.o)
_rand_next                                        C:\Renesas\RA\e2studio_v2025-12_fsp_v6.4.0\toolchains\llvm_arm\ATfE-21.1.1-Windows-x86_64\bin\..\lib\clang-runtimes/arm-none-eabi/armv7m_hard_fpv4_sp_d16_exn_rtti_unaligned_size\lib\libc.a(libc_stdlib_random.c.o)
__tdata_source                                    fsp_gen.lld:428
                                                  C:\Renesas\RA\e2studio_v2025-12_fsp_v6.4.0\toolchains\llvm_arm\ATfE-21.1.1-Windows-x86_64\bin\..\lib\clang-runtimes/arm-none-eabi/armv7m_hard_fpv4_sp_d16_exn_rtti_unaligned_size\lib\libc.a(libc_picolib_inittls.c.o)
__tdata_size                                      fsp_gen.lld:429
                                                  C:\Renesas\RA\e2studio_v2025-12_fsp_v6.4.0\toolchains\llvm_arm\ATfE-21.1.1-Windows-x86_64\bin\..\lib\clang-runtimes/arm-none-eabi/armv7m_hard_fpv4_sp_d16_exn_rtti_unaligned_size\lib\libc.a(libc_picolib_inittls.c.o)
__tbss_offset                                     fsp_gen.lld:430
                                                  C:\Renesas\RA\e2studio_v2025-12_fsp_v6.4.0\toolchains\llvm_arm\ATfE-21.1.1-Windows-x86_64\bin\..\lib\clang-runtimes/arm-none-eabi/armv7m_hard_fpv4_sp_d16_exn_rtti_unaligned_size\lib\libc.a(libc_picolib_inittls.c.o)
__tbss_size                                       fsp_gen.lld:431
                                                  C:\Renesas\RA\e2studio_v2025-12_fsp_v6.4.0\toolchains\llvm_arm\ATfE-21.1.1-Windows-x86_64\bin\..\lib\clang-runtimes/arm-none-eabi/armv7m_hard_fpv4_sp_d16_exn_rtti_unaligned_size\lib\libc.a(libc_picolib_inittls.c.o)
__arm32_tls_tcb_offset                            fsp_gen.lld:432
                                                  C:\Renesas\RA\e2studio_v2025-12_fsp_v6.4.0\toolchains\llvm_arm\ATfE-21.1.1-Windows-x86_64\bin\..\lib\clang-runtimes/arm-none-eabi/armv7m_hard_fpv4_sp_d16_exn_rtti_unaligned_size\lib\libc.a(libc_picolib_machine_arm_set_tls.c.o)
__tls                                             C:\Renesas\RA\e2studio_v2025-12_fsp_v6.4.0\toolchains\llvm_arm\ATfE-21.1.1-Windows-x86_64\bin\..\lib\clang-runtimes/arm-none-eabi/armv7m_hard_fpv4_sp_d16_exn_rtti_unaligned_size\lib\libc.a(libc_picolib_machine_arm_tls.c.o)
                                                  C:\Renesas\RA\e2studio_v2025-12_fsp_v6.4.0\toolchains\llvm_arm\ATfE-21.1.1-Windows-x86_64\bin\..\lib\clang-runtimes/arm-none-eabi/armv7m_hard_fpv4_sp_d16_exn_rtti_unaligned_size\lib\libc.a(libc_picolib_machine_arm_set_tls.c.o)
                                                  C:\Renesas\RA\e2studio_v2025-12_fsp_v6.4.0\toolchains\llvm_arm\ATfE-21.1.1-Windows-x86_64\bin\..\lib\clang-runtimes/arm-none-eabi/armv7m_hard_fpv4_sp_d16_exn_rtti_unaligned_size\lib\libc.a(libc_picolib_machine_arm_read_tp.S.o)
vfprintf                                          C:\Renesas\RA\e2studio_v2025-12_fsp_v6.4.0\toolchains\llvm_arm\ATfE-21.1.1-Windows-x86_64\bin\..\lib\clang-runtimes/arm-none-eabi/armv7m_hard_fpv4_sp_d16_exn_rtti_unaligned_size\lib\libc.a(libc_tinystdio_vfprintf.c.o)
                                                  C:\Renesas\RA\e2studio_v2025-12_fsp_v6.4.0\toolchains\llvm_arm\ATfE-21.1.1-Windows-x86_64\bin\..\lib\clang-runtimes/arm-none-eabi/armv7m_hard_fpv4_sp_d16_exn_rtti_unaligned_size\lib\libc.a(libc_tinystdio_snprintf.c.o)
__file_str_put                                    C:\Renesas\RA\e2studio_v2025-12_fsp_v6.4.0\toolchains\llvm_arm\ATfE-21.1.1-Windows-x86_64\bin\..\lib\clang-runtimes/arm-none-eabi/armv7m_hard_fpv4_sp_d16_exn_rtti_unaligned_size\lib\libc.a(libc_tinystdio_filestrput.c.o)
                                                  C:\Renesas\RA\e2studio_v2025-12_fsp_v6.4.0\toolchains\llvm_arm\ATfE-21.1.1-Windows-x86_64\bin\..\lib\clang-runtimes/arm-none-eabi/armv7m_hard_fpv4_sp_d16_exn_rtti_unaligned_size\lib\libc.a(libc_tinystdio_snprintf.c.o)
_ctype_b                                          C:\Renesas\RA\e2studio_v2025-12_fsp_v6.4.0\toolchains\llvm_arm\ATfE-21.1.1-Windows-x86_64\bin\..\lib\clang-runtimes/arm-none-eabi/armv7m_hard_fpv4_sp_d16_exn_rtti_unaligned_size\lib\libc.a(libc_ctype_ctype_.c.o)
                                                  C:\Renesas\RA\e2studio_v2025-12_fsp_v6.4.0\toolchains\llvm_arm\ATfE-21.1.1-Windows-x86_64\bin\..\lib\clang-runtimes/arm-none-eabi/armv7m_hard_fpv4_sp_d16_exn_rtti_unaligned_size\lib\libc.a(libc_tinystdio_strtol.c.o)
__dtox_engine                                     C:\Renesas\RA\e2studio_v2025-12_fsp_v6.4.0\toolchains\llvm_arm\ATfE-21.1.1-Windows-x86_64\bin\..\lib\clang-runtimes/arm-none-eabi/armv7m_hard_fpv4_sp_d16_exn_rtti_unaligned_size\lib\libc.a(libc_tinystdio_dtox_engine.c.o)
                                                  C:\Renesas\RA\e2studio_v2025-12_fsp_v6.4.0\toolchains\llvm_arm\ATfE-21.1.1-Windows-x86_64\bin\..\lib\clang-runtimes/arm-none-eabi/armv7m_hard_fpv4_sp_d16_exn_rtti_unaligned_size\lib\libc.a(libc_tinystdio_vfprintf.c.o)
__dtoa_engine                                     C:\Renesas\RA\e2studio_v2025-12_fsp_v6.4.0\toolchains\llvm_arm\ATfE-21.1.1-Windows-x86_64\bin\..\lib\clang-runtimes/arm-none-eabi/armv7m_hard_fpv4_sp_d16_exn_rtti_unaligned_size\lib\libc.a(libc_tinystdio_dtoa_ryu.c.o)
                                                  C:\Renesas\RA\e2studio_v2025-12_fsp_v6.4.0\toolchains\llvm_arm\ATfE-21.1.1-Windows-x86_64\bin\..\lib\clang-runtimes/arm-none-eabi/armv7m_hard_fpv4_sp_d16_exn_rtti_unaligned_size\lib\libc.a(libc_tinystdio_vfprintf.c.o)
strnlen                                           C:\Renesas\RA\e2studio_v2025-12_fsp_v6.4.0\toolchains\llvm_arm\ATfE-21.1.1-Windows-x86_64\bin\..\lib\clang-runtimes/arm-none-eabi/armv7m_hard_fpv4_sp_d16_exn_rtti_unaligned_size\lib\libc.a(libc_string_strnlen.c.o)
                                                  C:\Renesas\RA\e2studio_v2025-12_fsp_v6.4.0\toolchains\llvm_arm\ATfE-21.1.1-Windows-x86_64\bin\..\lib\clang-runtimes/arm-none-eabi/armv7m_hard_fpv4_sp_d16_exn_rtti_unaligned_size\lib\libc.a(libc_tinystdio_vfprintf.c.o)
__d_vfprintf                                      C:\Renesas\RA\e2studio_v2025-12_fsp_v6.4.0\toolchains\llvm_arm\ATfE-21.1.1-Windows-x86_64\bin\..\lib\clang-runtimes/arm-none-eabi/armv7m_hard_fpv4_sp_d16_exn_rtti_unaligned_size\lib\libc.a(libc_tinystdio_vfprintf.c.o)
__log10Pow2                                       C:\Renesas\RA\e2studio_v2025-12_fsp_v6.4.0\toolchains\llvm_arm\ATfE-21.1.1-Windows-x86_64\bin\..\lib\clang-runtimes/arm-none-eabi/armv7m_hard_fpv4_sp_d16_exn_rtti_unaligned_size\lib\libc.a(libc_tinystdio_ryu_log10.c.o)
                                                  C:\Renesas\RA\e2studio_v2025-12_fsp_v6.4.0\toolchains\llvm_arm\ATfE-21.1.1-Windows-x86_64\bin\..\lib\clang-runtimes/arm-none-eabi/armv7m_hard_fpv4_sp_d16_exn_rtti_unaligned_size\lib\libc.a(libc_tinystdio_dtoa_ryu.c.o)
__pow5bits                                        C:\Renesas\RA\e2studio_v2025-12_fsp_v6.4.0\toolchains\llvm_arm\ATfE-21.1.1-Windows-x86_64\bin\..\lib\clang-runtimes/arm-none-eabi/armv7m_hard_fpv4_sp_d16_exn_rtti_unaligned_size\lib\libc.a(libc_tinystdio_ryu_pow5bits.c.o)
                                                  C:\Renesas\RA\e2studio_v2025-12_fsp_v6.4.0\toolchains\llvm_arm\ATfE-21.1.1-Windows-x86_64\bin\..\lib\clang-runtimes/arm-none-eabi/armv7m_hard_fpv4_sp_d16_exn_rtti_unaligned_size\lib\libc.a(libc_tinystdio_dtoa_ryu.c.o)
                                                  C:\Renesas\RA\e2studio_v2025-12_fsp_v6.4.0\toolchains\llvm_arm\ATfE-21.1.1-Windows-x86_64\bin\..\lib\clang-runtimes/arm-none-eabi/armv7m_hard_fpv4_sp_d16_exn_rtti_unaligned_size\lib\libc.a(libc_tinystdio_ryu_table.c.o)
__double_computeInvPow5                           C:\Renesas\RA\e2studio_v2025-12_fsp_v6.4.0\toolchains\llvm_arm\ATfE-21.1.1-Windows-x86_64\bin\..\lib\clang-runtimes/arm-none-eabi/armv7m_hard_fpv4_sp_d16_exn_rtti_unaligned_size\lib\libc.a(libc_tinystdio_ryu_table.c.o)
                                                  C:\Renesas\RA\e2studio_v2025-12_fsp_v6.4.0\toolchains\llvm_arm\ATfE-21.1.1-Windows-x86_64\bin\..\lib\clang-runtimes/arm-none-eabi/armv7m_hard_fpv4_sp_d16_exn_rtti_unaligned_size\lib\libc.a(libc_tinystdio_dtoa_ryu.c.o)
__pow5Factor                                      C:\Renesas\RA\e2studio_v2025-12_fsp_v6.4.0\toolchains\llvm_arm\ATfE-21.1.1-Windows-x86_64\bin\..\lib\clang-runtimes/arm-none-eabi/armv7m_hard_fpv4_sp_d16_exn_rtti_unaligned_size\lib\libc.a(libc_tinystdio_ryu_table.c.o)
                                                  C:\Renesas\RA\e2studio_v2025-12_fsp_v6.4.0\toolchains\llvm_arm\ATfE-21.1.1-Windows-x86_64\bin\..\lib\clang-runtimes/arm-none-eabi/armv7m_hard_fpv4_sp_d16_exn_rtti_unaligned_size\lib\libc.a(libc_tinystdio_dtoa_ryu.c.o)
__log10Pow5                                       C:\Renesas\RA\e2studio_v2025-12_fsp_v6.4.0\toolchains\llvm_arm\ATfE-21.1.1-Windows-x86_64\bin\..\lib\clang-runtimes/arm-none-eabi/armv7m_hard_fpv4_sp_d16_exn_rtti_unaligned_size\lib\libc.a(libc_tinystdio_ryu_log10.c.o)
                                                  C:\Renesas\RA\e2studio_v2025-12_fsp_v6.4.0\toolchains\llvm_arm\ATfE-21.1.1-Windows-x86_64\bin\..\lib\clang-runtimes/arm-none-eabi/armv7m_hard_fpv4_sp_d16_exn_rtti_unaligned_size\lib\libc.a(libc_tinystdio_dtoa_ryu.c.o)
__double_computePow5                              C:\Renesas\RA\e2studio_v2025-12_fsp_v6.4.0\toolchains\llvm_arm\ATfE-21.1.1-Windows-x86_64\bin\..\lib\clang-runtimes/arm-none-eabi/armv7m_hard_fpv4_sp_d16_exn_rtti_unaligned_size\lib\libc.a(libc_tinystdio_ryu_table.c.o)
                                                  C:\Renesas\RA\e2studio_v2025-12_fsp_v6.4.0\toolchains\llvm_arm\ATfE-21.1.1-Windows-x86_64\bin\..\lib\clang-runtimes/arm-none-eabi/armv7m_hard_fpv4_sp_d16_exn_rtti_unaligned_size\lib\libc.a(libc_tinystdio_dtoa_ryu.c.o)
__umul128                                         C:\Renesas\RA\e2studio_v2025-12_fsp_v6.4.0\toolchains\llvm_arm\ATfE-21.1.1-Windows-x86_64\bin\..\lib\clang-runtimes/arm-none-eabi/armv7m_hard_fpv4_sp_d16_exn_rtti_unaligned_size\lib\libc.a(libc_tinystdio_ryu_umul128.c.o)
                                                  C:\Renesas\RA\e2studio_v2025-12_fsp_v6.4.0\toolchains\llvm_arm\ATfE-21.1.1-Windows-x86_64\bin\..\lib\clang-runtimes/arm-none-eabi/armv7m_hard_fpv4_sp_d16_exn_rtti_unaligned_size\lib\libc.a(libc_tinystdio_dtoa_ryu.c.o)
                                                  C:\Renesas\RA\e2studio_v2025-12_fsp_v6.4.0\toolchains\llvm_arm\ATfE-21.1.1-Windows-x86_64\bin\..\lib\clang-runtimes/arm-none-eabi/armv7m_hard_fpv4_sp_d16_exn_rtti_unaligned_size\lib\libc.a(libc_tinystdio_ryu_table.c.o)
__shiftright128                                   C:\Renesas\RA\e2studio_v2025-12_fsp_v6.4.0\toolchains\llvm_arm\ATfE-21.1.1-Windows-x86_64\bin\..\lib\clang-runtimes/arm-none-eabi/armv7m_hard_fpv4_sp_d16_exn_rtti_unaligned_size\lib\libc.a(libc_tinystdio_ryu_umul128.c.o)
                                                  C:\Renesas\RA\e2studio_v2025-12_fsp_v6.4.0\toolchains\llvm_arm\ATfE-21.1.1-Windows-x86_64\bin\..\lib\clang-runtimes/arm-none-eabi/armv7m_hard_fpv4_sp_d16_exn_rtti_unaligned_size\lib\libc.a(libc_tinystdio_dtoa_ryu.c.o)
                                                  C:\Renesas\RA\e2studio_v2025-12_fsp_v6.4.0\toolchains\llvm_arm\ATfE-21.1.1-Windows-x86_64\bin\..\lib\clang-runtimes/arm-none-eabi/armv7m_hard_fpv4_sp_d16_exn_rtti_unaligned_size\lib\libc.a(libc_tinystdio_ryu_table.c.o)
