     VMA      LMA     Size Align Out     In      Symbol
       0        0        0     1 RAM_START = 0x1ffe0000
       0        0        0     1 RAM_LENGTH = 0x00060000
       0        0        0     1 FLASH_START = 0x00000440
       0        0        0     1 FLASH_LENGTH = 0x000ffbc0
       0        0        0     1 DATA_FLASH_START = 0x40100000
       0        0        0     1 DATA_FLASH_LENGTH = 0x00008000
       0        0        0     1 QSPI_FLASH_START = 0x60000000
       0        0        0     1 QSPI_FLASH_LENGTH = 0x04000000
       0        0        0     1 SDRAM_START = 0x90000000
       0        0        0     1 SDRAM_LENGTH = 0x08000000
       0        0        0     1 OPTION_SETTING_OFS0_START = 0x00000400
       0        0        0     1 OPTION_SETTING_OFS0_LENGTH = 0x00000004
       0        0        0     1 OPTION_SETTING_OFS1_START = 0x00000404
       0        0        0     1 OPTION_SETTING_OFS1_LENGTH = 0x00000004
       0        0        0     1 OPTION_SETTING_SECMPU_START = 0x00000408
       0        0        0     1 OPTION_SETTING_SECMPU_LENGTH = 0x00000034
       0        0        0     1 OPTION_SETTING_OSIS_START = 0x0100a150
       0        0        0     1 OPTION_SETTING_OSIS_LENGTH = 0x00000010
       0        0        0     1 FLASH_GAP_START = 0x00000000
       0        0        0     1 FLASH_GAP_LENGTH = 0x00000400
60000000 60000000        0     1 .qspi_flash.startof
60000000 60000000        0     1         __ddsc_QSPI_FLASH_START = .
90000000 90000000        0     1 .sdram.startof
90000000 90000000        0     1         __ddsc_SDRAM_START = .
90000000 90000000        0     1 __sdram_from_qspi_flash$$
90000000 90000000        0     1         __sdram_from_qspi_flash$$Base = .
90000000 90000000        0     1         __sdram_from_qspi_flash$$Load = LOADADDR(__sdram_from_qspi_flash$$)
90000000 90000000        0     1         __sdram_from_qspi_flash$$Limit = .
1ffe0000 1ffe0000        0     1 .ram.startof
1ffe0000 1ffe0000        0     1         __ddsc_RAM_START = .
1ffe0000 1ffe0000        0     1 __ram_dtc_vector$$
1ffe0000 1ffe0000        0     1         __ram_dtc_vector$$Base = .
1ffe0000 1ffe0000        0     1         __ram_dtc_vector$$Limit = .
1ffe0000 1ffe0000        0     1 __ram_from_qspi_flash$$
1ffe0000 1ffe0000        0     1         __ram_from_qspi_flash$$Base = .
1ffe0000 1ffe0000        0     1         __ram_from_qspi_flash$$Load = LOADADDR(__ram_from_qspi_flash$$)
1ffe0000 1ffe0000        0     1         __ram_from_qspi_flash$$Limit = .
60000000 60000000        0     1 __qspi_flash_readonly$$
60000000 60000000        0     1         __qspi_flash_readonly$$Base = .
60000000 60000000        0     1         __qspi_flash_readonly$$Limit = .
60000000 60000000        0     1 __qspi_flash_noinit$$
60000000 60000000        0     1         __qspi_flash_noinit$$Base = .
60000000 60000000        0     1         __qspi_flash_noinit$$Limit = .
60000000 60000000        0     1 .qspi_flash.endof
60000000 60000000        0     1         __ddsc_QSPI_FLASH_END = .
40100000 40100000        0     1 .data_flash.startof
40100000 40100000        0     1         __ddsc_DATA_FLASH_START = .
90000000 90000000        0     1 __sdram_from_data_flash$$
90000000 90000000        0     1         __sdram_from_data_flash$$Base = .
90000000 90000000        0     1         __sdram_from_data_flash$$Load = LOADADDR(__sdram_from_data_flash$$)
90000000 90000000        0     1         __sdram_from_data_flash$$Limit = .
1ffe0000 1ffe0000        0     1 __ram_from_data_flash$$
1ffe0000 1ffe0000        0     1         __ram_from_data_flash$$Base = .
1ffe0000 1ffe0000        0     1         __ram_from_data_flash$$Load = LOADADDR(__ram_from_data_flash$$)
1ffe0000 1ffe0000        0     1         __ram_from_data_flash$$Limit = .
40100000 40100000        0     1 __data_flash_readonly$$
40100000 40100000        0     1         __data_flash_readonly$$Base = .
40100000 40100000        0     1         __data_flash_readonly$$Limit = .
40100000 40100000        0     1 __data_flash_noinit$$
40100000 40100000        0     1         __data_flash_noinit$$Base = .
40100000 40100000        0     1         __data_flash_noinit$$Limit = .
40100000 40100000        0     1 .data_flash.endof
40100000 40100000        0     1         __ddsc_DATA_FLASH_END = .
       0        0        0     1 .flash.startof
       0        0        0     1         __ddsc_FLASH_START = .
       0        0       44     4 __flash_vectors$$
       0        0        0     1         __flash_vectors$$Base = .
       0        0        0     1         _VECTORS = .
       0        0       40     4         ./ra/fsp/src/bsp/cmsis/Device/RENESAS/Source/startup.o:(.fixed_vectors)
       0        0       40     1                 __Vectors
      40       40        4     4         ./ra_gen/vector_data.o:(.application_vectors)
      40       40        4     1                 g_vector_table
      44       44        0     1         __flash_vectors$$Limit = .
      44       44       a4     4 __flash_readonly_gap$$
      44       44        0     1         __flash_readonly_gap$$Base = .
      44       44       10     4         ./ra/fsp/src/bsp/mcu/ra6m2/bsp_linker.o:(.rodata.g_init_info)
      44       44       10     1                 g_init_info
      54       54       24     4         ./ra/fsp/src/bsp/mcu/ra6m2/bsp_linker.o:(.rodata.zero_list)
      54       54       24     1                 zero_list
      78       78       70     4         ./ra/fsp/src/bsp/mcu/ra6m2/bsp_linker.o:(.rodata.copy_list)
      78       78       70     1                 copy_list
      e8       e8        0     1         __flash_readonly_gap$$Limit = .
     440      440        0     1 __flash_noinit$$
     440      440        0     1         __flash_noinit$$Base = .
     440      440        0     1         __flash_noinit$$Limit = .
90000000 90000000        0     1 __sdram_from_flash$$
90000000 90000000        0     1         __sdram_from_flash$$Base = .
90000000 90000000        0     1         __sdram_from_flash$$Load = LOADADDR(__sdram_from_flash$$)
90000000 90000000        0     1         __sdram_from_flash$$Limit = .
90000000 90000000        0     1 __sdram_noinit$$
90000000 90000000        0     1         __sdram_noinit$$Base = .
90000000 90000000        0     1         __sdram_noinit$$Limit = .
90000000 90000000        0     1 __sdram_zero$$
90000000 90000000        0     1         __sdram_zero$$Base = .
90000000 90000000        0     1         __sdram_zero$$Limit = .
90000000 90000000        0     1 .sdram.endof
90000000 90000000        0     1         __ddsc_SDRAM_END = .
1ffe0000      440       38     4 __ram_from_flash$$
1ffe0000      440        0     1         __ram_from_flash$$Base = .
1ffe0000      440        0     1         __ram_from_flash$$Load = LOADADDR(__ram_from_flash$$)
1ffe0000      440        6     1         ./ra_gen/common_data.o:(.data.g_ether0_mac_address)
1ffe0000      440        6     1                 g_ether0_mac_address
1ffe0008      448        8     4         ./ra_gen/common_data.o:(.data.pp_g_ether0_ether_buffers)
1ffe0008      448        8     1                 pp_g_ether0_ether_buffers
1ffe0010      450        8     4         ./ra_gen/common_data.o:(.data.g_freertos_plus_tcp0)
1ffe0010      450        8     1                 g_freertos_plus_tcp0
1ffe0018      458        4     4         ./ra_gen/common_data.o:(.data.gp_freertos_plus_tcp_instance)
1ffe0018      458        4     1                 gp_freertos_plus_tcp_instance
1ffe001c      45c       18     4         ./ra_gen/common_data.o:(.data.g_freertos_plus_tcp0_cfg)
1ffe001c      45c       18     1                 g_freertos_plus_tcp0_cfg
1ffe0034      474        4     4         ./ra/aws/FreeRTOS/FreeRTOS-Plus/Source/FreeRTOS-Plus-TCP/source/FreeRTOS_ARP.o:(.data.eARPProcessPacket.uxARPClashTimeoutPeriod)
1ffe0034      474        4     1                 eARPProcessPacket.uxARPClashTimeoutPeriod
1ffe0038      478        0     1         __ram_from_flash$$Limit = .
1ffe0038 1ffe0038      418     8 __ram_noinit$$
1ffe0038 1ffe0038        0     1         __ram_noinit$$Base = .
1ffe0038 1ffe0038      400     8         ./ra/fsp/src/bsp/cmsis/Device/RENESAS/Source/startup.o:(.bss.g_main_stack)
1ffe0038 1ffe0038      400     1                 g_main_stack
1ffe0438 1ffe0438       18     4         ./ra/fsp/src/bsp/mcu/all/bsp_clocks.o:(.ram_noinit)
1ffe0438 1ffe0438       18     1                 g_clock_freq
1ffe0450 1ffe0450        0     1         __ram_noinit$$Limit = .
1ffe0460 1ffe0460     aa44    32 __ram_zero$$
1ffe0460 1ffe0460        0     1         __ram_zero$$Base = .
1ffe0460 1ffe0460        1     1         ./src/net_thread_entry.o:(.bss.network_up)
1ffe0460 1ffe0460        1     1                 network_up
1ffe0464 1ffe0464        4     4         ./src/net_thread_entry.o:(.bss.xSocket)
1ffe0464 1ffe0464        4     1                 xSocket
1ffe0468 1ffe0468       18     4         ./src/net_thread_entry.o:(.bss.xBindAddress)
1ffe0468 1ffe0468       18     1                 xBindAddress
1ffe0480 1ffe0480        4     4         ./src/net_thread_entry.o:(.bss.xClientAddressLength)
1ffe0480 1ffe0480        4     1                 xClientAddressLength
1ffe0484 1ffe0484       18     4         ./src/net_thread_entry.o:(.bss.xClientAddress)
1ffe0484 1ffe0484       18     1                 xClientAddress
1ffe049c 1ffe049c        4     4         ./src/net_thread_entry.o:(.bss.xClientSocket)
1ffe049c 1ffe049c        4     1                 xClientSocket
1ffe04a0 1ffe04a0       14     4         ./ra_gen/common_data.o:(.bss.g_ether_phy0_ctrl)
1ffe04a0 1ffe04a0       14     1                 g_ether_phy0_ctrl
1ffe04c0 1ffe04c0      600    32         ./ra_gen/common_data.o:(.bss.g_ether0_ether_buffer0)
1ffe04c0 1ffe04c0      600     1                 g_ether0_ether_buffer0
1ffe0ac0 1ffe0ac0      600    32         ./ra_gen/common_data.o:(.bss.g_ether0_ether_buffer1)
1ffe0ac0 1ffe0ac0      600     1                 g_ether0_ether_buffer1
1ffe10c0 1ffe10c0       10    16         ./ra_gen/common_data.o:(.bss.g_ether0_rx_descriptors)
1ffe10c0 1ffe10c0       10     1                 g_ether0_rx_descriptors
1ffe10d0 1ffe10d0       10    16         ./ra_gen/common_data.o:(.bss.g_ether0_tx_descriptors)
1ffe10d0 1ffe10d0       10     1                 g_ether0_tx_descriptors
1ffe10e0 1ffe10e0       28     4         ./ra_gen/common_data.o:(.bss.g_ether0_ctrl)
1ffe10e0 1ffe10e0       28     1                 g_ether0_ctrl
1ffe1108 1ffe1108       10     4         ./ra_gen/common_data.o:(.bss.g_freertos_plus_tcp0_ctrl)
1ffe1108 1ffe1108       10     1                 g_freertos_plus_tcp0_ctrl
1ffe1118 1ffe1118        8     4         ./ra_gen/common_data.o:(.bss.g_ioport_ctrl)
1ffe1118 1ffe1118        8     1                 g_ioport_ctrl
1ffe1120 1ffe1120      400     1         ./ra_gen/common_data.o:(.bss.g_input_queue_queue_memory)
1ffe1120 1ffe1120      400     1                 g_input_queue_queue_memory
1ffe1520 1ffe1520       48     4         ./ra_gen/common_data.o:(.bss.g_input_queue_memory)
1ffe1520 1ffe1520       48     1                 g_input_queue_memory
1ffe1568 1ffe1568        4     4         ./ra_gen/common_data.o:(.bss.g_input_queue)
1ffe1568 1ffe1568        4     1                 g_input_queue
1ffe156c 1ffe156c       60     4         ./ra_gen/job_thread.o:(.bss.job_thread_memory)
1ffe156c 1ffe156c       60     1                 job_thread_memory
1ffe15cc 1ffe15cc        4     4         ./ra_gen/job_thread.o:(.bss.job_thread)
1ffe15cc 1ffe15cc        4     1                 job_thread
1ffe15d0 1ffe15d0        4     4         ./ra_gen/main.o:(.bss.g_fsp_common_initialized_semaphore)
1ffe15d0 1ffe15d0        4     1                 g_fsp_common_initialized_semaphore
1ffe15d4 1ffe15d4        1     1         ./ra_gen/main.o:(.bss.g_fsp_common_initialized)
1ffe15d4 1ffe15d4        1     1                 g_fsp_common_initialized
1ffe15d8 1ffe15d8        4     4         ./ra_gen/main.o:(.bss.g_fsp_common_thread_count)
1ffe15d8 1ffe15d8        4     1                 g_fsp_common_thread_count
1ffe15dc 1ffe15dc       48     4         ./ra_gen/main.o:(.bss.g_fsp_common_initialized_semaphore_memory)
1ffe15dc 1ffe15dc       48     1                 g_fsp_common_initialized_semaphore_memory
1ffe1624 1ffe1624       60     4         ./ra_gen/main.o:(.bss.vApplicationGetIdleTaskMemory.xIdleTaskTCB)
1ffe1624 1ffe1624       60     1                 vApplicationGetIdleTaskMemory.xIdleTaskTCB
1ffe1684 1ffe1684      200     4         ./ra_gen/main.o:(.bss.vApplicationGetIdleTaskMemory.uxIdleTaskStack)
1ffe1684 1ffe1684      200     1                 vApplicationGetIdleTaskMemory.uxIdleTaskStack
1ffe1884 1ffe1884       60     4         ./ra_gen/main.o:(.bss.vApplicationGetTimerTaskMemory.xTimerTaskTCB)
1ffe1884 1ffe1884       60     1                 vApplicationGetTimerTaskMemory.xTimerTaskTCB
1ffe18e4 1ffe18e4      200     4         ./ra_gen/main.o:(.bss.vApplicationGetTimerTaskMemory.uxTimerTaskStack)
1ffe18e4 1ffe18e4      200     1                 vApplicationGetTimerTaskMemory.uxTimerTaskStack
1ffe1ae4 1ffe1ae4       60     4         ./ra_gen/net_thread.o:(.bss.net_thread_memory)
1ffe1ae4 1ffe1ae4       60     1                 net_thread_memory
1ffe1b44 1ffe1b44        4     4         ./ra_gen/net_thread.o:(.bss.net_thread)
1ffe1b44 1ffe1b44        4     1                 net_thread
1ffe1b48 1ffe1b48        4     4         ./ra/fsp/src/rm_freertos_port/port.o:(.bss.uxCriticalNesting)
1ffe1b48 1ffe1b48        4     1                 uxCriticalNesting
1ffe1b4c 1ffe1b4c        4     4         ./ra/fsp/src/rm_freertos_port/port.o:(.bss.g_mask_level_before_disable)
1ffe1b4c 1ffe1b4c        4     1                 g_mask_level_before_disable
1ffe1b50 1ffe1b50       11     1         ./ra/fsp/src/rm_freertos_plus_tcp/NetworkInterface.o:(.bss.pxFSP_Eth_FillInterfaceDescriptor.pcName)
1ffe1b50 1ffe1b50       11     1                 pxFSP_Eth_FillInterfaceDescriptor.pcName
1ffe1b64 1ffe1b64       34     4         ./ra/fsp/src/bsp/mcu/all/bsp_group_irq.o:(.bss.g_bsp_group_irq_sources)
1ffe1b64 1ffe1b64       34     1                 g_bsp_group_irq_sources
1ffe1b98 1ffe1b98        4     4         ./ra/fsp/src/bsp/mcu/all/bsp_io.o:(.bss.g_protect_pfswe_counter)
1ffe1b98 1ffe1b98        4     1                 g_protect_pfswe_counter
1ffe1b9c 1ffe1b9c        4     4         ./ra/fsp/src/bsp/mcu/all/bsp_irq.o:(.bss.gp_renesas_isr_context)
1ffe1b9c 1ffe1b9c        4     1                 gp_renesas_isr_context
1ffe1ba0 1ffe1ba0        a     2         ./ra/fsp/src/bsp/mcu/all/bsp_register_protection.o:(.bss.g_protect_counters)
1ffe1ba0 1ffe1ba0        a     1                 g_protect_counters
1ffe1bac 1ffe1bac        4     4         ./ra/fsp/src/bsp/cmsis/Device/RENESAS/Source/system.o:(.bss.SystemCoreClock)
1ffe1bac 1ffe1bac        4     1                 SystemCoreClock
1ffe1bb0 1ffe1bb0        4     4         ./ra/aws/FreeRTOS/FreeRTOS/Source/portable/MemMang/heap_4.o:(.bss.pxEnd)
1ffe1bb0 1ffe1bb0        4     1                 pxEnd
1ffe1bb4 1ffe1bb4        4     4         ./ra/aws/FreeRTOS/FreeRTOS/Source/portable/MemMang/heap_4.o:(.bss.xFreeBytesRemaining)
1ffe1bb4 1ffe1bb4        4     1                 xFreeBytesRemaining
1ffe1bb8 1ffe1bb8        8     4         ./ra/aws/FreeRTOS/FreeRTOS/Source/portable/MemMang/heap_4.o:(.bss.xStart)
1ffe1bb8 1ffe1bb8        8     1                 xStart
1ffe1bc0 1ffe1bc0     8000     1         ./ra/aws/FreeRTOS/FreeRTOS/Source/portable/MemMang/heap_4.o:(.bss.ucHeap)
1ffe1bc0 1ffe1bc0     8000     1                 ucHeap
1ffe9bc0 1ffe9bc0        4     4         ./ra/aws/FreeRTOS/FreeRTOS/Source/portable/MemMang/heap_4.o:(.bss.xMinimumEverFreeBytesRemaining)
1ffe9bc0 1ffe9bc0        4     1                 xMinimumEverFreeBytesRemaining
1ffe9bc4 1ffe9bc4        4     4         ./ra/aws/FreeRTOS/FreeRTOS/Source/portable/MemMang/heap_4.o:(.bss.xNumberOfSuccessfulAllocations)
1ffe9bc4 1ffe9bc4        4     1                 xNumberOfSuccessfulAllocations
1ffe9bc8 1ffe9bc8        4     4         ./ra/aws/FreeRTOS/FreeRTOS/Source/portable/MemMang/heap_4.o:(.bss.xNumberOfSuccessfulFrees)
1ffe9bc8 1ffe9bc8        4     1                 xNumberOfSuccessfulFrees
1ffe9bcc 1ffe9bcc       50     4         ./ra/aws/FreeRTOS/FreeRTOS/Source/queue.o:(.bss.xQueueRegistry)
1ffe9bcc 1ffe9bcc       50     1                 xQueueRegistry
1ffe9c1c 1ffe9c1c        4     4         ./ra/aws/FreeRTOS/FreeRTOS/Source/tasks.o:(.bss.pxCurrentTCB)
1ffe9c1c 1ffe9c1c        4     1                 pxCurrentTCB
1ffe9c20 1ffe9c20        4     4         ./ra/aws/FreeRTOS/FreeRTOS/Source/tasks.o:(.bss.uxTaskNumber)
1ffe9c20 1ffe9c20        4     1                 uxTaskNumber
1ffe9c24 1ffe9c24        4     4         ./ra/aws/FreeRTOS/FreeRTOS/Source/tasks.o:(.bss.xSchedulerRunning)
1ffe9c24 1ffe9c24        4     1                 xSchedulerRunning
1ffe9c28 1ffe9c28       14     4         ./ra/aws/FreeRTOS/FreeRTOS/Source/tasks.o:(.bss.xTasksWaitingTermination)
1ffe9c28 1ffe9c28       14     1                 xTasksWaitingTermination
1ffe9c3c 1ffe9c3c        4     4         ./ra/aws/FreeRTOS/FreeRTOS/Source/tasks.o:(.bss.uxDeletedTasksWaitingCleanUp)
1ffe9c3c 1ffe9c3c        4     1                 uxDeletedTasksWaitingCleanUp
1ffe9c40 1ffe9c40        4     4         ./ra/aws/FreeRTOS/FreeRTOS/Source/tasks.o:(.bss.uxCurrentNumberOfTasks)
1ffe9c40 1ffe9c40        4     1                 uxCurrentNumberOfTasks
1ffe9c44 1ffe9c44        4     4         ./ra/aws/FreeRTOS/FreeRTOS/Source/tasks.o:(.bss.uxSchedulerSuspended)
1ffe9c44 1ffe9c44        4     1                 uxSchedulerSuspended
1ffe9c48 1ffe9c48        4     4         ./ra/aws/FreeRTOS/FreeRTOS/Source/tasks.o:(.bss.xTickCount)
1ffe9c48 1ffe9c48        4     1                 xTickCount
1ffe9c4c 1ffe9c4c       64     4         ./ra/aws/FreeRTOS/FreeRTOS/Source/tasks.o:(.bss.pxReadyTasksLists)
1ffe9c4c 1ffe9c4c       64     1                 pxReadyTasksLists
1ffe9cb0 1ffe9cb0        4     4         ./ra/aws/FreeRTOS/FreeRTOS/Source/tasks.o:(.bss.uxTopReadyPriority)
1ffe9cb0 1ffe9cb0        4     1                 uxTopReadyPriority
1ffe9cb4 1ffe9cb4       14     4         ./ra/aws/FreeRTOS/FreeRTOS/Source/tasks.o:(.bss.xSuspendedTaskList)
1ffe9cb4 1ffe9cb4       14     1                 xSuspendedTaskList
1ffe9cc8 1ffe9cc8        4     4         ./ra/aws/FreeRTOS/FreeRTOS/Source/tasks.o:(.bss.xYieldPendings)
1ffe9cc8 1ffe9cc8        4     1                 xYieldPendings
1ffe9ccc 1ffe9ccc       14     4         ./ra/aws/FreeRTOS/FreeRTOS/Source/tasks.o:(.bss.xPendingReadyList)
1ffe9ccc 1ffe9ccc       14     1                 xPendingReadyList
1ffe9ce0 1ffe9ce0        4     4         ./ra/aws/FreeRTOS/FreeRTOS/Source/tasks.o:(.bss.xNextTaskUnblockTime)
1ffe9ce0 1ffe9ce0        4     1                 xNextTaskUnblockTime
1ffe9ce4 1ffe9ce4        4     4         ./ra/aws/FreeRTOS/FreeRTOS/Source/tasks.o:(.bss.xIdleTaskHandles.0)
1ffe9ce4 1ffe9ce4        4     1                 xIdleTaskHandles.0
1ffe9ce8 1ffe9ce8        4     4         ./ra/aws/FreeRTOS/FreeRTOS/Source/tasks.o:(.bss.xPendedTicks)
1ffe9ce8 1ffe9ce8        4     1                 xPendedTicks
1ffe9cec 1ffe9cec        4     4         ./ra/aws/FreeRTOS/FreeRTOS/Source/tasks.o:(.bss.pxDelayedTaskList)
1ffe9cec 1ffe9cec        4     1                 pxDelayedTaskList
1ffe9cf0 1ffe9cf0        4     4         ./ra/aws/FreeRTOS/FreeRTOS/Source/tasks.o:(.bss.pxOverflowDelayedTaskList)
1ffe9cf0 1ffe9cf0        4     1                 pxOverflowDelayedTaskList
1ffe9cf4 1ffe9cf4        4     4         ./ra/aws/FreeRTOS/FreeRTOS/Source/tasks.o:(.bss.xNumOfOverflows)
1ffe9cf4 1ffe9cf4        4     1                 xNumOfOverflows
1ffe9cf8 1ffe9cf8       14     4         ./ra/aws/FreeRTOS/FreeRTOS/Source/tasks.o:(.bss.xDelayedTaskList1)
1ffe9cf8 1ffe9cf8       14     1                 xDelayedTaskList1
1ffe9d0c 1ffe9d0c       14     4         ./ra/aws/FreeRTOS/FreeRTOS/Source/tasks.o:(.bss.xDelayedTaskList2)
1ffe9d0c 1ffe9d0c       14     1                 xDelayedTaskList2
1ffe9d20 1ffe9d20        4     4         ./ra/aws/FreeRTOS/FreeRTOS/Source/timers.o:(.bss.xTimerQueue)
1ffe9d20 1ffe9d20        4     1                 xTimerQueue
1ffe9d24 1ffe9d24        4     4         ./ra/aws/FreeRTOS/FreeRTOS/Source/timers.o:(.bss.xTimerTaskHandle)
1ffe9d24 1ffe9d24        4     1                 xTimerTaskHandle
1ffe9d28 1ffe9d28        4     4         ./ra/aws/FreeRTOS/FreeRTOS/Source/timers.o:(.bss.pxCurrentTimerList)
1ffe9d28 1ffe9d28        4     1                 pxCurrentTimerList
1ffe9d2c 1ffe9d2c        4     4         ./ra/aws/FreeRTOS/FreeRTOS/Source/timers.o:(.bss.pxOverflowTimerList)
1ffe9d2c 1ffe9d2c        4     1                 pxOverflowTimerList
1ffe9d30 1ffe9d30        4     4         ./ra/aws/FreeRTOS/FreeRTOS/Source/timers.o:(.bss.prvSampleTimeNow.xLastTime)
1ffe9d30 1ffe9d30        4     1                 prvSampleTimeNow.xLastTime
1ffe9d34 1ffe9d34       14     4         ./ra/aws/FreeRTOS/FreeRTOS/Source/timers.o:(.bss.xActiveTimerList1)
1ffe9d34 1ffe9d34       14     1                 xActiveTimerList1
1ffe9d48 1ffe9d48       14     4         ./ra/aws/FreeRTOS/FreeRTOS/Source/timers.o:(.bss.xActiveTimerList2)
1ffe9d48 1ffe9d48       14     1                 xActiveTimerList2
1ffe9d5c 1ffe9d5c       48     4         ./ra/aws/FreeRTOS/FreeRTOS/Source/timers.o:(.bss.prvCheckForValidListAndQueue.xStaticTimerQueue)
1ffe9d5c 1ffe9d5c       48     1                 prvCheckForValidListAndQueue.xStaticTimerQueue
1ffe9da4 1ffe9da4       78     1         ./ra/aws/FreeRTOS/FreeRTOS/Source/timers.o:(.bss.prvCheckForValidListAndQueue.ucStaticTimerQueueStorage)
1ffe9da4 1ffe9da4       78     1                 prvCheckForValidListAndQueue.ucStaticTimerQueueStorage
1ffe9e1c 1ffe9e1c      230     4         ./ra/aws/FreeRTOS/FreeRTOS-Plus/Source/FreeRTOS-Plus-TCP/source/portable/BufferManagement/BufferAllocation_2.o:(.bss.xNetworkBuffersInitialise.xNetworkBufferDescriptors)
1ffe9e1c 1ffe9e1c      230     1                 xNetworkBuffersInitialise.xNetworkBufferDescriptors
1ffea04c 1ffea04c        4     4         ./ra/aws/FreeRTOS/FreeRTOS-Plus/Source/FreeRTOS-Plus-TCP/source/portable/BufferManagement/BufferAllocation_2.o:(.bss.xNetworkBufferSemaphore)
1ffea04c 1ffea04c        4     1                 xNetworkBufferSemaphore
1ffea050 1ffea050       48     4         ./ra/aws/FreeRTOS/FreeRTOS-Plus/Source/FreeRTOS-Plus-TCP/source/portable/BufferManagement/BufferAllocation_2.o:(.bss.xNetworkBuffersInitialise.xNetworkBufferSemaphoreBuffer)
1ffea050 1ffea050       48     1                 xNetworkBuffersInitialise.xNetworkBufferSemaphoreBuffer
1ffea098 1ffea098       14     4         ./ra/aws/FreeRTOS/FreeRTOS-Plus/Source/FreeRTOS-Plus-TCP/source/portable/BufferManagement/BufferAllocation_2.o:(.bss.xFreeBuffersList)
1ffea098 1ffea098       14     1                 xFreeBuffersList
1ffea0ac 1ffea0ac        4     4         ./ra/aws/FreeRTOS/FreeRTOS-Plus/Source/FreeRTOS-Plus-TCP/source/portable/BufferManagement/BufferAllocation_2.o:(.bss.uxMinimumFreeNetworkBuffers)
1ffea0ac 1ffea0ac        4     1                 uxMinimumFreeNetworkBuffers
1ffea0b0 1ffea0b0        1     4         ./ra/aws/FreeRTOS/FreeRTOS-Plus/Source/FreeRTOS-Plus-TCP/source/FreeRTOS_ARP.o:(.bss.eARPProcessPacket.uxARPClashCounter)
1ffea0b0 1ffea0b0        1     1                 eARPProcessPacket.uxARPClashCounter
1ffea0b4 1ffea0b4        8     4         ./ra/aws/FreeRTOS/FreeRTOS-Plus/Source/FreeRTOS-Plus-TCP/source/FreeRTOS_ARP.o:(.bss.eARPProcessPacket.xARPClashTimeOut)
1ffea0b4 1ffea0b4        8     1                 eARPProcessPacket.xARPClashTimeOut
1ffea0bc 1ffea0bc        4     4         ./ra/aws/FreeRTOS/FreeRTOS-Plus/Source/FreeRTOS-Plus-TCP/source/FreeRTOS_ARP.o:(.bss.xLastGratuitousARPTime)
1ffea0bc 1ffea0bc        4     1                 xLastGratuitousARPTime
1ffea0c0 1ffea0c0       60     4         ./ra/aws/FreeRTOS/FreeRTOS-Plus/Source/FreeRTOS-Plus-TCP/source/FreeRTOS_ARP.o:(.bss.xARPCache)
1ffea0c0 1ffea0c0       60     1                 xARPCache
1ffea120 1ffea120      11c     4         ./ra/aws/FreeRTOS/FreeRTOS-Plus/Source/FreeRTOS-Plus-TCP/source/FreeRTOS_DNS_Cache.o:(.bss.xDNSCache)
1ffea120 1ffea120      11c     1                 xDNSCache
1ffea23c 1ffea23c        4     4         ./ra/aws/FreeRTOS/FreeRTOS-Plus/Source/FreeRTOS-Plus-TCP/source/FreeRTOS_IP.o:(.bss.pxARPWaitingNetworkBuffer)
1ffea23c 1ffea23c        4     1                 pxARPWaitingNetworkBuffer
1ffea240 1ffea240        4     4         ./ra/aws/FreeRTOS/FreeRTOS-Plus/Source/FreeRTOS-Plus-TCP/source/FreeRTOS_IP.o:(.bss.xNetworkEventQueue)
1ffea240 1ffea240        4     1                 xNetworkEventQueue
1ffea244 1ffea244        2     2         ./ra/aws/FreeRTOS/FreeRTOS-Plus/Source/FreeRTOS-Plus-TCP/source/FreeRTOS_IP.o:(.bss.usPacketIdentifier)
1ffea244 1ffea244        2     1                 usPacketIdentifier
1ffea248 1ffea248        4     4         ./ra/aws/FreeRTOS/FreeRTOS-Plus/Source/FreeRTOS-Plus-TCP/source/FreeRTOS_IP.o:(.bss.xIPTaskHandle)
1ffea248 1ffea248        4     1                 xIPTaskHandle
1ffea24c 1ffea24c        4     4         ./ra/aws/FreeRTOS/FreeRTOS-Plus/Source/FreeRTOS-Plus-TCP/source/FreeRTOS_IP.o:(.bss.xNetworkDownEventPending)
1ffea24c 1ffea24c        4     1                 xNetworkDownEventPending
1ffea250 1ffea250       28     4         ./ra/aws/FreeRTOS/FreeRTOS-Plus/Source/FreeRTOS-Plus-TCP/source/FreeRTOS_IP.o:(.bss.FreeRTOS_IPInit.xInterfaces)
1ffea250 1ffea250       28     1                 FreeRTOS_IPInit.xInterfaces
1ffea278 1ffea278       74     4         ./ra/aws/FreeRTOS/FreeRTOS-Plus/Source/FreeRTOS-Plus-TCP/source/FreeRTOS_IP.o:(.bss.FreeRTOS_IPInit.xEndPoints)
1ffea278 1ffea278       74     1                 FreeRTOS_IPInit.xEndPoints
1ffea2ec 1ffea2ec       48     4         ./ra/aws/FreeRTOS/FreeRTOS-Plus/Source/FreeRTOS-Plus-TCP/source/FreeRTOS_IP.o:(.bss.FreeRTOS_IPInit_Multi.xNetworkEventStaticQueue)
1ffea2ec 1ffea2ec       48     1                 FreeRTOS_IPInit_Multi.xNetworkEventStaticQueue
1ffea334 1ffea334       78     1         ./ra/aws/FreeRTOS/FreeRTOS-Plus/Source/FreeRTOS-Plus-TCP/source/FreeRTOS_IP.o:(.bss.FreeRTOS_IPInit_Multi.ucNetworkEventQueueStorageArea)
1ffea334 1ffea334       78     1                 FreeRTOS_IPInit_Multi.ucNetworkEventQueueStorageArea
1ffea3ac 1ffea3ac       60     4         ./ra/aws/FreeRTOS/FreeRTOS-Plus/Source/FreeRTOS-Plus-TCP/source/FreeRTOS_IP.o:(.bss.FreeRTOS_IPInit_Multi.xIPTaskBuffer)
1ffea3ac 1ffea3ac       60     1                 FreeRTOS_IPInit_Multi.xIPTaskBuffer
1ffea40c 1ffea40c      a00     4         ./ra/aws/FreeRTOS/FreeRTOS-Plus/Source/FreeRTOS-Plus-TCP/source/FreeRTOS_IP.o:(.bss.FreeRTOS_IPInit_Multi.xIPTaskStack)
1ffea40c 1ffea40c      a00     1                 FreeRTOS_IPInit_Multi.xIPTaskStack
1ffeae0c 1ffeae0c        1     4         ./ra/aws/FreeRTOS/FreeRTOS-Plus/Source/FreeRTOS-Plus-TCP/source/FreeRTOS_IP.o:(.bss.xIPTaskInitialised)
1ffeae0c 1ffeae0c        1     1                 xIPTaskInitialised
1ffeae10 1ffeae10       14     4         ./ra/aws/FreeRTOS/FreeRTOS-Plus/Source/FreeRTOS-Plus-TCP/source/FreeRTOS_IP_Timers.o:(.bss.xARPTimer)
1ffeae10 1ffeae10       14     1                 xARPTimer
1ffeae24 1ffeae24       14     4         ./ra/aws/FreeRTOS/FreeRTOS-Plus/Source/FreeRTOS-Plus-TCP/source/FreeRTOS_IP_Timers.o:(.bss.xTCPTimer)
1ffeae24 1ffeae24       14     1                 xTCPTimer
1ffeae38 1ffeae38       14     4         ./ra/aws/FreeRTOS/FreeRTOS-Plus/Source/FreeRTOS-Plus-TCP/source/FreeRTOS_IP_Timers.o:(.bss.xARPResolutionTimer)
1ffeae38 1ffeae38       14     1                 xARPResolutionTimer
1ffeae4c 1ffeae4c        4     4         ./ra/aws/FreeRTOS/FreeRTOS-Plus/Source/FreeRTOS-Plus-TCP/source/FreeRTOS_IP_Timers.o:(.bss.xAllNetworksUp)
1ffeae4c 1ffeae4c        4     1                 xAllNetworksUp
1ffeae50 1ffeae50       14     4         ./ra/aws/FreeRTOS/FreeRTOS-Plus/Source/FreeRTOS-Plus-TCP/source/FreeRTOS_IP_Timers.o:(.bss.xNetworkTimer)
1ffeae50 1ffeae50       14     1                 xNetworkTimer
1ffeae64 1ffeae64        4     4         ./ra/aws/FreeRTOS/FreeRTOS-Plus/Source/FreeRTOS-Plus-TCP/source/FreeRTOS_Routing.o:(.bss.pxNetworkEndPoints)
1ffeae64 1ffeae64        4     1                 pxNetworkEndPoints
1ffeae68 1ffeae68        4     4         ./ra/aws/FreeRTOS/FreeRTOS-Plus/Source/FreeRTOS-Plus-TCP/source/FreeRTOS_Routing.o:(.bss.pxNetworkInterfaces)
1ffeae68 1ffeae68        4     1                 pxNetworkInterfaces
1ffeae6c 1ffeae6c       14     4         ./ra/aws/FreeRTOS/FreeRTOS-Plus/Source/FreeRTOS-Plus-TCP/source/FreeRTOS_Sockets.o:(.bss.xBoundUDPSocketsList)
1ffeae6c 1ffeae6c       14     1                 xBoundUDPSocketsList
1ffeae80 1ffeae80       14     4         ./ra/aws/FreeRTOS/FreeRTOS-Plus/Source/FreeRTOS-Plus-TCP/source/FreeRTOS_Sockets.o:(.bss.xBoundTCPSocketsList)
1ffeae80 1ffeae80       14     1                 xBoundTCPSocketsList
1ffeae94 1ffeae94        4     4         ./ra/aws/FreeRTOS/FreeRTOS-Plus/Source/FreeRTOS-Plus-TCP/source/FreeRTOS_Sockets.o:(.bss.xTCPTimerCheck.xLastTime)
1ffeae94 1ffeae94        4     1                 xTCPTimerCheck.xLastTime
1ffeae98 1ffeae98        4     4         ./ra/aws/FreeRTOS/FreeRTOS-Plus/Source/FreeRTOS-Plus-TCP/source/FreeRTOS_TCP_IP.o:(.bss.xSocketToClose)
1ffeae98 1ffeae98        4     1                 xSocketToClose
1ffeae9c 1ffeae9c        4     4         ./ra/aws/FreeRTOS/FreeRTOS-Plus/Source/FreeRTOS-Plus-TCP/source/FreeRTOS_TCP_IP.o:(.bss.xSocketToListen)
1ffeae9c 1ffeae9c        4     1                 xSocketToListen
1ffeaea0 1ffeaea0        4     4         C:\Renesas\RA\e2studio_v2025-12_fsp_v6.4.0\toolchains\llvm_arm\ATfE-21.1.1-Windows-x86_64\bin\..\lib\clang-runtimes/arm-none-eabi/armv7m_hard_fpv4_sp_d16_exn_rtti_unaligned_size\lib\libc.a(libc_picolib_machine_arm_tls.c.o):(.bss.__tls)
1ffeaea0 1ffeaea0        4     1                 __tls
1ffeaea4 1ffeaea4        0     1         __ram_zero$$Limit = .
1ffeaea8      480        8     8 __ram_tdata$$
1ffeaea8      480        0     1         __ram_tdata$$Base = .
1ffeaea8      480        0     1         __ram_tdata$$Load = LOADADDR(__ram_tdata$$)
1ffeaea8      480        8     8         C:\Renesas\RA\e2studio_v2025-12_fsp_v6.4.0\toolchains\llvm_arm\ATfE-21.1.1-Windows-x86_64\bin\..\lib\clang-runtimes/arm-none-eabi/armv7m_hard_fpv4_sp_d16_exn_rtti_unaligned_size\lib\libc.a(libc_stdlib_random.c.o):(.tdata._rand_next)
       0 ffffffffe00155d8        8     1                 _rand_next
1ffeaeb0      488        0     1         __ram_tdata$$Limit = .
1ffeaeb0 1ffeaeb0        0     1 __ram_tbss$$
1ffeaeb0 1ffeaeb0        0     1         __ram_tbss$$Base = .
1ffeaeb0 1ffeaeb0        0     1         __ram_tbss$$Limit = .
1ffeaeb0 1ffeaeb0      800     8 __ram_thread_stack$$
1ffeaeb0 1ffeaeb0        0     1         __ram_thread_stack$$Base = .
1ffeaeb0 1ffeaeb0      400     8         ./ra_gen/job_thread.o:(.stack.job_thread)
1ffeaeb0 1ffeaeb0      400     1                 job_thread_stack
1ffeb2b0 1ffeb2b0      400     8         ./ra_gen/net_thread.o:(.stack.net_thread)
1ffeb2b0 1ffeb2b0      400     1                 net_thread_stack
1ffeb6b0 1ffeb6b0        0     1         __ram_thread_stack$$Limit = .
1ffeb800 1ffeb800        0     1 .ram.endof
1ffeb800 1ffeb800        0     1         __ddsc_RAM_END = .
     490      490     c576    16 __flash_readonly$$
     490      490        0     1         __flash_readonly$$Base = .
     490      490       1a     2         ./src/hal_warmstart.o:(.text.R_BSP_WarmStart)
     490      490        0     1                 $t
     491      491       1a     1                 R_BSP_WarmStart
     4ac      4ac       48     4         ./src/job_thread_entry.o:(.text.job_thread_entry)
     4ac      4ac        0     1                 $t
     4ad      4ad       48     1                 job_thread_entry
     4f4      4f4       12     2         ./src/net_thread_entry.o:(.text.vApplicationIPNetworkEventHook)
     4f4      4f4        0     1                 $t
     4f5      4f5       12     1                 vApplicationIPNetworkEventHook
     508      508      234     4         ./src/net_thread_entry.o:(.text.net_thread_entry)
     508      508        0     1                 $t
     509      509      234     1                 net_thread_entry
     73c      73c       44     2         ./ra_gen/common_data.o:(.text.g_common_init)
     73c      73c        0     1                 $t
     73d      73d       44     1                 g_common_init
     780      780        4     2         ./ra_gen/hal_data.o:(.text.g_hal_init)
     780      780        0     1                 $t
     781      781        4     1                 g_hal_init
     784      784       6a     2         ./ra_gen/job_thread.o:(.text.job_thread_create)
     784      784        0     1                 $t
     785      785       6a     1                 job_thread_create
     7ee      7ee       12     2         ./ra_gen/job_thread.o:(.text.job_thread_func)
     7ee      7ee        0     1                 $t
     7ef      7ef       12     1                 job_thread_func
     800      800        4     2         ./ra_gen/main.o:(.text.rtos_startup_err_callback_internal)
     800      800        0     1                 $t
     801      801        4     1                 rtos_startup_err_callback_internal
     801      801        4     1                 rtos_startup_err_callback
     804      804       62     4         ./ra_gen/main.o:(.text.rtos_startup_common_init)
     804      804        0     1                 $t
     805      805       62     1                 rtos_startup_common_init
     866      866       4e     2         ./ra_gen/main.o:(.text.main)
     866      866        0     1                 $t
     867      867       4e     1                 main
     8b4      8b4       1a     2         ./ra_gen/main.o:(.text.vApplicationGetIdleTaskMemory)
     8b4      8b4        0     1                 $t
     8b5      8b5       1a     1                 vApplicationGetIdleTaskMemory
     8ce      8ce       1a     2         ./ra_gen/main.o:(.text.vApplicationGetTimerTaskMemory)
     8ce      8ce        0     1                 $t
     8cf      8cf       1a     1                 vApplicationGetTimerTaskMemory
     8e8      8e8       6a     2         ./ra_gen/net_thread.o:(.text.net_thread_create)
     8e8      8e8        0     1                 $t
     8e9      8e9       6a     1                 net_thread_create
     952      952       12     2         ./ra_gen/net_thread.o:(.text.net_thread_func)
     952      952        0     1                 $t
     953      953       12     1                 net_thread_func
     964      964       18     4         ./ra/fsp/src/rm_freertos_port/port.o:(.text.SVC_Handler)
     964      964        0     1                 $t
     965      965       12     1                 SVC_Handler
     978      978        0     1                 $d
     97c      97c       3c     4         ./ra/fsp/src/rm_freertos_port/port.o:(.text.PendSV_Handler)
     97c      97c        0     1                 $t
     97d      97d       38     1                 PendSV_Handler
     9b4      9b4        0     1                 $d
     9b8      9b8       20     4         ./ra/fsp/src/rm_freertos_port/port.o:(.text.rm_freertos_port_restore_task_stackless)
     9b8      9b8        0     1                 $t
     9b9      9b9       1a     1                 rm_freertos_port_restore_task_stackless
     9cc      9cc        0     1                 _skip_restore_ns_context
     9d4      9d4        0     1                 $d
     9d8      9d8       26     2         ./ra/fsp/src/rm_freertos_port/port.o:(.text.SysTick_Handler)
     9d8      9d8        0     1                 $t
     9d9      9d9       26     1                 SysTick_Handler
     9fe      9fe       36     2         ./ra/fsp/src/rm_freertos_port/port.o:(.text.vPortSVCHandler_C)
     9fe      9fe        0     1                 $t
     9ff      9ff       36     1                 vPortSVCHandler_C
     a34      a34       24     2         ./ra/fsp/src/rm_freertos_port/port.o:(.text.pxPortInitialiseStack)
     a34      a34        0     1                 $t
     a35      a35       24     1                 pxPortInitialiseStack
     a58      a58        6     4         ./ra/fsp/src/rm_freertos_port/port.o:(.text.prvTaskExitError)
     a58      a58        0     1                 $t
     a59      a59        6     1                 prvTaskExitError
     a60      a60       3c     4         ./ra/fsp/src/rm_freertos_port/port.o:(.text.xPortStartScheduler)
     a60      a60        0     1                 $t
     a61      a61       3c     1                 xPortStartScheduler
     a9c      a9c       46     2         ./ra/fsp/src/rm_freertos_port/port.o:(.text.vPortSetupTimerInterrupt)
     a9c      a9c        0     1                 $t
     a9d      a9d       46     1                 vPortSetupTimerInterrupt
     ae2      ae2       56     2         ./ra/fsp/src/rm_freertos_port/port.o:(.text.vPortEnterCritical)
     ae2      ae2        0     1                 $t
     ae3      ae3       56     1                 vPortEnterCritical
     b38      b38       46     2         ./ra/fsp/src/rm_freertos_port/port.o:(.text.vPortExitCritical)
     b38      b38        0     1                 $t
     b39      b39       46     1                 vPortExitCritical
     b7e      b7e       6e     2         ./ra/fsp/src/rm_freertos_port/port.o:(.text.rm_freertos_port_sleep_preserving_lpm)
     b7e      b7e        0     1                 $t
     b7f      b7f       6e     1                 rm_freertos_port_sleep_preserving_lpm
     bec      bec       18     2         ./ra/fsp/src/rm_freertos_port/port.o:(.text.vApplicationIdleHook)
     bec      bec        0     1                 $t
     bed      bed       18     1                 vApplicationIdleHook
     c04      c04       6c     2         ./ra/fsp/src/rm_freertos_port/port.o:(.text.vPortValidateInterruptPriority)
     c04      c04        0     1                 $t
     c05      c05       6c     1                 vPortValidateInterruptPriority
     c70      c70       74     2         ./ra/fsp/src/rm_freertos_plus_tcp/NetworkInterface.o:(.text.vEtherISRCallback)
     c70      c70        0     1                 $t
     c71      c71       74     1                 vEtherISRCallback
     ce4      ce4       78     2         ./ra/fsp/src/rm_freertos_plus_tcp/NetworkInterface.o:(.text.pxFSP_Eth_FillInterfaceDescriptor)
     ce4      ce4        0     1                 $t
     ce5      ce5       78     1                 pxFSP_Eth_FillInterfaceDescriptor
     d5c      d5c       f4     4         ./ra/fsp/src/rm_freertos_plus_tcp/NetworkInterface.o:(.text.xFSP_Eth_NetworkInterfaceInitialise)
     d5c      d5c        0     1                 $t
     d5d      d5d       f4     1                 xFSP_Eth_NetworkInterfaceInitialise
     e50      e50       3e     2         ./ra/fsp/src/rm_freertos_plus_tcp/NetworkInterface.o:(.text.xFSP_Eth_NetworkInterfaceOutput)
     e50      e50        0     1                 $t
     e51      e51       3e     1                 xFSP_Eth_NetworkInterfaceOutput
     e8e      e8e       20     2         ./ra/fsp/src/rm_freertos_plus_tcp/NetworkInterface.o:(.text.xFSP_Eth_GetPhyLinkStatus)
     e8e      e8e        0     1                 $t
     e8f      e8f       20     1                 xFSP_Eth_GetPhyLinkStatus
     eae      eae        4     2         ./ra/fsp/src/rm_freertos_plus_tcp/NetworkInterface.o:(.text.pxFillInterfaceDescriptor)
     eae      eae        0     1                 $t
     eaf      eaf        4     1                 pxFillInterfaceDescriptor
     eb2      eb2       18     2         ./ra/fsp/src/rm_freertos_plus_tcp/NetworkInterface.o:(.text.xApplicationGetRandomNumber)
     eb2      eb2        0     1                 $t
     eb3      eb3       18     1                 xApplicationGetRandomNumber
     ecc      ecc       1c     4         ./ra/fsp/src/rm_freertos_plus_tcp/NetworkInterface.o:(.text.ulApplicationGetNextSequenceNumber)
     ecc      ecc        0     1                 $t
     ecd      ecd       1c     1                 ulApplicationGetNextSequenceNumber
     ee8      ee8       b8     4         ./ra/fsp/src/rm_freertos_plus_tcp/NetworkInterface.o:(.text.prvRXHandlerTask)
     ee8      ee8        0     1                 $t
     ee9      ee9       b8     1                 prvRXHandlerTask
     fa0      fa0       66     4         ./ra/fsp/src/rm_freertos_plus_tcp/NetworkInterface.o:(.text.prvCheckLinkStatusTask)
     fa0      fa0        0     1                 $t
     fa1      fa1       66     1                 prvCheckLinkStatusTask
    1006     1006       16     2         ./ra/fsp/src/r_ioport/r_ioport.o:(.text.R_IOPORT_Open)
    1006     1006        0     1                 $t
    1007     1007       16     1                 R_IOPORT_Open
    101c     101c       2a     2         ./ra/fsp/src/r_ioport/r_ioport.o:(.text.R_IOPORT_PinWrite)
    101c     101c        0     1                 $t
    101d     101d       2a     1                 R_IOPORT_PinWrite
    1048     1048       be     4         ./ra/fsp/src/r_ioport/r_ioport.o:(.text.r_ioport_pins_config)
    1048     1048        0     1                 $t
    1049     1049       be     1                 r_ioport_pins_config
    1108     1108       ce     4         ./ra/fsp/src/r_ioport/r_ioport.o:(.text.bsp_vbatt_init)
    1108     1108        0     1                 $t
    1109     1109       ce     1                 bsp_vbatt_init
    11d8     11d8       7c     4         ./ra/fsp/src/r_ether_phy/r_ether_phy.o:(.text.R_ETHER_PHY_Open)
    11d8     11d8        0     1                 $t
    11d9     11d9       7c     1                 R_ETHER_PHY_Open
    1254     1254        c     2         ./ra/fsp/src/r_ether_phy/r_ether_phy.o:(.text.R_ETHER_PHY_Close)
    1254     1254        0     1                 $t
    1255     1255        c     1                 R_ETHER_PHY_Close
    1260     1260       4a     4         ./ra/fsp/src/r_ether_phy/r_ether_phy.o:(.text.R_ETHER_PHY_ChipInit)
    1260     1260        0     1                 $t
    1261     1261       4a     1                 R_ETHER_PHY_ChipInit
    12ac     12ac       d8     4         ./ra/fsp/src/r_ether_phy/r_ether_phy.o:(.text.R_ETHER_PHY_Read)
    12ac     12ac        0     1                 $t
    12ad     12ad       d8     1                 R_ETHER_PHY_Read
    1384     1384       7c     4         ./ra/fsp/src/r_ether_phy/r_ether_phy.o:(.text.R_ETHER_PHY_Write)
    1384     1384        0     1                 $t
    1385     1385       7c     1                 R_ETHER_PHY_Write
    1400     1400       3c     2         ./ra/fsp/src/r_ether_phy/r_ether_phy.o:(.text.R_ETHER_PHY_StartAutoNegotiate)
    1400     1400        0     1                 $t
    1401     1401       3c     1                 R_ETHER_PHY_StartAutoNegotiate
    143c     143c       a4     2         ./ra/fsp/src/r_ether_phy/r_ether_phy.o:(.text.R_ETHER_PHY_LinkPartnerAbilityGet)
    143c     143c        0     1                 $t
    143d     143d       a4     1                 R_ETHER_PHY_LinkPartnerAbilityGet
    14e0     14e0       2c     2         ./ra/fsp/src/r_ether_phy/r_ether_phy.o:(.text.R_ETHER_PHY_LinkStatusGet)
    14e0     14e0        0     1                 $t
    14e1     14e1       2c     1                 R_ETHER_PHY_LinkStatusGet
    150c     150c       44     4         ./ra/fsp/src/r_ether_phy/r_ether_phy.o:(.text.ether_phy_reg_set)
    150c     150c        0     1                 $t
    150d     150d       44     1                 ether_phy_reg_set
    1550     1550       5a     4         ./ra/fsp/src/r_ether_phy/r_ether_phy.o:(.text.ether_phy_mii_write1)
    1550     1550        0     1                 $t
    1551     1551       5a     1                 ether_phy_mii_write1
    15ac     15ac       5a     4         ./ra/fsp/src/r_ether_phy/r_ether_phy.o:(.text.ether_phy_mii_write0)
    15ac     15ac        0     1                 $t
    15ad     15ad       5a     1                 ether_phy_mii_write0
    1608     1608       5a     4         ./ra/fsp/src/r_ether_phy/r_ether_phy.o:(.text.ether_phy_mii_writez)
    1608     1608        0     1                 $t
    1609     1609       5a     1                 ether_phy_mii_writez
    1662     1662      18e     2         ./ra/fsp/src/r_ether/r_ether.o:(.text.R_ETHER_Open)
    1662     1662        0     1                 $t
    1663     1663      18e     1                 R_ETHER_Open
    17f0     17f0       9c     2         ./ra/fsp/src/r_ether/r_ether.o:(.text.R_ETHER_Close)
    17f0     17f0        0     1                 $t
    17f1     17f1       9c     1                 R_ETHER_Close
    188c     188c       88     4         ./ra/fsp/src/r_ether/r_ether.o:(.text.R_ETHER_Read)
    188c     188c        0     1                 $t
    188d     188d       88     1                 R_ETHER_Read
    1914     1914       50     2         ./ra/fsp/src/r_ether/r_ether.o:(.text.R_ETHER_BufferRelease)
    1914     1914        0     1                 $t
    1915     1915       50     1                 R_ETHER_BufferRelease
    1964     1964       40     2         ./ra/fsp/src/r_ether/r_ether.o:(.text.R_ETHER_RxBufferUpdate)
    1964     1964        0     1                 $t
    1965     1965       40     1                 R_ETHER_RxBufferUpdate
    19a4     19a4       82     2         ./ra/fsp/src/r_ether/r_ether.o:(.text.R_ETHER_Write)
    19a4     19a4        0     1                 $t
    19a5     19a5       82     1                 R_ETHER_Write
    1a26     1a26      130     2         ./ra/fsp/src/r_ether/r_ether.o:(.text.R_ETHER_LinkProcess)
    1a26     1a26        0     1                 $t
    1a27     1a27      130     1                 R_ETHER_LinkProcess
    1b56     1b56       44     2         ./ra/fsp/src/r_ether/r_ether.o:(.text.R_ETHER_WakeOnLANEnable)
    1b56     1b56        0     1                 $t
    1b57     1b57       44     1                 R_ETHER_WakeOnLANEnable
    1b9a     1b9a       34     2         ./ra/fsp/src/r_ether/r_ether.o:(.text.R_ETHER_TxStatusGet)
    1b9a     1b9a        0     1                 $t
    1b9b     1b9b       34     1                 R_ETHER_TxStatusGet
    1bce     1bce        e     2         ./ra/fsp/src/r_ether/r_ether.o:(.text.R_ETHER_CallbackSet)
    1bce     1bce        0     1                 $t
    1bcf     1bcf        e     1                 R_ETHER_CallbackSet
    1bdc     1bdc       32     4         ./ra/fsp/src/r_ether/r_ether.o:(.text.ether_init_buffers)
    1bdc     1bdc        0     1                 $t
    1bdd     1bdd       32     1                 ether_init_buffers
    1c0e     1c0e       4a     2         ./ra/fsp/src/r_ether/r_ether.o:(.text.ether_call_callback)
    1c0e     1c0e        0     1                 $t
    1c0f     1c0f       4a     1                 ether_call_callback
    1c58     1c58      1a6     4         ./ra/fsp/src/r_ether/r_ether.o:(.text.ether_configure_mac)
    1c58     1c58        0     1                 $t
    1c59     1c59      1a6     1                 ether_configure_mac
    1e00     1e00      14c     4         ./ra/fsp/src/r_ether/r_ether.o:(.text.ether_do_link)
    1e00     1e00        0     1                 $t
    1e01     1e01      14c     1                 ether_do_link
    1e3c     1e3c        0     1                 $d
    1e40     1e40        0     1                 $t
    1f4c     1f4c       f6     4         ./ra/fsp/src/r_ether/r_ether.o:(.text.ether_eint_isr)
    1f4c     1f4c        0     1                 $t
    1f4d     1f4d       f6     1                 ether_eint_isr
    2042     2042       2c     2         ./ra/fsp/src/bsp/mcu/all/bsp_clocks.o:(.text.SystemCoreClockUpdate)
    2042     2042        0     1                 $t
    2043     2043       2c     1                 SystemCoreClockUpdate
    2070     2070      144     4         ./ra/fsp/src/bsp/mcu/all/bsp_clocks.o:(.text.bsp_clock_init)
    2070     2070        0     1                 $t
    2071     2071      144     1                 bsp_clock_init
    21b4     21b4        2     2         ./ra/fsp/src/bsp/mcu/all/bsp_clocks.o:(.text.R_BSP_SubClockStabilizeWaitAfterReset)
    21b4     21b4        0     1                 $t
    21b5     21b5        2     1                 R_BSP_SubClockStabilizeWaitAfterReset
    21b8     21b8       7a     4         ./ra/fsp/src/bsp/mcu/all/bsp_clocks.o:(.text.R_BSP_Init_RTC)
    21b8     21b8        0     1                 $t
    21b9     21b9       7a     1                 R_BSP_Init_RTC
    2232     2232        2     2         ./ra/fsp/src/bsp/mcu/all/bsp_common.o:(.text.bsp_init_internal)
    2232     2232        0     1                 $t
    2233     2233        2     1                 bsp_init_internal
    2233     2233        2     1                 bsp_init
    2234     2234        6     4         ./ra/fsp/src/bsp/mcu/all/bsp_common.o:(.text.__assert_func)
    2234     2234        0     1                 $t
    2235     2235        6     1                 __assert_func
    223a     223a       80     2         ./ra/fsp/src/bsp/mcu/all/bsp_delay.o:(.text.R_BSP_SoftwareDelay)
    223a     223a        0     1                 $t
    223b     223b       80     1                 R_BSP_SoftwareDelay
    22ba     22ba        8     2         ./ra/fsp/src/bsp/mcu/all/bsp_delay.o:(.text.bsp_prv_software_delay_loop)
    22ba     22ba        0     1                 sw_delay_loop
    22ba     22ba        0     1                 $t
    22bb     22bb        8     1                 bsp_prv_software_delay_loop
    22c4     22c4       44     4         ./ra/fsp/src/bsp/mcu/all/bsp_group_irq.o:(.text.NMI_Handler)
    22c4     22c4        0     1                 $t
    22c5     22c5       44     1                 NMI_Handler
    2308     2308       18     2         ./ra/fsp/src/bsp/mcu/all/bsp_irq.o:(.text.bsp_irq_cfg)
    2308     2308        0     1                 $t
    2309     2309       18     1                 bsp_irq_cfg
    2320     2320       52     2         ./ra/fsp/src/bsp/mcu/all/bsp_register_protection.o:(.text.R_BSP_RegisterProtectEnable)
    2320     2320        0     1                 $t
    2321     2321       52     1                 R_BSP_RegisterProtectEnable
    2372     2372       4e     2         ./ra/fsp/src/bsp/mcu/all/bsp_register_protection.o:(.text.R_BSP_RegisterProtectDisable)
    2372     2372        0     1                 $t
    2373     2373       4e     1                 R_BSP_RegisterProtectDisable
    23c0     23c0        a     4         ./ra/fsp/src/bsp/cmsis/Device/RENESAS/Source/startup.o:(.text.Reset_Handler)
    23c0     23c0        0     1                 $t
    23c1     23c1        a     1                 Reset_Handler
    23ca     23ca        4     2         ./ra/fsp/src/bsp/cmsis/Device/RENESAS/Source/startup.o:(.text.Default_Handler)
    23ca     23ca        0     1                 $t
    23cb     23cb        4     1                 Default_Handler
    23cb     23cb        4     1                 HardFault_Handler
    23cb     23cb        4     1                 MemManage_Handler
    23cb     23cb        4     1                 BusFault_Handler
    23cb     23cb        4     1                 UsageFault_Handler
    23cb     23cb        4     1                 SecureFault_Handler
    23cb     23cb        4     1                 DebugMon_Handler
    23d0     23d0       c8     4         ./ra/fsp/src/bsp/cmsis/Device/RENESAS/Source/system.o:(.text.SystemInit)
    23d0     23d0        0     1                 $t
    23d1     23d1       c8     1                 SystemInit
    2498     2498       5a     4         ./ra/fsp/src/bsp/cmsis/Device/RENESAS/Source/system.o:(.text.SystemRuntimeInit)
    2498     2498        0     1                 $t
    2499     2499       5a     1                 SystemRuntimeInit
    24f4     24f4      23e     4         ./ra/aws/FreeRTOS/FreeRTOS/Source/portable/MemMang/heap_4.o:(.text.pvPortMalloc)
    24f4     24f4        0     1                 $t
    24f5     24f5      23e     1                 pvPortMalloc
    2734     2734      142     4         ./ra/aws/FreeRTOS/FreeRTOS/Source/portable/MemMang/heap_4.o:(.text.vPortFree)
    2734     2734        0     1                 $t
    2735     2735      142     1                 vPortFree
    2876     2876       1c     2         ./ra/aws/FreeRTOS/FreeRTOS/Source/event_groups.o:(.text.xEventGroupCreate)
    2876     2876        0     1                 $t
    2877     2877       1c     1                 xEventGroupCreate
    2894     2894       bc     4         ./ra/aws/FreeRTOS/FreeRTOS/Source/event_groups.o:(.text.xEventGroupSetBits)
    2894     2894        0     1                 $t
    2895     2895       bc     1                 xEventGroupSetBits
    2950     2950      166     2         ./ra/aws/FreeRTOS/FreeRTOS/Source/event_groups.o:(.text.xEventGroupWaitBits)
    2950     2950        0     1                 $t
    2951     2951      166     1                 xEventGroupWaitBits
    2ab8     2ab8       7c     4         ./ra/aws/FreeRTOS/FreeRTOS/Source/event_groups.o:(.text.vEventGroupDelete)
    2ab8     2ab8        0     1                 $t
    2ab9     2ab9       7c     1                 vEventGroupDelete
    2b34     2b34       16     2         ./ra/aws/FreeRTOS/FreeRTOS/Source/list.o:(.text.vListInitialise)
    2b34     2b34        0     1                 $t
    2b35     2b35       16     1                 vListInitialise
    2b4a     2b4a        6     2         ./ra/aws/FreeRTOS/FreeRTOS/Source/list.o:(.text.vListInitialiseItem)
    2b4a     2b4a        0     1                 $t
    2b4b     2b4b        6     1                 vListInitialiseItem
    2b50     2b50       16     2         ./ra/aws/FreeRTOS/FreeRTOS/Source/list.o:(.text.vListInsertEnd)
    2b50     2b50        0     1                 $t
    2b51     2b51       16     1                 vListInsertEnd
    2b68     2b68       3a     4         ./ra/aws/FreeRTOS/FreeRTOS/Source/list.o:(.text.vListInsert)
    2b68     2b68        0     1                 $t
    2b69     2b69       3a     1                 vListInsert
    2ba2     2ba2       22     2         ./ra/aws/FreeRTOS/FreeRTOS/Source/list.o:(.text.uxListRemove)
    2ba2     2ba2        0     1                 $t
    2ba3     2ba3       22     1                 uxListRemove
    2bc4     2bc4       be     2         ./ra/aws/FreeRTOS/FreeRTOS/Source/queue.o:(.text.xQueueGenericReset)
    2bc4     2bc4        0     1                 $t
    2bc5     2bc5       be     1                 xQueueGenericReset
    2c82     2c82       9e     2         ./ra/aws/FreeRTOS/FreeRTOS/Source/queue.o:(.text.xQueueGenericCreateStatic)
    2c82     2c82        0     1                 $t
    2c83     2c83       9e     1                 xQueueGenericCreateStatic
    2d20     2d20       40     2         ./ra/aws/FreeRTOS/FreeRTOS/Source/queue.o:(.text.xQueueCreateCountingSemaphoreStatic)
    2d20     2d20        0     1                 $t
    2d21     2d21       40     1                 xQueueCreateCountingSemaphoreStatic
    2d60     2d60      1c8     4         ./ra/aws/FreeRTOS/FreeRTOS/Source/queue.o:(.text.xQueueGenericSend)
    2d60     2d60        0     1                 $t
    2d61     2d61      1c8     1                 xQueueGenericSend
    2f28     2f28       62     2         ./ra/aws/FreeRTOS/FreeRTOS/Source/queue.o:(.text.prvCopyDataToQueue)
    2f28     2f28        0     1                 $t
    2f29     2f29       62     1                 prvCopyDataToQueue
    2f8c     2f8c       72     4         ./ra/aws/FreeRTOS/FreeRTOS/Source/queue.o:(.text.prvUnlockQueue)
    2f8c     2f8c        0     1                 $t
    2f8d     2f8d       72     1                 prvUnlockQueue
    3000     3000      1b2     4         ./ra/aws/FreeRTOS/FreeRTOS/Source/queue.o:(.text.xQueueReceive)
    3000     3000        0     1                 $t
    3001     3001      1b2     1                 xQueueReceive
    31b4     31b4      18a     4         ./ra/aws/FreeRTOS/FreeRTOS/Source/queue.o:(.text.xQueueSemaphoreTake)
    31b4     31b4        0     1                 $t
    31b5     31b5      18a     1                 xQueueSemaphoreTake
    333e     333e       34     2         ./ra/aws/FreeRTOS/FreeRTOS/Source/queue.o:(.text.uxQueueMessagesWaiting)
    333e     333e        0     1                 $t
    333f     333f       34     1                 uxQueueMessagesWaiting
    3374     3374       56     4         ./ra/aws/FreeRTOS/FreeRTOS/Source/queue.o:(.text.vQueueDelete)
    3374     3374        0     1                 $t
    3375     3375       56     1                 vQueueDelete
    33cc     33cc       66     4         ./ra/aws/FreeRTOS/FreeRTOS/Source/queue.o:(.text.vQueueAddToRegistry)
    33cc     33cc        0     1                 $t
    33cd     33cd       66     1                 vQueueAddToRegistry
    3432     3432       46     2         ./ra/aws/FreeRTOS/FreeRTOS/Source/queue.o:(.text.vQueueWaitForMessageRestricted)
    3432     3432        0     1                 $t
    3433     3433       46     1                 vQueueWaitForMessageRestricted
    3478     3478       c4     2         ./ra/aws/FreeRTOS/FreeRTOS/Source/tasks.o:(.text.xTaskCreateStatic)
    3478     3478        0     1                 $t
    3479     3479       c4     1                 xTaskCreateStatic
    353c     353c      132     4         ./ra/aws/FreeRTOS/FreeRTOS/Source/tasks.o:(.text.prvAddNewTaskToReadyList)
    353c     353c        0     1                 $t
    353d     353d      132     1                 prvAddNewTaskToReadyList
    366e     366e       5a     2         ./ra/aws/FreeRTOS/FreeRTOS/Source/tasks.o:(.text.xTaskCreate)
    366e     366e        0     1                 $t
    366f     366f       5a     1                 xTaskCreate
    36c8     36c8       44     2         ./ra/aws/FreeRTOS/FreeRTOS/Source/tasks.o:(.text.prvDeleteTCB)
    36c8     36c8        0     1                 $t
    36c9     36c9       44     1                 prvDeleteTCB
    370c     370c       10     2         ./ra/aws/FreeRTOS/FreeRTOS/Source/tasks.o:(.text.vTaskSuspendAll)
    370c     370c        0     1                 $t
    370d     370d       10     1                 vTaskSuspendAll
    371c     371c       a4     2         ./ra/aws/FreeRTOS/FreeRTOS/Source/tasks.o:(.text.prvAddCurrentTaskToDelayedList)
    371c     371c        0     1                 $t
    371d     371d       a4     1                 prvAddCurrentTaskToDelayedList
    37c0     37c0      190     4         ./ra/aws/FreeRTOS/FreeRTOS/Source/tasks.o:(.text.xTaskResumeAll)
    37c0     37c0        0     1                 $t
    37c1     37c1      190     1                 xTaskResumeAll
    3950     3950       5e     2         ./ra/aws/FreeRTOS/FreeRTOS/Source/tasks.o:(.text.vTaskDelay)
    3950     3950        0     1                 $t
    3951     3951       5e     1                 vTaskDelay
    39b0     39b0       9e     4         ./ra/aws/FreeRTOS/FreeRTOS/Source/tasks.o:(.text.vTaskSwitchContext)
    39b0     39b0        0     1                 $t
    39b1     39b1       9e     1                 vTaskSwitchContext
    3a4e     3a4e       b6     2         ./ra/aws/FreeRTOS/FreeRTOS/Source/tasks.o:(.text.vTaskStartScheduler)
    3a4e     3a4e        0     1                 $t
    3a4f     3a4f       b6     1                 vTaskStartScheduler
    3b04     3b04       4e     4         ./ra/aws/FreeRTOS/FreeRTOS/Source/tasks.o:(.text.prvCheckTasksWaitingTermination)
    3b04     3b04        0     1                 $t
    3b05     3b05       4e     1                 prvCheckTasksWaitingTermination
    3b54     3b54      1ac     4         ./ra/aws/FreeRTOS/FreeRTOS/Source/tasks.o:(.text.xTaskIncrementTick)
    3b54     3b54        0     1                 $t
    3b55     3b55      1ac     1                 xTaskIncrementTick
    3d00     3d00        c     2         ./ra/aws/FreeRTOS/FreeRTOS/Source/tasks.o:(.text.xTaskGetTickCount)
    3d00     3d00        0     1                 $t
    3d01     3d01        c     1                 xTaskGetTickCount
    3d0c     3d0c       42     2         ./ra/aws/FreeRTOS/FreeRTOS/Source/tasks.o:(.text.vTaskPlaceOnEventList)
    3d0c     3d0c        0     1                 $t
    3d0d     3d0d       42     1                 vTaskPlaceOnEventList
    3d4e     3d4e       9e     2         ./ra/aws/FreeRTOS/FreeRTOS/Source/tasks.o:(.text.vTaskPlaceOnUnorderedEventList)
    3d4e     3d4e        0     1                 $t
    3d4f     3d4f       9e     1                 vTaskPlaceOnUnorderedEventList
    3dec     3dec       7a     2         ./ra/aws/FreeRTOS/FreeRTOS/Source/tasks.o:(.text.vTaskPlaceOnEventListRestricted)
    3dec     3dec        0     1                 $t
    3ded     3ded       7a     1                 vTaskPlaceOnEventListRestricted
    3e66     3e66      10c     2         ./ra/aws/FreeRTOS/FreeRTOS/Source/tasks.o:(.text.xTaskRemoveFromEventList)
    3e66     3e66        0     1                 $t
    3e67     3e67      10c     1                 xTaskRemoveFromEventList
    3f72     3f72      110     2         ./ra/aws/FreeRTOS/FreeRTOS/Source/tasks.o:(.text.vTaskRemoveFromUnorderedEventList)
    3f72     3f72        0     1                 $t
    3f73     3f73      110     1                 vTaskRemoveFromUnorderedEventList
    4082     4082       4a     2         ./ra/aws/FreeRTOS/FreeRTOS/Source/tasks.o:(.text.vTaskSetTimeOutState)
    4082     4082        0     1                 $t
    4083     4083       4a     1                 vTaskSetTimeOutState
    40cc     40cc       1a     2         ./ra/aws/FreeRTOS/FreeRTOS/Source/tasks.o:(.text.vTaskInternalSetTimeOutState)
    40cc     40cc        0     1                 $t
    40cd     40cd       1a     1                 vTaskInternalSetTimeOutState
    40e6     40e6       a0     2         ./ra/aws/FreeRTOS/FreeRTOS/Source/tasks.o:(.text.xTaskCheckForTimeOut)
    40e6     40e6        0     1                 $t
    40e7     40e7       a0     1                 xTaskCheckForTimeOut
    4186     4186        e     2         ./ra/aws/FreeRTOS/FreeRTOS/Source/tasks.o:(.text.vTaskMissedYield)
    4186     4186        0     1                 $t
    4187     4187        e     1                 vTaskMissedYield
    4194     4194        c     2         ./ra/aws/FreeRTOS/FreeRTOS/Source/tasks.o:(.text.xTaskGetCurrentTaskHandle)
    4194     4194        0     1                 $t
    4195     4195        c     1                 xTaskGetCurrentTaskHandle
    41a0     41a0       26     2         ./ra/aws/FreeRTOS/FreeRTOS/Source/tasks.o:(.text.xTaskGetSchedulerState)
    41a0     41a0        0     1                 $t
    41a1     41a1       26     1                 xTaskGetSchedulerState
    41c6     41c6       1a     2         ./ra/aws/FreeRTOS/FreeRTOS/Source/tasks.o:(.text.uxTaskResetEventItemValue)
    41c6     41c6        0     1                 $t
    41c7     41c7       1a     1                 uxTaskResetEventItemValue
    41e0     41e0       b0     2         ./ra/aws/FreeRTOS/FreeRTOS/Source/tasks.o:(.text.ulTaskGenericNotifyTake)
    41e0     41e0        0     1                 $t
    41e1     41e1       b0     1                 ulTaskGenericNotifyTake
    4290     4290      164     2         ./ra/aws/FreeRTOS/FreeRTOS/Source/tasks.o:(.text.vTaskGenericNotifyGiveFromISR)
    4290     4290        0     1                 $t
    4291     4291      164     1                 vTaskGenericNotifyGiveFromISR
    43f4     43f4       94     4         ./ra/aws/FreeRTOS/FreeRTOS/Source/tasks.o:(.text.prvInitialiseNewTask)
    43f4     43f4        0     1                 $t
    43f5     43f5       94     1                 prvInitialiseNewTask
    4488     4488       2e     4         ./ra/aws/FreeRTOS/FreeRTOS/Source/tasks.o:(.text.prvIdleTask)
    4488     4488        0     1                 $t
    4489     4489       2e     1                 prvIdleTask
    44b6     44b6       7e     2         ./ra/aws/FreeRTOS/FreeRTOS/Source/timers.o:(.text.xTimerCreateTimerTask)
    44b6     44b6        0     1                 $t
    44b7     44b7       7e     1                 xTimerCreateTimerTask
    4534     4534       7a     2         ./ra/aws/FreeRTOS/FreeRTOS/Source/timers.o:(.text.prvCheckForValidListAndQueue)
    4534     4534        0     1                 $t
    4535     4535       7a     1                 prvCheckForValidListAndQueue
    45b0     45b0      190     4         ./ra/aws/FreeRTOS/FreeRTOS/Source/timers.o:(.text.prvTimerTask)
    45b0     45b0        0     1                 $t
    45b1     45b1      190     1                 prvTimerTask
    4692     4692        0     1                 $d
    469c     469c        0     1                 $t
    4740     4740       56     4         ./ra/aws/FreeRTOS/FreeRTOS/Source/timers.o:(.text.prvSampleTimeNow)
    4740     4740        0     1                 $t
    4741     4741       56     1                 prvSampleTimeNow
    4796     4796       40     2         ./ra/aws/FreeRTOS/FreeRTOS/Source/timers.o:(.text.prvProcessExpiredTimer)
    4796     4796        0     1                 $t
    4797     4797       40     1                 prvProcessExpiredTimer
    47d8     47d8       2e     4         ./ra/aws/FreeRTOS/FreeRTOS/Source/timers.o:(.text.prvReloadTimer)
    47d8     47d8        0     1                 $t
    47d9     47d9       2e     1                 prvReloadTimer
    4806     4806       40     2         ./ra/aws/FreeRTOS/FreeRTOS/Source/timers.o:(.text.prvInsertTimerInActiveList)
    4806     4806        0     1                 $t
    4807     4807       40     1                 prvInsertTimerInActiveList
    4848     4848       aa     4         ./ra/aws/FreeRTOS/FreeRTOS-Plus/Source/FreeRTOS-Plus-TCP/source/portable/BufferManagement/BufferAllocation_2.o:(.text.xNetworkBuffersInitialise)
    4848     4848        0     1                 $t
    4849     4849       aa     1                 xNetworkBuffersInitialise
    48f2     48f2       d4     2         ./ra/aws/FreeRTOS/FreeRTOS-Plus/Source/FreeRTOS-Plus-TCP/source/portable/BufferManagement/BufferAllocation_2.o:(.text.pxGetNetworkBufferWithDescriptor)
    48f2     48f2        0     1                 $t
    48f3     48f3       d4     1                 pxGetNetworkBufferWithDescriptor
    49c6     49c6       58     2         ./ra/aws/FreeRTOS/FreeRTOS-Plus/Source/FreeRTOS-Plus-TCP/source/portable/BufferManagement/BufferAllocation_2.o:(.text.vReleaseNetworkBufferAndDescriptor)
    49c6     49c6        0     1                 $t
    49c7     49c7       58     1                 vReleaseNetworkBufferAndDescriptor
    4a1e     4a1e      19c     2         ./ra/aws/FreeRTOS/FreeRTOS-Plus/Source/FreeRTOS-Plus-TCP/source/FreeRTOS_ARP.o:(.text.eARPProcessPacket)
    4a1e     4a1e        0     1                 $t
    4a1f     4a1f      19c     1                 eARPProcessPacket
    4bba     4bba       64     2         ./ra/aws/FreeRTOS/FreeRTOS-Plus/Source/FreeRTOS-Plus-TCP/source/FreeRTOS_ARP.o:(.text.FreeRTOS_OutputARPRequest_Multi)
    4bba     4bba        0     1                 $t
    4bbb     4bbb       64     1                 FreeRTOS_OutputARPRequest_Multi
    4c20     4c20      16a     4         ./ra/aws/FreeRTOS/FreeRTOS-Plus/Source/FreeRTOS-Plus-TCP/source/FreeRTOS_ARP.o:(.text.eARPGetCacheEntry)
    4c20     4c20        0     1                 $t
    4c21     4c21      16a     1                 eARPGetCacheEntry
    4d8c     4d8c       fe     4         ./ra/aws/FreeRTOS/FreeRTOS-Plus/Source/FreeRTOS-Plus-TCP/source/FreeRTOS_ARP.o:(.text.vARPRefreshCacheEntry)
    4d8c     4d8c        0     1                 $t
    4d8d     4d8d       fe     1                 vARPRefreshCacheEntry
    4e8c     4e8c       82     4         ./ra/aws/FreeRTOS/FreeRTOS-Plus/Source/FreeRTOS-Plus-TCP/source/FreeRTOS_ARP.o:(.text.vARPProcessPacketReply)
    4e8c     4e8c        0     1                 $t
    4e8d     4e8d       82     1                 vARPProcessPacketReply
    4f10     4f10       70     4         ./ra/aws/FreeRTOS/FreeRTOS-Plus/Source/FreeRTOS-Plus-TCP/source/FreeRTOS_ARP.o:(.text.xCheckRequiresARPResolution)
    4f10     4f10        0     1                 $t
    4f11     4f11       70     1                 xCheckRequiresARPResolution
    4f80     4f80       3a     4         ./ra/aws/FreeRTOS/FreeRTOS-Plus/Source/FreeRTOS-Plus-TCP/source/FreeRTOS_ARP.o:(.text.vARPRefreshCacheEntryAge)
    4f80     4f80        0     1                 $t
    4f81     4f81       3a     1                 vARPRefreshCacheEntryAge
    4fbc     4fbc       7e     4         ./ra/aws/FreeRTOS/FreeRTOS-Plus/Source/FreeRTOS-Plus-TCP/source/FreeRTOS_ARP.o:(.text.vARPAgeCache)
    4fbc     4fbc        0     1                 $t
    4fbd     4fbd       7e     1                 vARPAgeCache
    503a     503a       16     2         ./ra/aws/FreeRTOS/FreeRTOS-Plus/Source/FreeRTOS-Plus-TCP/source/FreeRTOS_ARP.o:(.text.FreeRTOS_OutputARPRequest)
    503a     503a        0     1                 $t
    503b     503b       16     1                 FreeRTOS_OutputARPRequest
    5050     5050       ac     2         ./ra/aws/FreeRTOS/FreeRTOS-Plus/Source/FreeRTOS-Plus-TCP/source/FreeRTOS_ARP.o:(.text.vARPGenerateRequestPacket)
    5050     5050        0     1                 $t
    5051     5051       ac     1                 vARPGenerateRequestPacket
    50fc     50fc       40     4         ./ra/aws/FreeRTOS/FreeRTOS-Plus/Source/FreeRTOS-Plus-TCP/source/FreeRTOS_ARP.o:(.text.FreeRTOS_ClearARP)
    50fc     50fc        0     1                 $t
    50fd     50fd       40     1                 FreeRTOS_ClearARP
    513c     513c       14     2         ./ra/aws/FreeRTOS/FreeRTOS-Plus/Source/FreeRTOS-Plus-TCP/source/FreeRTOS_DNS_Cache.o:(.text.FreeRTOS_dnsclear)
    513c     513c        0     1                 $t
    513d     513d       14     1                 FreeRTOS_dnsclear
    5150     5150       7e     2         ./ra/aws/FreeRTOS/FreeRTOS-Plus/Source/FreeRTOS-Plus-TCP/source/FreeRTOS_ICMP.o:(.text.ProcessICMPPacket)
    5150     5150        0     1                 $t
    5151     5151       7e     1                 ProcessICMPPacket
    51ce     51ce        c     2         ./ra/aws/FreeRTOS/FreeRTOS-Plus/Source/FreeRTOS-Plus-TCP/source/FreeRTOS_IP.o:(.text.FreeRTOS_GetIPTaskHandle)
    51ce     51ce        0     1                 $t
    51cf     51cf        c     1                 FreeRTOS_GetIPTaskHandle
    51da     51da       2c     2         ./ra/aws/FreeRTOS/FreeRTOS-Plus/Source/FreeRTOS-Plus-TCP/source/FreeRTOS_IP.o:(.text.vIPNetworkUpCalls)
    51da     51da        0     1                 $t
    51db     51db       2c     1                 vIPNetworkUpCalls
    5206     5206       40     2         ./ra/aws/FreeRTOS/FreeRTOS-Plus/Source/FreeRTOS-Plus-TCP/source/FreeRTOS_IP.o:(.text.FreeRTOS_NetworkDown)
    5206     5206        0     1                 $t
    5207     5207       40     1                 FreeRTOS_NetworkDown
    5246     5246       5a     2         ./ra/aws/FreeRTOS/FreeRTOS-Plus/Source/FreeRTOS-Plus-TCP/source/FreeRTOS_IP.o:(.text.xSendEventStructToIPTask)
    5246     5246        0     1                 $t
    5247     5247       5a     1                 xSendEventStructToIPTask
    52a0     52a0       42     2         ./ra/aws/FreeRTOS/FreeRTOS-Plus/Source/FreeRTOS-Plus-TCP/source/FreeRTOS_IP.o:(.text.FreeRTOS_IPInit)
    52a0     52a0        0     1                 $t
    52a1     52a1       42     1                 FreeRTOS_IPInit
    52e2     52e2       c6     2         ./ra/aws/FreeRTOS/FreeRTOS-Plus/Source/FreeRTOS-Plus-TCP/source/FreeRTOS_IP.o:(.text.FreeRTOS_IPInit_Multi)
    52e2     52e2        0     1                 $t
    52e3     52e3       c6     1                 FreeRTOS_IPInit_Multi
    53a8     53a8      326     4         ./ra/aws/FreeRTOS/FreeRTOS-Plus/Source/FreeRTOS-Plus-TCP/source/FreeRTOS_IP.o:(.text.prvIPTask)
    53a8     53a8        0     1                 $t
    53a9     53a9      326     1                 prvIPTask
    5426     5426        0     1                 $d
    5432     5432        0     1                 $t
    56ce     56ce       18     2         ./ra/aws/FreeRTOS/FreeRTOS-Plus/Source/FreeRTOS-Plus-TCP/source/FreeRTOS_IP.o:(.text.xSendEventToIPTask)
    56ce     56ce        0     1                 $t
    56cf     56cf       18     1                 xSendEventToIPTask
    56e6     56e6        c     2         ./ra/aws/FreeRTOS/FreeRTOS-Plus/Source/FreeRTOS-Plus-TCP/source/FreeRTOS_IP.o:(.text.xIPIsNetworkTaskReady)
    56e6     56e6        0     1                 $t
    56e7     56e7        c     1                 xIPIsNetworkTaskReady
    56f2     56f2       a6     2         ./ra/aws/FreeRTOS/FreeRTOS-Plus/Source/FreeRTOS-Plus-TCP/source/FreeRTOS_IP.o:(.text.eConsiderFrameForProcessing)
    56f2     56f2        0     1                 $t
    56f3     56f3       a6     1                 eConsiderFrameForProcessing
    5798     5798       c6     2         ./ra/aws/FreeRTOS/FreeRTOS-Plus/Source/FreeRTOS-Plus-TCP/source/FreeRTOS_IP.o:(.text.vReturnEthernetFrame)
    5798     5798        0     1                 $t
    5799     5799       c6     1                 vReturnEthernetFrame
    585e     585e       16     2         ./ra/aws/FreeRTOS/FreeRTOS-Plus/Source/FreeRTOS-Plus-TCP/source/FreeRTOS_IP.o:(.text.FreeRTOS_UpdateMACAddress)
    585e     585e        0     1                 $t
    585f     585f       16     1                 FreeRTOS_UpdateMACAddress
    5874     5874       14     2         ./ra/aws/FreeRTOS/FreeRTOS-Plus/Source/FreeRTOS-Plus-TCP/source/FreeRTOS_IP.o:(.text.uxIPHeaderSizePacket)
    5874     5874        0     1                 $t
    5875     5875       14     1                 uxIPHeaderSizePacket
    5888     5888       10     2         ./ra/aws/FreeRTOS/FreeRTOS-Plus/Source/FreeRTOS-Plus-TCP/source/FreeRTOS_IP.o:(.text.uxIPHeaderSizeSocket)
    5888     5888        0     1                 $t
    5889     5889       10     1                 uxIPHeaderSizeSocket
    5898     5898       58     4         ./ra/aws/FreeRTOS/FreeRTOS-Plus/Source/FreeRTOS-Plus-TCP/source/FreeRTOS_IP_Timers.o:(.text.xCalculateSleepTime)
    5898     5898        0     1                 $t
    5899     5899       58     1                 xCalculateSleepTime
    58f0     58f0       f0     4         ./ra/aws/FreeRTOS/FreeRTOS-Plus/Source/FreeRTOS-Plus-TCP/source/FreeRTOS_IP_Timers.o:(.text.vCheckNetworkTimers)
    58f0     58f0        0     1                 $t
    58f1     58f1       f0     1                 vCheckNetworkTimers
    59e0     59e0       50     2         ./ra/aws/FreeRTOS/FreeRTOS-Plus/Source/FreeRTOS-Plus-TCP/source/FreeRTOS_IP_Timers.o:(.text.prvIPTimerCheck)
    59e0     59e0        0     1                 $t
    59e1     59e1       50     1                 prvIPTimerCheck
    5a30     5a30       1a     2         ./ra/aws/FreeRTOS/FreeRTOS-Plus/Source/FreeRTOS-Plus-TCP/source/FreeRTOS_IP_Timers.o:(.text.vIPSetARPResolutionTimerEnableState)
    5a30     5a30        0     1                 $t
    5a31     5a31       1a     1                 vIPSetARPResolutionTimerEnableState
    5a4a     5a4a        c     2         ./ra/aws/FreeRTOS/FreeRTOS-Plus/Source/FreeRTOS-Plus-TCP/source/FreeRTOS_IP_Timers.o:(.text.vSetAllNetworksUp)
    5a4a     5a4a        0     1                 $t
    5a4b     5a4b        c     1                 vSetAllNetworksUp
    5a56     5a56       28     2         ./ra/aws/FreeRTOS/FreeRTOS-Plus/Source/FreeRTOS-Plus-TCP/source/FreeRTOS_IP_Timers.o:(.text.vIPTimerStartARPResolution)
    5a56     5a56        0     1                 $t
    5a57     5a57       28     1                 vIPTimerStartARPResolution
    5a7e     5a7e       2a     2         ./ra/aws/FreeRTOS/FreeRTOS-Plus/Source/FreeRTOS-Plus-TCP/source/FreeRTOS_IP_Timers.o:(.text.vTCPTimerReload)
    5a7e     5a7e        0     1                 $t
    5a7f     5a7f       2a     1                 vTCPTimerReload
    5aa8     5aa8       2a     2         ./ra/aws/FreeRTOS/FreeRTOS-Plus/Source/FreeRTOS-Plus-TCP/source/FreeRTOS_IP_Timers.o:(.text.vARPTimerReload)
    5aa8     5aa8        0     1                 $t
    5aa9     5aa9       2a     1                 vARPTimerReload
    5ad2     5ad2       2a     2         ./ra/aws/FreeRTOS/FreeRTOS-Plus/Source/FreeRTOS-Plus-TCP/source/FreeRTOS_IP_Timers.o:(.text.vNetworkTimerReload)
    5ad2     5ad2        0     1                 $t
    5ad3     5ad3       2a     1                 vNetworkTimerReload
    5afc     5afc       1c     2         ./ra/aws/FreeRTOS/FreeRTOS-Plus/Source/FreeRTOS-Plus-TCP/source/FreeRTOS_IP_Timers.o:(.text.vIPSetTCPTimerExpiredState)
    5afc     5afc        0     1                 $t
    5afd     5afd       1c     1                 vIPSetTCPTimerExpiredState
    5b18     5b18       1a     2         ./ra/aws/FreeRTOS/FreeRTOS-Plus/Source/FreeRTOS-Plus-TCP/source/FreeRTOS_IP_Timers.o:(.text.vIPSetARPTimerEnableState)
    5b18     5b18        0     1                 $t
    5b19     5b19       1a     1                 vIPSetARPTimerEnableState
    5b32     5b32       16     2         ./ra/aws/FreeRTOS/FreeRTOS-Plus/Source/FreeRTOS-Plus-TCP/source/FreeRTOS_IP_Utils.o:(.text.xIsCallingFromIPTask)
    5b32     5b32        0     1                 $t
    5b33     5b33       16     1                 xIsCallingFromIPTask
    5b48     5b48       f0     4         ./ra/aws/FreeRTOS/FreeRTOS-Plus/Source/FreeRTOS-Plus-TCP/source/FreeRTOS_IP_Utils.o:(.text.prvProcessNetworkDownEvent)
    5b48     5b48        0     1                 $t
    5b49     5b49       f0     1                 prvProcessNetworkDownEvent
    5c38     5c38       7c     2         ./ra/aws/FreeRTOS/FreeRTOS-Plus/Source/FreeRTOS-Plus-TCP/source/FreeRTOS_IP_Utils.o:(.text.vPreCheckConfigs)
    5c38     5c38        0     1                 $t
    5c39     5c39       7c     1                 vPreCheckConfigs
    5cb4     5cb4      1ac     2         ./ra/aws/FreeRTOS/FreeRTOS-Plus/Source/FreeRTOS-Plus-TCP/source/FreeRTOS_IP_Utils.o:(.text.usGenerateProtocolChecksum)
    5cb4     5cb4        0     1                 $t
    5cb5     5cb5      1ac     1                 usGenerateProtocolChecksum
    5e60     5e60       d6     4         ./ra/aws/FreeRTOS/FreeRTOS-Plus/Source/FreeRTOS-Plus-TCP/source/FreeRTOS_IP_Utils.o:(.text.usGenerateChecksum)
    5e60     5e60        0     1                 $t
    5e61     5e61       d6     1                 usGenerateChecksum
    5f36     5f36        8     2         ./ra/aws/FreeRTOS/FreeRTOS-Plus/Source/FreeRTOS-Plus-TCP/source/FreeRTOS_IP_Utils.o:(.text.FreeRTOS_min_int32)
    5f36     5f36        0     1                 $t
    5f37     5f37        8     1                 FreeRTOS_min_int32
    5f3e     5f3e        8     2         ./ra/aws/FreeRTOS/FreeRTOS-Plus/Source/FreeRTOS-Plus-TCP/source/FreeRTOS_IP_Utils.o:(.text.FreeRTOS_min_uint32)
    5f3e     5f3e        0     1                 $t
    5f3f     5f3f        8     1                 FreeRTOS_min_uint32
    5f46     5f46        8     2         ./ra/aws/FreeRTOS/FreeRTOS-Plus/Source/FreeRTOS-Plus-TCP/source/FreeRTOS_IP_Utils.o:(.text.FreeRTOS_min_size_t)
    5f46     5f46        0     1                 $t
    5f47     5f47        8     1                 FreeRTOS_min_size_t
    5f4e     5f4e       30     2         ./ra/aws/FreeRTOS/FreeRTOS-Plus/Source/FreeRTOS-Plus-TCP/source/FreeRTOS_IP_Utils.o:(.text.FreeRTOS_round_up)
[...]
                                                  ./ra/aws/FreeRTOS/FreeRTOS-Plus/Source/FreeRTOS-Plus-TCP/source/FreeRTOS_TCP_State_Handling.o
ulTCPWindowTxAck                                  ./ra/aws/FreeRTOS/FreeRTOS-Plus/Source/FreeRTOS-Plus-TCP/source/FreeRTOS_Tiny_TCP.o
                                                  ./ra/aws/FreeRTOS/FreeRTOS-Plus/Source/FreeRTOS-Plus-TCP/source/FreeRTOS_TCP_State_Handling.o
xTCPWindowRxEmpty                                 ./ra/aws/FreeRTOS/FreeRTOS-Plus/Source/FreeRTOS-Plus-TCP/source/FreeRTOS_Tiny_TCP.o
                                                  ./ra/aws/FreeRTOS/FreeRTOS-Plus/Source/FreeRTOS-Plus-TCP/source/FreeRTOS_TCP_State_Handling.o
xTCPWindowTxDone                                  ./ra/aws/FreeRTOS/FreeRTOS-Plus/Source/FreeRTOS-Plus-TCP/source/FreeRTOS_Tiny_TCP.o
                                                  ./ra/aws/FreeRTOS/FreeRTOS-Plus/Source/FreeRTOS-Plus-TCP/source/FreeRTOS_TCP_State_Handling.o
                                                  ./ra/aws/FreeRTOS/FreeRTOS-Plus/Source/FreeRTOS-Plus-TCP/source/FreeRTOS_TCP_Transmission.o
prvSendData                                       ./ra/aws/FreeRTOS/FreeRTOS-Plus/Source/FreeRTOS-Plus-TCP/source/FreeRTOS_TCP_Transmission.o
                                                  ./ra/aws/FreeRTOS/FreeRTOS-Plus/Source/FreeRTOS-Plus-TCP/source/FreeRTOS_TCP_State_Handling.o
prvTCPPrepareSend                                 ./ra/aws/FreeRTOS/FreeRTOS-Plus/Source/FreeRTOS-Plus-TCP/source/FreeRTOS_TCP_Transmission.o
                                                  ./ra/aws/FreeRTOS/FreeRTOS-Plus/Source/FreeRTOS-Plus-TCP/source/FreeRTOS_TCP_State_Handling.o
prvHandleListen_IPV4                              ./ra/aws/FreeRTOS/FreeRTOS-Plus/Source/FreeRTOS-Plus-TCP/source/FreeRTOS_TCP_State_Handling_IPv4.o
                                                  ./ra/aws/FreeRTOS/FreeRTOS-Plus/Source/FreeRTOS-Plus-TCP/source/FreeRTOS_TCP_State_Handling.o
prvTCPSocketCopy                                  ./ra/aws/FreeRTOS/FreeRTOS-Plus/Source/FreeRTOS-Plus-TCP/source/FreeRTOS_TCP_State_Handling.o
                                                  ./ra/aws/FreeRTOS/FreeRTOS-Plus/Source/FreeRTOS-Plus-TCP/source/FreeRTOS_TCP_State_Handling_IPv4.o
prvSocketSetMSS                                   ./ra/aws/FreeRTOS/FreeRTOS-Plus/Source/FreeRTOS-Plus-TCP/source/FreeRTOS_TCP_Utils.o
                                                  ./ra/aws/FreeRTOS/FreeRTOS-Plus/Source/FreeRTOS-Plus-TCP/source/FreeRTOS_TCP_State_Handling_IPv4.o
                                                  ./ra/aws/FreeRTOS/FreeRTOS-Plus/Source/FreeRTOS-Plus-TCP/source/FreeRTOS_TCP_Transmission_IPv4.o
prvTCPCreateWindow                                ./ra/aws/FreeRTOS/FreeRTOS-Plus/Source/FreeRTOS-Plus-TCP/source/FreeRTOS_TCP_Transmission.o
                                                  ./ra/aws/FreeRTOS/FreeRTOS-Plus/Source/FreeRTOS-Plus-TCP/source/FreeRTOS_TCP_State_Handling_IPv4.o
                                                  ./ra/aws/FreeRTOS/FreeRTOS-Plus/Source/FreeRTOS-Plus-TCP/source/FreeRTOS_TCP_Transmission_IPv4.o
prvTCPSendRepeated                                ./ra/aws/FreeRTOS/FreeRTOS-Plus/Source/FreeRTOS-Plus-TCP/source/FreeRTOS_TCP_Transmission.o
prvTCPPrepareConnect_IPV4                         ./ra/aws/FreeRTOS/FreeRTOS-Plus/Source/FreeRTOS-Plus-TCP/source/FreeRTOS_TCP_Transmission_IPv4.o
                                                  ./ra/aws/FreeRTOS/FreeRTOS-Plus/Source/FreeRTOS-Plus-TCP/source/FreeRTOS_TCP_Transmission.o
prvTCPReturnPacket                                ./ra/aws/FreeRTOS/FreeRTOS-Plus/Source/FreeRTOS-Plus-TCP/source/FreeRTOS_TCP_Transmission.o
                                                  ./ra/aws/FreeRTOS/FreeRTOS-Plus/Source/FreeRTOS-Plus-TCP/source/FreeRTOS_TCP_Transmission_IPv4.o
prvTCPReturnPacket_IPV4                           ./ra/aws/FreeRTOS/FreeRTOS-Plus/Source/FreeRTOS-Plus-TCP/source/FreeRTOS_TCP_Transmission_IPv4.o
                                                  ./ra/aws/FreeRTOS/FreeRTOS-Plus/Source/FreeRTOS-Plus-TCP/source/FreeRTOS_TCP_Transmission.o
ulTCPWindowTxGet                                  ./ra/aws/FreeRTOS/FreeRTOS-Plus/Source/FreeRTOS-Plus-TCP/source/FreeRTOS_Tiny_TCP.o
                                                  ./ra/aws/FreeRTOS/FreeRTOS-Plus/Source/FreeRTOS-Plus-TCP/source/FreeRTOS_TCP_Transmission.o
prvTCPBufferResize                                ./ra/aws/FreeRTOS/FreeRTOS-Plus/Source/FreeRTOS-Plus-TCP/source/FreeRTOS_TCP_Transmission.o
prvTCPReturn_CheckTCPWindow                       ./ra/aws/FreeRTOS/FreeRTOS-Plus/Source/FreeRTOS-Plus-TCP/source/FreeRTOS_TCP_Transmission.o
                                                  ./ra/aws/FreeRTOS/FreeRTOS-Plus/Source/FreeRTOS-Plus-TCP/source/FreeRTOS_TCP_Transmission_IPv4.o
prvTCPReturn_SetSequenceNumber                    ./ra/aws/FreeRTOS/FreeRTOS-Plus/Source/FreeRTOS-Plus-TCP/source/FreeRTOS_TCP_Transmission.o
                                                  ./ra/aws/FreeRTOS/FreeRTOS-Plus/Source/FreeRTOS-Plus-TCP/source/FreeRTOS_TCP_Transmission_IPv4.o
xTCPWindowCreate                                  ./ra/aws/FreeRTOS/FreeRTOS-Plus/Source/FreeRTOS-Plus-TCP/source/FreeRTOS_TCP_WIN.o
                                                  ./ra/aws/FreeRTOS/FreeRTOS-Plus/Source/FreeRTOS-Plus-TCP/source/FreeRTOS_TCP_Transmission.o
prvTCPReturn_SetEndPoint                          ./ra/aws/FreeRTOS/FreeRTOS-Plus/Source/FreeRTOS-Plus-TCP/source/FreeRTOS_TCP_Transmission.o
                                                  ./ra/aws/FreeRTOS/FreeRTOS-Plus/Source/FreeRTOS-Plus-TCP/source/FreeRTOS_TCP_Transmission_IPv4.o
lTCPWindowTxAdd                                   ./ra/aws/FreeRTOS/FreeRTOS-Plus/Source/FreeRTOS-Plus-TCP/source/FreeRTOS_Tiny_TCP.o
                                                  ./ra/aws/FreeRTOS/FreeRTOS-Plus/Source/FreeRTOS-Plus-TCP/source/FreeRTOS_TCP_Transmission.o
prvTCPSendSpecialPktHelper_IPV4                   ./ra/aws/FreeRTOS/FreeRTOS-Plus/Source/FreeRTOS-Plus-TCP/source/FreeRTOS_TCP_Transmission_IPv4.o
                                                  ./ra/aws/FreeRTOS/FreeRTOS-Plus/Source/FreeRTOS-Plus-TCP/source/FreeRTOS_TCP_Transmission.o
prvSocketSetMSS_IPV4                              ./ra/aws/FreeRTOS/FreeRTOS-Plus/Source/FreeRTOS-Plus-TCP/source/FreeRTOS_TCP_Utils_IPv4.o
                                                  ./ra/aws/FreeRTOS/FreeRTOS-Plus/Source/FreeRTOS-Plus-TCP/source/FreeRTOS_TCP_Utils.o
vProcessGeneratedUDPPacket_IPv4                   ./ra/aws/FreeRTOS/FreeRTOS-Plus/Source/FreeRTOS-Plus-TCP/source/FreeRTOS_UDP_IPv4.o
                                                  ./ra/aws/FreeRTOS/FreeRTOS-Plus/Source/FreeRTOS-Plus-TCP/source/FreeRTOS_UDP_IP.o
xProcessReceivedUDPPacket_IPv4                    ./ra/aws/FreeRTOS/FreeRTOS-Plus/Source/FreeRTOS-Plus-TCP/source/FreeRTOS_UDP_IPv4.o
                                                  ./ra/aws/FreeRTOS/FreeRTOS-Plus/Source/FreeRTOS-Plus-TCP/source/FreeRTOS_UDP_IP.o
bzero                                             C:\Renesas\RA\e2studio_v2025-12_fsp_v6.4.0\toolchains\llvm_arm\ATfE-21.1.1-Windows-x86_64\bin\..\lib\clang-runtimes/arm-none-eabi/armv7m_hard_fpv4_sp_d16_exn_rtti_unaligned_size\lib\libc.a(bzero.c.o)
__aeabi_memclr8                                   C:\Renesas\RA\e2studio_v2025-12_fsp_v6.4.0\toolchains\llvm_arm\ATfE-21.1.1-Windows-x86_64\bin\..\lib\clang-runtimes/arm-none-eabi/armv7m_hard_fpv4_sp_d16_exn_rtti_unaligned_size\lib\libc.a(bzero.c.o)
__aeabi_memcpy8                                   C:\Renesas\RA\e2studio_v2025-12_fsp_v6.4.0\toolchains\llvm_arm\ATfE-21.1.1-Windows-x86_64\bin\..\lib\clang-runtimes/arm-none-eabi/armv7m_hard_fpv4_sp_d16_exn_rtti_unaligned_size\lib\libc.a(memcpy.c.o)
memmove                                           C:\Renesas\RA\e2studio_v2025-12_fsp_v6.4.0\toolchains\llvm_arm\ATfE-21.1.1-Windows-x86_64\bin\..\lib\clang-runtimes/arm-none-eabi/armv7m_hard_fpv4_sp_d16_exn_rtti_unaligned_size\lib\libc.a(memmove.c.o)
__aeabi_memmove4                                  C:\Renesas\RA\e2studio_v2025-12_fsp_v6.4.0\toolchains\llvm_arm\ATfE-21.1.1-Windows-x86_64\bin\..\lib\clang-runtimes/arm-none-eabi/armv7m_hard_fpv4_sp_d16_exn_rtti_unaligned_size\lib\libc.a(memmove.c.o)
__aeabi_memmove8                                  C:\Renesas\RA\e2studio_v2025-12_fsp_v6.4.0\toolchains\llvm_arm\ATfE-21.1.1-Windows-x86_64\bin\..\lib\clang-runtimes/arm-none-eabi/armv7m_hard_fpv4_sp_d16_exn_rtti_unaligned_size\lib\libc.a(memmove.c.o)
random                                            C:\Renesas\RA\e2studio_v2025-12_fsp_v6.4.0\toolchains\llvm_arm\ATfE-21.1.1-Windows-x86_64\bin\..\lib\clang-runtimes/arm-none-eabi/armv7m_hard_fpv4_sp_d16_exn_rtti_unaligned_size\lib\libc.a(libc_stdlib_random.c.o)
                                                  C:\Renesas\RA\e2studio_v2025-12_fsp_v6.4.0\toolchains\llvm_arm\ATfE-21.1.1-Windows-x86_64\bin\..\lib\clang-runtimes/arm-none-eabi/armv7m_hard_fpv4_sp_d16_exn_rtti_unaligned_size\lib\libc.a(libc_stdlib_rand.c.o)
_rand_next                                        C:\Renesas\RA\e2studio_v2025-12_fsp_v6.4.0\toolchains\llvm_arm\ATfE-21.1.1-Windows-x86_64\bin\..\lib\clang-runtimes/arm-none-eabi/armv7m_hard_fpv4_sp_d16_exn_rtti_unaligned_size\lib\libc.a(libc_stdlib_random.c.o)
__tdata_source                                    fsp_gen.lld:428
                                                  C:\Renesas\RA\e2studio_v2025-12_fsp_v6.4.0\toolchains\llvm_arm\ATfE-21.1.1-Windows-x86_64\bin\..\lib\clang-runtimes/arm-none-eabi/armv7m_hard_fpv4_sp_d16_exn_rtti_unaligned_size\lib\libc.a(libc_picolib_inittls.c.o)
__tdata_size                                      fsp_gen.lld:429
                                                  C:\Renesas\RA\e2studio_v2025-12_fsp_v6.4.0\toolchains\llvm_arm\ATfE-21.1.1-Windows-x86_64\bin\..\lib\clang-runtimes/arm-none-eabi/armv7m_hard_fpv4_sp_d16_exn_rtti_unaligned_size\lib\libc.a(libc_picolib_inittls.c.o)
__tbss_offset                                     fsp_gen.lld:430
                                                  C:\Renesas\RA\e2studio_v2025-12_fsp_v6.4.0\toolchains\llvm_arm\ATfE-21.1.1-Windows-x86_64\bin\..\lib\clang-runtimes/arm-none-eabi/armv7m_hard_fpv4_sp_d16_exn_rtti_unaligned_size\lib\libc.a(libc_picolib_inittls.c.o)
__tbss_size                                       fsp_gen.lld:431
                                                  C:\Renesas\RA\e2studio_v2025-12_fsp_v6.4.0\toolchains\llvm_arm\ATfE-21.1.1-Windows-x86_64\bin\..\lib\clang-runtimes/arm-none-eabi/armv7m_hard_fpv4_sp_d16_exn_rtti_unaligned_size\lib\libc.a(libc_picolib_inittls.c.o)
__arm32_tls_tcb_offset                            fsp_gen.lld:432
                                                  C:\Renesas\RA\e2studio_v2025-12_fsp_v6.4.0\toolchains\llvm_arm\ATfE-21.1.1-Windows-x86_64\bin\..\lib\clang-runtimes/arm-none-eabi/armv7m_hard_fpv4_sp_d16_exn_rtti_unaligned_size\lib\libc.a(libc_picolib_machine_arm_set_tls.c.o)
__tls                                             C:\Renesas\RA\e2studio_v2025-12_fsp_v6.4.0\toolchains\llvm_arm\ATfE-21.1.1-Windows-x86_64\bin\..\lib\clang-runtimes/arm-none-eabi/armv7m_hard_fpv4_sp_d16_exn_rtti_unaligned_size\lib\libc.a(libc_picolib_machine_arm_tls.c.o)
                                                  C:\Renesas\RA\e2studio_v2025-12_fsp_v6.4.0\toolchains\llvm_arm\ATfE-21.1.1-Windows-x86_64\bin\..\lib\clang-runtimes/arm-none-eabi/armv7m_hard_fpv4_sp_d16_exn_rtti_unaligned_size\lib\libc.a(libc_picolib_machine_arm_set_tls.c.o)
                                                  C:\Renesas\RA\e2studio_v2025-12_fsp_v6.4.0\toolchains\llvm_arm\ATfE-21.1.1-Windows-x86_64\bin\..\lib\clang-runtimes/arm-none-eabi/armv7m_hard_fpv4_sp_d16_exn_rtti_unaligned_size\lib\libc.a(libc_picolib_machine_arm_read_tp.S.o)
vfprintf                                          C:\Renesas\RA\e2studio_v2025-12_fsp_v6.4.0\toolchains\llvm_arm\ATfE-21.1.1-Windows-x86_64\bin\..\lib\clang-runtimes/arm-none-eabi/armv7m_hard_fpv4_sp_d16_exn_rtti_unaligned_size\lib\libc.a(libc_tinystdio_vfprintf.c.o)
                                                  C:\Renesas\RA\e2studio_v2025-12_fsp_v6.4.0\toolchains\llvm_arm\ATfE-21.1.1-Windows-x86_64\bin\..\lib\clang-runtimes/arm-none-eabi/armv7m_hard_fpv4_sp_d16_exn_rtti_unaligned_size\lib\libc.a(libc_tinystdio_snprintf.c.o)
__file_str_put                                    C:\Renesas\RA\e2studio_v2025-12_fsp_v6.4.0\toolchains\llvm_arm\ATfE-21.1.1-Windows-x86_64\bin\..\lib\clang-runtimes/arm-none-eabi/armv7m_hard_fpv4_sp_d16_exn_rtti_unaligned_size\lib\libc.a(libc_tinystdio_filestrput.c.o)
                                                  C:\Renesas\RA\e2studio_v2025-12_fsp_v6.4.0\toolchains\llvm_arm\ATfE-21.1.1-Windows-x86_64\bin\..\lib\clang-runtimes/arm-none-eabi/armv7m_hard_fpv4_sp_d16_exn_rtti_unaligned_size\lib\libc.a(libc_tinystdio_snprintf.c.o)
__dtox_engine                                     C:\Renesas\RA\e2studio_v2025-12_fsp_v6.4.0\toolchains\llvm_arm\ATfE-21.1.1-Windows-x86_64\bin\..\lib\clang-runtimes/arm-none-eabi/armv7m_hard_fpv4_sp_d16_exn_rtti_unaligned_size\lib\libc.a(libc_tinystdio_dtox_engine.c.o)
                                                  C:\Renesas\RA\e2studio_v2025-12_fsp_v6.4.0\toolchains\llvm_arm\ATfE-21.1.1-Windows-x86_64\bin\..\lib\clang-runtimes/arm-none-eabi/armv7m_hard_fpv4_sp_d16_exn_rtti_unaligned_size\lib\libc.a(libc_tinystdio_vfprintf.c.o)
__dtoa_engine                                     C:\Renesas\RA\e2studio_v2025-12_fsp_v6.4.0\toolchains\llvm_arm\ATfE-21.1.1-Windows-x86_64\bin\..\lib\clang-runtimes/arm-none-eabi/armv7m_hard_fpv4_sp_d16_exn_rtti_unaligned_size\lib\libc.a(libc_tinystdio_dtoa_ryu.c.o)
                                                  C:\Renesas\RA\e2studio_v2025-12_fsp_v6.4.0\toolchains\llvm_arm\ATfE-21.1.1-Windows-x86_64\bin\..\lib\clang-runtimes/arm-none-eabi/armv7m_hard_fpv4_sp_d16_exn_rtti_unaligned_size\lib\libc.a(libc_tinystdio_vfprintf.c.o)
strnlen                                           C:\Renesas\RA\e2studio_v2025-12_fsp_v6.4.0\toolchains\llvm_arm\ATfE-21.1.1-Windows-x86_64\bin\..\lib\clang-runtimes/arm-none-eabi/armv7m_hard_fpv4_sp_d16_exn_rtti_unaligned_size\lib\libc.a(libc_string_strnlen.c.o)
                                                  C:\Renesas\RA\e2studio_v2025-12_fsp_v6.4.0\toolchains\llvm_arm\ATfE-21.1.1-Windows-x86_64\bin\..\lib\clang-runtimes/arm-none-eabi/armv7m_hard_fpv4_sp_d16_exn_rtti_unaligned_size\lib\libc.a(libc_tinystdio_vfprintf.c.o)
__d_vfprintf                                      C:\Renesas\RA\e2studio_v2025-12_fsp_v6.4.0\toolchains\llvm_arm\ATfE-21.1.1-Windows-x86_64\bin\..\lib\clang-runtimes/arm-none-eabi/armv7m_hard_fpv4_sp_d16_exn_rtti_unaligned_size\lib\libc.a(libc_tinystdio_vfprintf.c.o)
__log10Pow2                                       C:\Renesas\RA\e2studio_v2025-12_fsp_v6.4.0\toolchains\llvm_arm\ATfE-21.1.1-Windows-x86_64\bin\..\lib\clang-runtimes/arm-none-eabi/armv7m_hard_fpv4_sp_d16_exn_rtti_unaligned_size\lib\libc.a(libc_tinystdio_ryu_log10.c.o)
                                                  C:\Renesas\RA\e2studio_v2025-12_fsp_v6.4.0\toolchains\llvm_arm\ATfE-21.1.1-Windows-x86_64\bin\..\lib\clang-runtimes/arm-none-eabi/armv7m_hard_fpv4_sp_d16_exn_rtti_unaligned_size\lib\libc.a(libc_tinystdio_dtoa_ryu.c.o)
__pow5bits                                        C:\Renesas\RA\e2studio_v2025-12_fsp_v6.4.0\toolchains\llvm_arm\ATfE-21.1.1-Windows-x86_64\bin\..\lib\clang-runtimes/arm-none-eabi/armv7m_hard_fpv4_sp_d16_exn_rtti_unaligned_size\lib\libc.a(libc_tinystdio_ryu_pow5bits.c.o)
                                                  C:\Renesas\RA\e2studio_v2025-12_fsp_v6.4.0\toolchains\llvm_arm\ATfE-21.1.1-Windows-x86_64\bin\..\lib\clang-runtimes/arm-none-eabi/armv7m_hard_fpv4_sp_d16_exn_rtti_unaligned_size\lib\libc.a(libc_tinystdio_dtoa_ryu.c.o)
                                                  C:\Renesas\RA\e2studio_v2025-12_fsp_v6.4.0\toolchains\llvm_arm\ATfE-21.1.1-Windows-x86_64\bin\..\lib\clang-runtimes/arm-none-eabi/armv7m_hard_fpv4_sp_d16_exn_rtti_unaligned_size\lib\libc.a(libc_tinystdio_ryu_table.c.o)
__double_computeInvPow5                           C:\Renesas\RA\e2studio_v2025-12_fsp_v6.4.0\toolchains\llvm_arm\ATfE-21.1.1-Windows-x86_64\bin\..\lib\clang-runtimes/arm-none-eabi/armv7m_hard_fpv4_sp_d16_exn_rtti_unaligned_size\lib\libc.a(libc_tinystdio_ryu_table.c.o)
                                                  C:\Renesas\RA\e2studio_v2025-12_fsp_v6.4.0\toolchains\llvm_arm\ATfE-21.1.1-Windows-x86_64\bin\..\lib\clang-runtimes/arm-none-eabi/armv7m_hard_fpv4_sp_d16_exn_rtti_unaligned_size\lib\libc.a(libc_tinystdio_dtoa_ryu.c.o)
__pow5Factor                                      C:\Renesas\RA\e2studio_v2025-12_fsp_v6.4.0\toolchains\llvm_arm\ATfE-21.1.1-Windows-x86_64\bin\..\lib\clang-runtimes/arm-none-eabi/armv7m_hard_fpv4_sp_d16_exn_rtti_unaligned_size\lib\libc.a(libc_tinystdio_ryu_table.c.o)
                                                  C:\Renesas\RA\e2studio_v2025-12_fsp_v6.4.0\toolchains\llvm_arm\ATfE-21.1.1-Windows-x86_64\bin\..\lib\clang-runtimes/arm-none-eabi/armv7m_hard_fpv4_sp_d16_exn_rtti_unaligned_size\lib\libc.a(libc_tinystdio_dtoa_ryu.c.o)
__log10Pow5                                       C:\Renesas\RA\e2studio_v2025-12_fsp_v6.4.0\toolchains\llvm_arm\ATfE-21.1.1-Windows-x86_64\bin\..\lib\clang-runtimes/arm-none-eabi/armv7m_hard_fpv4_sp_d16_exn_rtti_unaligned_size\lib\libc.a(libc_tinystdio_ryu_log10.c.o)
                                                  C:\Renesas\RA\e2studio_v2025-12_fsp_v6.4.0\toolchains\llvm_arm\ATfE-21.1.1-Windows-x86_64\bin\..\lib\clang-runtimes/arm-none-eabi/armv7m_hard_fpv4_sp_d16_exn_rtti_unaligned_size\lib\libc.a(libc_tinystdio_dtoa_ryu.c.o)
__double_computePow5                              C:\Renesas\RA\e2studio_v2025-12_fsp_v6.4.0\toolchains\llvm_arm\ATfE-21.1.1-Windows-x86_64\bin\..\lib\clang-runtimes/arm-none-eabi/armv7m_hard_fpv4_sp_d16_exn_rtti_unaligned_size\lib\libc.a(libc_tinystdio_ryu_table.c.o)
                                                  C:\Renesas\RA\e2studio_v2025-12_fsp_v6.4.0\toolchains\llvm_arm\ATfE-21.1.1-Windows-x86_64\bin\..\lib\clang-runtimes/arm-none-eabi/armv7m_hard_fpv4_sp_d16_exn_rtti_unaligned_size\lib\libc.a(libc_tinystdio_dtoa_ryu.c.o)
__umul128                                         C:\Renesas\RA\e2studio_v2025-12_fsp_v6.4.0\toolchains\llvm_arm\ATfE-21.1.1-Windows-x86_64\bin\..\lib\clang-runtimes/arm-none-eabi/armv7m_hard_fpv4_sp_d16_exn_rtti_unaligned_size\lib\libc.a(libc_tinystdio_ryu_umul128.c.o)
                                                  C:\Renesas\RA\e2studio_v2025-12_fsp_v6.4.0\toolchains\llvm_arm\ATfE-21.1.1-Windows-x86_64\bin\..\lib\clang-runtimes/arm-none-eabi/armv7m_hard_fpv4_sp_d16_exn_rtti_unaligned_size\lib\libc.a(libc_tinystdio_dtoa_ryu.c.o)
                                                  C:\Renesas\RA\e2studio_v2025-12_fsp_v6.4.0\toolchains\llvm_arm\ATfE-21.1.1-Windows-x86_64\bin\..\lib\clang-runtimes/arm-none-eabi/armv7m_hard_fpv4_sp_d16_exn_rtti_unaligned_size\lib\libc.a(libc_tinystdio_ryu_table.c.o)
__shiftright128                                   C:\Renesas\RA\e2studio_v2025-12_fsp_v6.4.0\toolchains\llvm_arm\ATfE-21.1.1-Windows-x86_64\bin\..\lib\clang-runtimes/arm-none-eabi/armv7m_hard_fpv4_sp_d16_exn_rtti_unaligned_size\lib\libc.a(libc_tinystdio_ryu_umul128.c.o)
                                                  C:\Renesas\RA\e2studio_v2025-12_fsp_v6.4.0\toolchains\llvm_arm\ATfE-21.1.1-Windows-x86_64\bin\..\lib\clang-runtimes/arm-none-eabi/armv7m_hard_fpv4_sp_d16_exn_rtti_unaligned_size\lib\libc.a(libc_tinystdio_dtoa_ryu.c.o)
                                                  C:\Renesas\RA\e2studio_v2025-12_fsp_v6.4.0\toolchains\llvm_arm\ATfE-21.1.1-Windows-x86_64\bin\..\lib\clang-runtimes/arm-none-eabi/armv7m_hard_fpv4_sp_d16_exn_rtti_unaligned_size\lib\libc.a(libc_tinystdio_ryu_table.c.o)
